Component: ARM Compiler 5.06 update 4 (build 422) Tool: armlink [4d35d2]

==============================================================================

Section Cross References

    tm1638.o(i.TM1638_Init) refers to gpio.o(i.GPIOPinWrite) for GPIOPinWrite
    tm1638.o(i.TM1638_Init) refers to tm1638.o(i.TM1638_Serial_Input) for TM1638_Serial_Input
    tm1638.o(i.TM1638_Readkeyboard) refers to gpio.o(i.GPIOPinWrite) for GPIOPinWrite
    tm1638.o(i.TM1638_Readkeyboard) refers to tm1638.o(i.TM1638_Serial_Input) for TM1638_Serial_Input
    tm1638.o(i.TM1638_Readkeyboard) refers to tm1638.o(i.TM1638_Serial_Output) for TM1638_Serial_Output
    tm1638.o(i.TM1638_RefreshDIGIandLED) refers to tm1638.o(i.TM1638_DigiSegment) for TM1638_DigiSegment
    tm1638.o(i.TM1638_RefreshDIGIandLED) refers to gpio.o(i.GPIOPinWrite) for GPIOPinWrite
    tm1638.o(i.TM1638_RefreshDIGIandLED) refers to tm1638.o(i.TM1638_Serial_Input) for TM1638_Serial_Input
    tm1638.o(i.TM1638_Serial_Input) refers to gpio.o(i.GPIOPinTypeGPIOOutput) for GPIOPinTypeGPIOOutput
    tm1638.o(i.TM1638_Serial_Input) refers to gpio.o(i.GPIOPinWrite) for GPIOPinWrite
    tm1638.o(i.TM1638_Serial_Output) refers to gpio.o(i.GPIOPinTypeGPIOInput) for GPIOPinTypeGPIOInput
    tm1638.o(i.TM1638_Serial_Output) refers to gpio.o(i.GPIOPinWrite) for GPIOPinWrite
    tm1638.o(i.TM1638_Serial_Output) refers to gpio.o(i.GPIOPinRead) for GPIOPinRead
    exp4_1.o(i.DevicesInit) refers to sysctl.o(i.SysCtlClockFreqSet) for SysCtlClockFreqSet
    exp4_1.o(i.DevicesInit) refers to exp4_1.o(i.GPIOInit) for GPIOInit
    exp4_1.o(i.DevicesInit) refers to exp4_1.o(i.SysTickInit) for SysTickInit
    exp4_1.o(i.DevicesInit) refers to interrupt.o(i.IntMasterEnable) for IntMasterEnable
    exp4_1.o(i.DevicesInit) refers to exp4_1.o(.data) for ui32SysClock
    exp4_1.o(i.GPIOInit) refers to sysctl.o(i.SysCtlPeripheralEnable) for SysCtlPeripheralEnable
    exp4_1.o(i.GPIOInit) refers to sysctl.o(i.SysCtlPeripheralReady) for SysCtlPeripheralReady
    exp4_1.o(i.GPIOInit) refers to gpio.o(i.GPIOPinTypeGPIOOutput) for GPIOPinTypeGPIOOutput
    exp4_1.o(i.LCD_CtrlWrite_IC) refers to gpio.o(i.GPIOPinWrite) for GPIOPinWrite
    exp4_1.o(i.LCD_CtrlWrite_IC) refers to exp4_1.o(i.delay_sys) for delay_sys
    exp4_1.o(i.LCD_CtrlWrite_IC) refers to exp4_1.o(.data) for bitdata
    exp4_1.o(i.LCD_DataWrite) refers to exp4_1.o(i.LCD_DataWrite_IC) for LCD_DataWrite_IC
    exp4_1.o(i.LCD_DataWrite_IC) refers to gpio.o(i.GPIOPinWrite) for GPIOPinWrite
    exp4_1.o(i.LCD_DataWrite_IC) refers to exp4_1.o(.data) for bitdata
    exp4_1.o(i.LCD_PORT_init) refers to sysctl.o(i.SysCtlPeripheralEnable) for SysCtlPeripheralEnable
    exp4_1.o(i.LCD_PORT_init) refers to sysctl.o(i.SysCtlPeripheralReady) for SysCtlPeripheralReady
    exp4_1.o(i.LCD_PORT_init) refers to gpio.o(i.GPIOPinTypeGPIOOutput) for GPIOPinTypeGPIOOutput
    exp4_1.o(i.LCD_PORT_init) refers to gpio.o(i.GPIOPinTypeGPIOInput) for GPIOPinTypeGPIOInput
    exp4_1.o(i.LCD_PutChar) refers to exp4_1.o(i.LCD_PutChar8x16) for LCD_PutChar8x16
    exp4_1.o(i.LCD_PutChar8x16) refers to exp4_1.o(i.LCD_SetPos) for LCD_SetPos
    exp4_1.o(i.LCD_PutChar8x16) refers to exp4_1.o(i.wr_dat) for wr_dat
    exp4_1.o(i.LCD_PutChar8x16) refers to exp4_1.o(.data) for Font8x16
    exp4_1.o(i.LCD_PutString) refers to exp4_1.o(i.LCD_PutChar) for LCD_PutChar
    exp4_1.o(i.LCD_PutString) refers to exp4_1.o(i.PutGB1616) for PutGB1616
    exp4_1.o(i.LCD_SetPos) refers to exp4_1.o(i.write_command) for write_command
    exp4_1.o(i.LCD_SetPos) refers to exp4_1.o(i.write_data) for write_data
    exp4_1.o(i.LCD_delay) refers to gpio.o(i.GPIOPinWrite) for GPIOPinWrite
    exp4_1.o(i.LCD_delay_us) refers to gpio.o(i.GPIOPinWrite) for GPIOPinWrite
    exp4_1.o(i.LCD_drawLine) refers to exp4_1.o(i.LCD_drawPoint) for LCD_drawPoint
    exp4_1.o(i.LCD_drawPoint) refers to exp4_1.o(i.LCD_SetPos) for LCD_SetPos
    exp4_1.o(i.LCD_drawPoint) refers to exp4_1.o(i.wr_dat) for wr_dat
    exp4_1.o(i.PutGB1616) refers to exp4_1.o(i.LCD_SetPos) for LCD_SetPos
    exp4_1.o(i.PutGB1616) refers to exp4_1.o(i.wr_dat) for wr_dat
    exp4_1.o(i.PutGB1616) refers to exp4_1.o(.data) for codeGB_16
    exp4_1.o(i.PutGB3232) refers to exp4_1.o(i.LCD_SetPos) for LCD_SetPos
    exp4_1.o(i.PutGB3232) refers to exp4_1.o(i.wr_dat) for wr_dat
    exp4_1.o(i.PutGB3232) refers to exp4_1.o(.data) for codeGB_32
    exp4_1.o(i.RamAdressSet) refers to exp4_1.o(i.write_command) for write_command
    exp4_1.o(i.RamAdressSet) refers to exp4_1.o(i.write_data) for write_data
    exp4_1.o(i.Reset) refers to gpio.o(i.GPIOPinWrite) for GPIOPinWrite
    exp4_1.o(i.Reset) refers to exp4_1.o(i.delay) for delay
    exp4_1.o(i.SysTickInit) refers to systick.o(i.SysTickPeriodSet) for SysTickPeriodSet
    exp4_1.o(i.SysTickInit) refers to systick.o(i.SysTickEnable) for SysTickEnable
    exp4_1.o(i.SysTickInit) refers to systick.o(i.SysTickIntEnable) for SysTickIntEnable
[...]
    exp4_1.o(i.get_and_write_5x8) refers to exp4_1.o(i.send_command_to_ROM) for send_command_to_ROM
    exp4_1.o(i.get_and_write_5x8) refers to exp4_1.o(i.lcd_address) for lcd_address
    exp4_1.o(i.get_and_write_5x8) refers to exp4_1.o(i.get_data_from_ROM) for get_data_from_ROM
    exp4_1.o(i.get_and_write_5x8) refers to exp4_1.o(i.transfer_data_lcd) for transfer_data_lcd
    exp4_1.o(i.get_and_write_8x16) refers to gpio.o(i.GPIOPinWrite) for GPIOPinWrite
    exp4_1.o(i.get_and_write_8x16) refers to exp4_1.o(i.send_command_to_ROM) for send_command_to_ROM
    exp4_1.o(i.get_and_write_8x16) refers to exp4_1.o(i.lcd_address) for lcd_address
    exp4_1.o(i.get_and_write_8x16) refers to exp4_1.o(i.get_data_from_ROM) for get_data_from_ROM
    exp4_1.o(i.get_and_write_8x16) refers to exp4_1.o(i.transfer_data_lcd) for transfer_data_lcd
    exp4_1.o(i.get_data_from_ROM) refers to gpio.o(i.GPIOPinWrite) for GPIOPinWrite
    exp4_1.o(i.get_data_from_ROM) refers to gpio.o(i.GPIOPinRead) for GPIOPinRead
    exp4_1.o(i.initial_lcd) refers to exp4_1.o(i.LCD_PORT_init) for LCD_PORT_init
    exp4_1.o(i.initial_lcd) refers to gpio.o(i.GPIOPinWrite) for GPIOPinWrite
    exp4_1.o(i.initial_lcd) refers to exp4_1.o(i.LCD_delay) for LCD_delay
    exp4_1.o(i.initial_lcd) refers to exp4_1.o(i.transfer_command_lcd) for transfer_command_lcd
    exp4_1.o(i.lcd_address) refers to exp4_1.o(i.transfer_command_lcd) for transfer_command_lcd
    exp4_1.o(i.lcd_initial) refers to gpio.o(i.GPIOPinWrite) for GPIOPinWrite
    exp4_1.o(i.lcd_initial) refers to exp4_1.o(i.delay) for delay
    exp4_1.o(i.lcd_initial) refers to exp4_1.o(i.write_command) for write_command
    exp4_1.o(i.lcd_initial) refers to exp4_1.o(i.write_data) for write_data
    exp4_1.o(i.main) refers to exp4_1.o(i.DevicesInit) for DevicesInit
    exp4_1.o(i.main) refers to exp4_1.o(i.lcd_initial) for lcd_initial
    exp4_1.o(i.main) refers to exp4_1.o(i.LCD_drawLine) for LCD_drawLine
    exp4_1.o(i.main) refers to exp4_1.o(i.write_command) for write_command
    exp4_1.o(i.send_command_to_ROM) refers to gpio.o(i.GPIOPinWrite) for GPIOPinWrite
    exp4_1.o(i.send_command_to_ROM) refers to exp4_1.o(i.LCD_delay_us) for LCD_delay_us
    exp4_1.o(i.transfer_command_lcd) refers to gpio.o(i.GPIOPinWrite) for GPIOPinWrite
    exp4_1.o(i.transfer_data_lcd) refers to gpio.o(i.GPIOPinWrite) for GPIOPinWrite
    exp4_1.o(i.wr_dat) refers to exp4_1.o(i.LCD_DataWrite_IC) for LCD_DataWrite_IC
    exp4_1.o(i.write_command) refers to gpio.o(i.GPIOPinWrite) for GPIOPinWrite
    exp4_1.o(i.write_command) refers to exp4_1.o(.data) for bitdata
    exp4_1.o(i.write_data) refers to gpio.o(i.GPIOPinWrite) for GPIOPinWrite
    exp4_1.o(i.write_data) refers to exp4_1.o(.data) for bitdata
    startup_tm4c129.o(STACK) refers (Special) to heapauxi.o(.text) for __use_two_region_memory
    startup_tm4c129.o(HEAP) refers (Special) to heapauxi.o(.text) for __use_two_region_memory
    startup_tm4c129.o(RESET) refers (Special) to heapauxi.o(.text) for __use_two_region_memory
    startup_tm4c129.o(RESET) refers to startup_tm4c129.o(STACK) for __initial_sp
    startup_tm4c129.o(RESET) refers to startup_tm4c129.o(.text) for Reset_Handler
    startup_tm4c129.o(RESET) refers to exp4_1.o(i.SysTick_Handler) for SysTick_Handler
    startup_tm4c129.o(.text) refers (Special) to heapauxi.o(.text) for __use_two_region_memory
    startup_tm4c129.o(.text) refers to system_tm4c129.o(i.SystemInit) for SystemInit
    startup_tm4c129.o(.text) refers to __main.o(!!!main) for __main
    startup_tm4c129.o(.text) refers to startup_tm4c129.o(HEAP) for Heap_Mem
    startup_tm4c129.o(.text) refers to startup_tm4c129.o(STACK) for Stack_Mem
    system_tm4c129.o(i.SystemCoreClockUpdate) refers to system_tm4c129.o(.data) for SystemCoreClock
    system_tm4c129.o(i.SystemInit) refers to system_tm4c129.o(.data) for SystemCoreClock
    gpio.o(i.GPIOIntRegister) refers to gpio.o(i._GPIOIntNumberGet) for _GPIOIntNumberGet
    gpio.o(i.GPIOIntRegister) refers to interrupt.o(i.IntRegister) for IntRegister
    gpio.o(i.GPIOIntRegister) refers to interrupt.o(i.IntEnable) for IntEnable
    gpio.o(i.GPIOIntRegisterPin) refers to gpio.o(i._GPIOIntNumberGet) for _GPIOIntNumberGet
    gpio.o(i.GPIOIntRegisterPin) refers to interrupt.o(i.IntRegister) for IntRegister
    gpio.o(i.GPIOIntRegisterPin) refers to interrupt.o(i.IntEnable) for IntEnable
    gpio.o(i.GPIOIntUnregister) refers to gpio.o(i._GPIOIntNumberGet) for _GPIOIntNumberGet
    gpio.o(i.GPIOIntUnregister) refers to interrupt.o(i.IntDisable) for IntDisable
    gpio.o(i.GPIOIntUnregister) refers to interrupt.o(i.IntUnregister) for IntUnregister
    gpio.o(i.GPIOIntUnregisterPin) refers to gpio.o(i._GPIOIntNumberGet) for _GPIOIntNumberGet
    gpio.o(i.GPIOIntUnregisterPin) refers to interrupt.o(i.IntDisable) for IntDisable
    gpio.o(i.GPIOIntUnregisterPin) refers to interrupt.o(i.IntUnregister) for IntUnregister
    gpio.o(i.GPIOPinConfigure) refers to gpio.o(.constdata) for .constdata
    gpio.o(i.GPIOPinTypeADC) refers to gpio.o(i.GPIODirModeSet) for GPIODirModeSet
    gpio.o(i.GPIOPinTypeADC) refers to gpio.o(i.GPIOPadConfigSet) for GPIOPadConfigSet
    gpio.o(i.GPIOPinTypeCAN) refers to gpio.o(i.GPIODirModeSet) for GPIODirModeSet
    gpio.o(i.GPIOPinTypeCAN) refers to gpio.o(i.GPIOPadConfigSet) for GPIOPadConfigSet
    gpio.o(i.GPIOPinTypeComparator) refers to gpio.o(i.GPIODirModeSet) for GPIODirModeSet
    gpio.o(i.GPIOPinTypeComparator) refers to gpio.o(i.GPIOPadConfigSet) for GPIOPadConfigSet
    gpio.o(i.GPIOPinTypeComparatorOutput) refers to gpio.o(i.GPIODirModeSet) for GPIODirModeSet
    gpio.o(i.GPIOPinTypeComparatorOutput) refers to gpio.o(i.GPIOPadConfigSet) for GPIOPadConfigSet
    gpio.o(i.GPIOPinTypeDIVSCLK) refers to gpio.o(i.GPIODirModeSet) for GPIODirModeSet
    gpio.o(i.GPIOPinTypeDIVSCLK) refers to gpio.o(i.GPIOPadConfigSet) for GPIOPadConfigSet
    gpio.o(i.GPIOPinTypeEPI) refers to gpio.o(i.GPIODirModeSet) for GPIODirModeSet
    gpio.o(i.GPIOPinTypeEPI) refers to gpio.o(i.GPIOPadConfigSet) for GPIOPadConfigSet
    gpio.o(i.GPIOPinTypeEthernetLED) refers to gpio.o(i.GPIODirModeSet) for GPIODirModeSet
    gpio.o(i.GPIOPinTypeEthernetLED) refers to gpio.o(i.GPIOPadConfigSet) for GPIOPadConfigSet
    gpio.o(i.GPIOPinTypeEthernetMII) refers to gpio.o(i.GPIODirModeSet) for GPIODirModeSet
    gpio.o(i.GPIOPinTypeEthernetMII) refers to gpio.o(i.GPIOPadConfigSet) for GPIOPadConfigSet
    gpio.o(i.GPIOPinTypeGPIOInput) refers to gpio.o(i.GPIODirModeSet) for GPIODirModeSet
    gpio.o(i.GPIOPinTypeGPIOInput) refers to gpio.o(i.GPIOPadConfigSet) for GPIOPadConfigSet
    gpio.o(i.GPIOPinTypeGPIOOutput) refers to gpio.o(i.GPIOPadConfigSet) for GPIOPadConfigSet
    gpio.o(i.GPIOPinTypeGPIOOutput) refers to gpio.o(i.GPIODirModeSet) for GPIODirModeSet
    gpio.o(i.GPIOPinTypeGPIOOutputOD) refers to gpio.o(i.GPIOPadConfigSet) for GPIOPadConfigSet
    gpio.o(i.GPIOPinTypeGPIOOutputOD) refers to gpio.o(i.GPIODirModeSet) for GPIODirModeSet
    gpio.o(i.GPIOPinTypeHibernateRTCCLK) refers to gpio.o(i.GPIODirModeSet) for GPIODirModeSet
    gpio.o(i.GPIOPinTypeHibernateRTCCLK) refers to gpio.o(i.GPIOPadConfigSet) for GPIOPadConfigSet
    gpio.o(i.GPIOPinTypeI2C) refers to gpio.o(i.GPIODirModeSet) for GPIODirModeSet
    gpio.o(i.GPIOPinTypeI2C) refers to gpio.o(i.GPIOPadConfigSet) for GPIOPadConfigSet
    gpio.o(i.GPIOPinTypeI2CSCL) refers to gpio.o(i.GPIODirModeSet) for GPIODirModeSet
    gpio.o(i.GPIOPinTypeI2CSCL) refers to gpio.o(i.GPIOPadConfigSet) for GPIOPadConfigSet
    gpio.o(i.GPIOPinTypeLCD) refers to gpio.o(i.GPIODirModeSet) for GPIODirModeSet
    gpio.o(i.GPIOPinTypeLCD) refers to gpio.o(i.GPIOPadConfigSet) for GPIOPadConfigSet
    gpio.o(i.GPIOPinTypeOneWire) refers to gpio.o(i.GPIODirModeSet) for GPIODirModeSet
    gpio.o(i.GPIOPinTypeOneWire) refers to gpio.o(i.GPIOPadConfigSet) for GPIOPadConfigSet
    gpio.o(i.GPIOPinTypePWM) refers to gpio.o(i.GPIODirModeSet) for GPIODirModeSet
    gpio.o(i.GPIOPinTypePWM) refers to gpio.o(i.GPIOPadConfigSet) for GPIOPadConfigSet
    gpio.o(i.GPIOPinTypeQEI) refers to gpio.o(i.GPIODirModeSet) for GPIODirModeSet
    gpio.o(i.GPIOPinTypeQEI) refers to gpio.o(i.GPIOPadConfigSet) for GPIOPadConfigSet
    gpio.o(i.GPIOPinTypeSSI) refers to gpio.o(i.GPIODirModeSet) for GPIODirModeSet
    gpio.o(i.GPIOPinTypeSSI) refers to gpio.o(i.GPIOPadConfigSet) for GPIOPadConfigSet
    gpio.o(i.GPIOPinTypeTimer) refers to gpio.o(i.GPIODirModeSet) for GPIODirModeSet
    gpio.o(i.GPIOPinTypeTimer) refers to gpio.o(i.GPIOPadConfigSet) for GPIOPadConfigSet
    gpio.o(i.GPIOPinTypeTrace) refers to gpio.o(i.GPIODirModeSet) for GPIODirModeSet
    gpio.o(i.GPIOPinTypeTrace) refers to gpio.o(i.GPIOPadConfigSet) for GPIOPadConfigSet
    gpio.o(i.GPIOPinTypeUART) refers to gpio.o(i.GPIODirModeSet) for GPIODirModeSet
    gpio.o(i.GPIOPinTypeUART) refers to gpio.o(i.GPIOPadConfigSet) for GPIOPadConfigSet
    gpio.o(i.GPIOPinTypeUSBAnalog) refers to gpio.o(i.GPIODirModeSet) for GPIODirModeSet
    gpio.o(i.GPIOPinTypeUSBAnalog) refers to gpio.o(i.GPIOPadConfigSet) for GPIOPadConfigSet
    gpio.o(i.GPIOPinTypeUSBDigital) refers to gpio.o(i.GPIODirModeSet) for GPIODirModeSet
    gpio.o(i.GPIOPinTypeUSBDigital) refers to gpio.o(i.GPIOPadConfigSet) for GPIOPadConfigSet
    gpio.o(i.GPIOPinTypeWakeHigh) refers to gpio.o(i.GPIODirModeSet) for GPIODirModeSet
    gpio.o(i.GPIOPinTypeWakeHigh) refers to gpio.o(i.GPIOPadConfigSet) for GPIOPadConfigSet
    gpio.o(i.GPIOPinTypeWakeLow) refers to gpio.o(i.GPIODirModeSet) for GPIODirModeSet
    gpio.o(i.GPIOPinTypeWakeLow) refers to gpio.o(i.GPIOPadConfigSet) for GPIOPadConfigSet
    gpio.o(i._GPIOIntNumberGet) refers to gpio.o(.constdata) for .constdata
    interrupt.o(i.IntDisable) refers to interrupt.o(.constdata) for .constdata
    interrupt.o(i.IntEnable) refers to interrupt.o(.constdata) for .constdata
    interrupt.o(i.IntIsEnabled) refers to interrupt.o(.constdata) for .constdata
    interrupt.o(i.IntMasterDisable) refers to cpu.o(.emb_text) for CPUcpsid
    interrupt.o(i.IntMasterEnable) refers to cpu.o(.emb_text) for CPUcpsie
    interrupt.o(i.IntPendClear) refers to interrupt.o(.constdata) for .constdata
    interrupt.o(i.IntPendSet) refers to interrupt.o(.constdata) for .constdata
    interrupt.o(i.IntPriorityGet) refers to interrupt.o(.constdata) for .constdata
    interrupt.o(i.IntPriorityGroupingGet) refers to interrupt.o(.constdata) for .constdata
    interrupt.o(i.IntPriorityGroupingSet) refers to interrupt.o(.constdata) for .constdata
    interrupt.o(i.IntPriorityMaskGet) refers to cpu.o(.emb_text) for CPUbasepriGet
    interrupt.o(i.IntPriorityMaskSet) refers to cpu.o(.emb_text) for CPUbasepriSet
    interrupt.o(i.IntPrioritySet) refers to interrupt.o(.constdata) for .constdata
    interrupt.o(i.IntRegister) refers to interrupt.o(vtable) for vtable
    interrupt.o(i.IntUnregister) refers to interrupt.o(i._IntDefaultHandler) for _IntDefaultHandler
    interrupt.o(i.IntUnregister) refers to interrupt.o(vtable) for vtable
    sysctl.o(i.SysCtlClockFreqSet) refers to sysctl.o(.constdata) for .constdata
    sysctl.o(i.SysCtlClockGet) refers to sysctl.o(.constdata) for .constdata
    sysctl.o(i.SysCtlClockSet) refers to sysctl.o(.emb_text) for SysCtlDelay
    sysctl.o(i.SysCtlDeepSleep) refers to cpu.o(.emb_text) for CPUwfi
    sysctl.o(i.SysCtlIntRegister) refers to interrupt.o(i.IntRegister) for IntRegister
    sysctl.o(i.SysCtlIntRegister) refers to interrupt.o(i.IntEnable) for IntEnable
    sysctl.o(i.SysCtlIntUnregister) refers to interrupt.o(i.IntDisable) for IntDisable
    sysctl.o(i.SysCtlIntUnregister) refers to interrupt.o(i.IntUnregister) for IntUnregister
    sysctl.o(i.SysCtlSleep) refers to cpu.o(.emb_text) for CPUwfi
    sysctl.o(i.SysCtlVCOGet) refers to sysctl.o(.constdata) for .constdata
    systick.o(i.SysTickIntRegister) refers to interrupt.o(i.IntRegister) for IntRegister
    systick.o(i.SysTickIntUnregister) refers to interrupt.o(i.IntUnregister) for IntUnregister
    __main.o(!!!main) refers to __rtentry.o(.ARM.Collect$$rtentry$$00000000) for __rt_entry
    __rtentry.o(.ARM.Collect$$rtentry$$00000000) refers (Special) to __rtentry2.o(.ARM.Collect$$rtentry$$0000000A) for __rt_entry_li
    __rtentry.o(.ARM.Collect$$rtentry$$00000000) refers (Special) to __rtentry2.o(.ARM.Collect$$rtentry$$0000000D) for __rt_entry_main
    __rtentry.o(.ARM.Collect$$rtentry$$00000000) refers (Special) to __rtentry2.o(.ARM.Collect$$rtentry$$0000000C) for __rt_entry_postli_1
    __rtentry.o(.ARM.Collect$$rtentry$$00000000) refers (Special) to __rtentry2.o(.ARM.Collect$$rtentry$$00000009) for __rt_entry_postsh_1
    __rtentry.o(.ARM.Collect$$rtentry$$00000000) refers (Special) to __rtentry2.o(.ARM.Collect$$rtentry$$00000002) for __rt_entry_presh_1
    __rtentry.o(.ARM.Collect$$rtentry$$00000000) refers (Special) to __rtentry4.o(.ARM.Collect$$rtentry$$00000004) for __rt_entry_sh
    __rtentry2.o(.ARM.Collect$$rtentry$$00000008) refers to boardinit2.o(.text) for _platform_post_stackheap_init
    __rtentry2.o(.ARM.Collect$$rtentry$$0000000A) refers to libinit.o(.ARM.Collect$$libinit$$00000000) for __rt_lib_init
    __rtentry2.o(.ARM.Collect$$rtentry$$0000000B) refers to boardinit3.o(.text) for _platform_post_lib_init
    __rtentry2.o(.ARM.Collect$$rtentry$$0000000D) refers to exp4_1.o(i.main) for main
    __rtentry2.o(.ARM.Collect$$rtentry$$0000000D) refers to exit.o(.text) for exit
    __rtentry2.o(.ARM.exidx) refers to __rtentry2.o(.ARM.Collect$$rtentry$$00000001) for .ARM.Collect$$rtentry$$00000001
    __rtentry2.o(.ARM.exidx) refers to __rtentry2.o(.ARM.Collect$$rtentry$$00000008) for .ARM.Collect$$rtentry$$00000008
    __rtentry2.o(.ARM.exidx) refers to __rtentry2.o(.ARM.Collect$$rtentry$$0000000A) for .ARM.Collect$$rtentry$$0000000A
    __rtentry2.o(.ARM.exidx) refers to __rtentry2.o(.ARM.Collect$$rtentry$$0000000B) for .ARM.Collect$$rtentry$$0000000B
    __rtentry2.o(.ARM.exidx) refers to __rtentry2.o(.ARM.Collect$$rtentry$$0000000D) for .ARM.Collect$$rtentry$$0000000D
    __rtentry4.o(.ARM.Collect$$rtentry$$00000004) refers to sys_stackheap_outer.o(.text) for __user_setup_stackheap
    __rtentry4.o(.ARM.exidx) refers to __rtentry4.o(.ARM.Collect$$rtentry$$00000004) for .ARM.Collect$$rtentry$$00000004
    sys_stackheap_outer.o(.text) refers to libspace.o(.text) for __user_perproc_libspace
    sys_stackheap_outer.o(.text) refers to startup_tm4c129.o(.text) for __user_initial_stackheap
    exit.o(.text) refers to rtexit.o(.ARM.Collect$$rtexit$$00000000) for __rt_exit
    libinit.o(.ARM.Collect$$libinit$$00000000) refers (Special) to libinit2.o(.ARM.Collect$$libinit$$0000002E) for __rt_lib_init_alloca_1
    libinit.o(.ARM.Collect$$libinit$$00000000) refers (Special) to libinit2.o(.ARM.Collect$$libinit$$0000002C) for __rt_lib_init_argv_1
    libinit.o(.ARM.Collect$$libinit$$00000000) refers (Special) to libinit2.o(.ARM.Collect$$libinit$$0000001B) for __rt_lib_init_atexit_1
    libinit.o(.ARM.Collect$$libinit$$00000000) refers (Special) to libinit2.o(.ARM.Collect$$libinit$$00000021) for __rt_lib_init_clock_1
    libinit.o(.ARM.Collect$$libinit$$00000000) refers (Special) to libinit2.o(.ARM.Collect$$libinit$$00000032) for __rt_lib_init_cpp_1
    libinit.o(.ARM.Collect$$libinit$$00000000) refers (Special) to libinit2.o(.ARM.Collect$$libinit$$00000030) for __rt_lib_init_exceptions_1
    libinit.o(.ARM.Collect$$libinit$$00000000) refers (Special) to libinit2.o(.ARM.Collect$$libinit$$00000001) for __rt_lib_init_fp_1
    libinit.o(.ARM.Collect$$libinit$$00000000) refers (Special) to libinit2.o(.ARM.Collect$$libinit$$0000001F) for __rt_lib_init_fp_trap_1
    libinit.o(.ARM.Collect$$libinit$$00000000) refers (Special) to libinit2.o(.ARM.Collect$$libinit$$00000023) for __rt_lib_init_getenv_1
    libinit.o(.ARM.Collect$$libinit$$00000000) refers (Special) to libinit2.o(.ARM.Collect$$libinit$$0000000A) for __rt_lib_init_heap_1
    libinit.o(.ARM.Collect$$libinit$$00000000) refers (Special) to libinit2.o(.ARM.Collect$$libinit$$00000011) for __rt_lib_init_lc_collate_1
    libinit.o(.ARM.Collect$$libinit$$00000000) refers (Special) to libinit2.o(.ARM.Collect$$libinit$$00000013) for __rt_lib_init_lc_ctype_1
    libinit.o(.ARM.Collect$$libinit$$00000000) refers (Special) to libinit2.o(.ARM.Collect$$libinit$$00000015) for __rt_lib_init_lc_monetary_1
    libinit.o(.ARM.Collect$$libinit$$00000000) refers (Special) to libinit2.o(.ARM.Collect$$libinit$$00000017) for __rt_lib_init_lc_numeric_1
    libinit.o(.ARM.Collect$$libinit$$00000000) refers (Special) to libinit2.o(.ARM.Collect$$libinit$$00000019) for __rt_lib_init_lc_time_1
    libinit.o(.ARM.Collect$$libinit$$00000000) refers (Special) to libinit2.o(.ARM.Collect$$libinit$$00000004) for __rt_lib_init_preinit_1
    libinit.o(.ARM.Collect$$libinit$$00000000) refers (Special) to libinit2.o(.ARM.Collect$$libinit$$0000000E) for __rt_lib_init_rand_1
    libinit.o(.ARM.Collect$$libinit$$00000000) refers (Special) to libinit2.o(.ARM.Collect$$libinit$$00000033) for __rt_lib_init_return
    libinit.o(.ARM.Collect$$libinit$$00000000) refers (Special) to libinit2.o(.ARM.Collect$$libinit$$0000001D) for __rt_lib_init_signal_1
    libinit.o(.ARM.Collect$$libinit$$00000000) refers (Special) to libinit2.o(.ARM.Collect$$libinit$$00000025) for __rt_lib_init_stdio_1
    libinit.o(.ARM.Collect$$libinit$$00000000) refers (Special) to libinit2.o(.ARM.Collect$$libinit$$0000000C) for __rt_lib_init_user_alloc_1
    libspace.o(.text) refers to libspace.o(.bss) for __libspace_start
    rtexit.o(.ARM.Collect$$rtexit$$00000000) refers (Special) to rtexit2.o(.ARM.Collect$$rtexit$$00000004) for __rt_exit_exit
    rtexit.o(.ARM.Collect$$rtexit$$00000000) refers (Special) to rtexit2.o(.ARM.Collect$$rtexit$$00000003) for __rt_exit_ls
    rtexit.o(.ARM.Collect$$rtexit$$00000000) refers (Special) to rtexit2.o(.ARM.Collect$$rtexit$$00000002) for __rt_exit_prels_1
    rtexit.o(.ARM.exidx) refers (Special) to rtexit2.o(.ARM.Collect$$rtexit$$00000004) for __rt_exit_exit
    rtexit.o(.ARM.exidx) refers (Special) to rtexit2.o(.ARM.Collect$$rtexit$$00000003) for __rt_exit_ls
    rtexit.o(.ARM.exidx) refers (Special) to rtexit2.o(.ARM.Collect$$rtexit$$00000002) for __rt_exit_prels_1
    rtexit.o(.ARM.exidx) refers to rtexit.o(.ARM.Collect$$rtexit$$00000000) for .ARM.Collect$$rtexit$$00000000
    libinit2.o(.ARM.Collect$$libinit$$00000001) refers to fpinit.o(x$fpl$fpinit) for _fp_init
    libinit2.o(.ARM.Collect$$libinit$$00000010) refers to libinit2.o(.ARM.Collect$$libinit$$0000000F) for .ARM.Collect$$libinit$$0000000F
    libinit2.o(.ARM.Collect$$libinit$$00000012) refers to libinit2.o(.ARM.Collect$$libinit$$0000000F) for .ARM.Collect$$libinit$$0000000F
    libinit2.o(.ARM.Collect$$libinit$$00000014) refers to libinit2.o(.ARM.Collect$$libinit$$0000000F) for .ARM.Collect$$libinit$$0000000F
    libinit2.o(.ARM.Collect$$libinit$$00000016) refers to libinit2.o(.ARM.Collect$$libinit$$0000000F) for .ARM.Collect$$libinit$$0000000F
    libinit2.o(.ARM.Collect$$libinit$$00000018) refers to libinit2.o(.ARM.Collect$$libinit$$0000000F) for .ARM.Collect$$libinit$$0000000F
    libinit2.o(.ARM.Collect$$libinit$$00000026) refers to argv_veneer.o(.emb_text) for __ARM_argv_veneer
    libinit2.o(.ARM.Collect$$libinit$$00000027) refers to argv_veneer.o(.emb_text) for __ARM_argv_veneer
    rtexit2.o(.ARM.Collect$$rtexit$$00000003) refers to libshutdown.o(.ARM.Collect$$libshutdown$$00000000) for __rt_lib_shutdown
    rtexit2.o(.ARM.Collect$$rtexit$$00000004) refers to sys_exit.o(.text) for _sys_exit
    rtexit2.o(.ARM.exidx) refers to rtexit2.o(.ARM.Collect$$rtexit$$00000001) for .ARM.Collect$$rtexit$$00000001
    rtexit2.o(.ARM.exidx) refers to rtexit2.o(.ARM.Collect$$rtexit$$00000003) for .ARM.Collect$$rtexit$$00000003
    rtexit2.o(.ARM.exidx) refers to rtexit2.o(.ARM.Collect$$rtexit$$00000004) for .ARM.Collect$$rtexit$$00000004
    argv_veneer.o(.emb_text) refers to no_argv.o(.text) for __ARM_get_argv
    sys_exit.o(.text) refers (Special) to use_no_semi.o(.text) for __I$use$semihosting
    sys_exit.o(.text) refers (Special) to indicate_semi.o(.text) for __semihosting_library_function
    _get_argv_nomalloc.o(.text) refers (Special) to hrguard.o(.text) for __heap_region$guard
    _get_argv_nomalloc.o(.text) refers to defsig_rtmem_outer.o(.text) for __rt_SIGRTMEM
    _get_argv_nomalloc.o(.text) refers to sys_command.o(.text) for _sys_command_string
    libshutdown.o(.ARM.Collect$$libshutdown$$00000000) refers (Special) to libshutdown2.o(.ARM.Collect$$libshutdown$$00000002) for __rt_lib_shutdown_cpp_1
    libshutdown.o(.ARM.Collect$$libshutdown$$00000000) refers (Special) to libshutdown2.o(.ARM.Collect$$libshutdown$$00000007) for __rt_lib_shutdown_fp_trap_1
    libshutdown.o(.ARM.Collect$$libshutdown$$00000000) refers (Special) to libshutdown2.o(.ARM.Collect$$libshutdown$$0000000F) for __rt_lib_shutdown_heap_1
    libshutdown.o(.ARM.Collect$$libshutdown$$00000000) refers (Special) to libshutdown2.o(.ARM.Collect$$libshutdown$$00000010) for __rt_lib_shutdown_return
    libshutdown.o(.ARM.Collect$$libshutdown$$00000000) refers (Special) to libshutdown2.o(.ARM.Collect$$libshutdown$$0000000A) for __rt_lib_shutdown_signal_1
    libshutdown.o(.ARM.Collect$$libshutdown$$00000000) refers (Special) to libshutdown2.o(.ARM.Collect$$libshutdown$$00000004) for __rt_lib_shutdown_stdio_1
    libshutdown.o(.ARM.Collect$$libshutdown$$00000000) refers (Special) to libshutdown2.o(.ARM.Collect$$libshutdown$$0000000C) for __rt_lib_shutdown_user_alloc_1
    sys_command.o(.text) refers (Special) to use_no_semi.o(.text) for __I$use$semihosting
    sys_command.o(.text) refers (Special) to indicate_semi.o(.text) for __semihosting_library_function
    defsig_rtmem_outer.o(.text) refers to defsig_rtmem_inner.o(.text) for __rt_SIGRTMEM_inner
    defsig_rtmem_outer.o(.text) refers to defsig_exit.o(.text) for __sig_exit
    defsig_rtmem_formal.o(.text) refers to rt_raise.o(.text) for __rt_raise
    rt_raise.o(.text) refers to __raise.o(.text) for __raise
    rt_raise.o(.text) refers to sys_exit.o(.text) for _sys_exit
    defsig_exit.o(.text) refers to sys_exit.o(.text) for _sys_exit
    defsig_rtmem_inner.o(.text) refers to defsig_general.o(.text) for __default_signal_display
    __raise.o(.text) refers to defsig.o(CL$$defsig) for __default_signal_handler
    defsig_general.o(.text) refers to sys_wrch.o(.text) for _ttywrch
    sys_wrch.o(.text) refers (Special) to use_no_semi.o(.text) for __I$use$semihosting
    sys_wrch.o(.text) refers (Special) to indicate_semi.o(.text) for __semihosting_library_function
    defsig.o(CL$$defsig) refers to defsig_rtmem_inner.o(.text) for __rt_SIGRTMEM_inner
    defsig_abrt_inner.o(.text) refers to defsig_general.o(.text) for __default_signal_display
    defsig_fpe_inner.o(.text) refers to defsig_general.o(.text) for __default_signal_display
    defsig_rtred_inner.o(.text) refers to defsig_general.o(.text) for __default_signal_display
    defsig_stak_inner.o(.text) refers to defsig_general.o(.text) for __default_signal_display
    defsig_pvfn_inner.o(.text) refers to defsig_general.o(.text) for __default_signal_display
    defsig_cppl_inner.o(.text) refers to defsig_general.o(.text) for __default_signal_display
    defsig_segv_inner.o(.text) refers to defsig_general.o(.text) for __default_signal_display
    defsig_other.o(.text) refers to defsig_general.o(.text) for __default_signal_display


==============================================================================

Removing Unused input sections from the image.

    Removing tm1638.o(i.TM1638_Init), (36 bytes).
    Removing exp4_1.o(i.LCD_CtrlWrite_IC), (480 bytes).
    Removing exp4_1.o(i.LCD_DataWrite), (20 bytes).
    Removing exp4_1.o(i.LCD_PORT_init), (184 bytes).
    Removing exp4_1.o(i.LCD_PutChar), (36 bytes).
    Removing exp4_1.o(i.LCD_PutChar8x16), (104 bytes).
    Removing exp4_1.o(i.LCD_PutString), (84 bytes).
    Removing exp4_1.o(i.LCD_delay), (52 bytes).
    Removing exp4_1.o(i.LCD_delay_us), (52 bytes).
    Removing exp4_1.o(i.PutGB1616), (160 bytes).
    Removing exp4_1.o(i.PutGB3232), (160 bytes).
    Removing exp4_1.o(i.RamAdressSet), (64 bytes).
    Removing exp4_1.o(i.Reset), (40 bytes).
    Removing exp4_1.o(i.clear_screen), (54 bytes).
    Removing exp4_1.o(i.delay_sys), (12 bytes).
    Removing exp4_1.o(i.display_128x64), (42 bytes).
    Removing exp4_1.o(i.display_GB2312_string), (272 bytes).
    Removing exp4_1.o(i.display_graphic_16x16), (50 bytes).
    Removing exp4_1.o(i.display_graphic_5x8), (40 bytes).
    Removing exp4_1.o(i.display_graphic_8x16), (50 bytes).
    Removing exp4_1.o(i.display_string_5x8), (104 bytes).
    Removing exp4_1.o(i.dsp_single_colour), (56 bytes).
    Removing exp4_1.o(i.get_and_write_16x16), (140 bytes).
    Removing exp4_1.o(i.get_and_write_5x8), (128 bytes).
    Removing exp4_1.o(i.get_and_write_8x16), (140 bytes).
    Removing exp4_1.o(i.get_data_from_ROM), (68 bytes).
    Removing exp4_1.o(i.initial_lcd), (140 bytes).
    Removing exp4_1.o(i.lcd_address), (38 bytes).
    Removing exp4_1.o(i.send_command_to_ROM), (92 bytes).
    Removing exp4_1.o(i.transfer_command_lcd), (112 bytes).
    Removing exp4_1.o(i.transfer_data_lcd), (112 bytes).
    Removing system_tm4c129.o(.rev16_text), (4 bytes).
    Removing system_tm4c129.o(.revsh_text), (4 bytes).
    Removing system_tm4c129.o(i.SystemCoreClockUpdate), (16 bytes).
    Removing gpio.o(i.GPIOADCTriggerDisable), (14 bytes).
    Removing gpio.o(i.GPIOADCTriggerEnable), (12 bytes).
    Removing gpio.o(i.GPIODMATriggerDisable), (14 bytes).
    Removing gpio.o(i.GPIODMATriggerEnable), (12 bytes).
    Removing gpio.o(i.GPIODirModeGet), (34 bytes).
    Removing gpio.o(i.GPIOIntClear), (6 bytes).
    Removing gpio.o(i.GPIOIntDisable), (14 bytes).
    Removing gpio.o(i.GPIOIntEnable), (12 bytes).
    Removing gpio.o(i.GPIOIntRegister), (26 bytes).
    Removing gpio.o(i.GPIOIntRegisterPin), (30 bytes).
    Removing gpio.o(i.GPIOIntStatus), (14 bytes).
    Removing gpio.o(i.GPIOIntTypeGet), (68 bytes).
    Removing gpio.o(i.GPIOIntTypeSet), (80 bytes).
    Removing gpio.o(i.GPIOIntUnregister), (22 bytes).
    Removing gpio.o(i.GPIOIntUnregisterPin), (26 bytes).
    Removing gpio.o(i.GPIOPadConfigGet), (204 bytes).
    Removing gpio.o(i.GPIOPinConfigure), (68 bytes).
    Removing gpio.o(i.GPIOPinTypeADC), (28 bytes).
    Removing gpio.o(i.GPIOPinTypeCAN), (28 bytes).
    Removing gpio.o(i.GPIOPinTypeComparator), (28 bytes).
    Removing gpio.o(i.GPIOPinTypeComparatorOutput), (28 bytes).
    Removing gpio.o(i.GPIOPinTypeDIVSCLK), (28 bytes).
    Removing gpio.o(i.GPIOPinTypeEPI), (28 bytes).
    Removing gpio.o(i.GPIOPinTypeEthernetLED), (28 bytes).
    Removing gpio.o(i.GPIOPinTypeEthernetMII), (28 bytes).
    Removing gpio.o(i.GPIOPinTypeGPIOOutputOD), (28 bytes).
    Removing gpio.o(i.GPIOPinTypeHibernateRTCCLK), (28 bytes).
    Removing gpio.o(i.GPIOPinTypeI2C), (28 bytes).
    Removing gpio.o(i.GPIOPinTypeI2CSCL), (28 bytes).
    Removing gpio.o(i.GPIOPinTypeLCD), (28 bytes).
    Removing gpio.o(i.GPIOPinTypeOneWire), (28 bytes).
    Removing gpio.o(i.GPIOPinTypePWM), (28 bytes).
    Removing gpio.o(i.GPIOPinTypeQEI), (28 bytes).
    Removing gpio.o(i.GPIOPinTypeSSI), (28 bytes).
    Removing gpio.o(i.GPIOPinTypeTimer), (28 bytes).
    Removing gpio.o(i.GPIOPinTypeTrace), (28 bytes).
    Removing gpio.o(i.GPIOPinTypeUART), (28 bytes).
    Removing gpio.o(i.GPIOPinTypeUSBAnalog), (28 bytes).
    Removing gpio.o(i.GPIOPinTypeUSBDigital), (28 bytes).
    Removing gpio.o(i.GPIOPinTypeWakeHigh), (30 bytes).
    Removing gpio.o(i.GPIOPinTypeWakeLow), (30 bytes).
    Removing gpio.o(i.GPIOPinWakeStatus), (6 bytes).
    Removing gpio.o(i._GPIOIntNumberGet), (80 bytes).
    Removing gpio.o(.constdata), (552 bytes).
    Removing interrupt.o(i.IntDisable), (100 bytes).
    Removing interrupt.o(i.IntEnable), (100 bytes).
    Removing interrupt.o(i.IntIsEnabled), (96 bytes).
    Removing interrupt.o(i.IntMasterDisable), (14 bytes).
    Removing interrupt.o(i.IntPendClear), (68 bytes).
    Removing interrupt.o(i.IntPendSet), (84 bytes).
    Removing interrupt.o(i.IntPriorityGet), (28 bytes).
    Removing interrupt.o(i.IntPriorityGroupingGet), (36 bytes).
    Removing interrupt.o(i.IntPriorityGroupingSet), (28 bytes).
    Removing interrupt.o(i.IntPriorityMaskGet), (4 bytes).
    Removing interrupt.o(i.IntPriorityMaskSet), (4 bytes).
    Removing interrupt.o(i.IntPrioritySet), (40 bytes).
    Removing interrupt.o(i.IntRegister), (52 bytes).
    Removing interrupt.o(i.IntTrigger), (12 bytes).
    Removing interrupt.o(i.IntUnregister), (20 bytes).
    Removing interrupt.o(i._IntDefaultHandler), (2 bytes).
    Removing interrupt.o(.constdata), (268 bytes).
    Removing interrupt.o(vtable), (620 bytes).
    Removing sysctl.o(.emb_text), (6 bytes).
    Removing sysctl.o(i.SysCtlAltClkConfig), (12 bytes).
    Removing sysctl.o(i.SysCtlClockGet), (340 bytes).
    Removing sysctl.o(i.SysCtlClockOutConfig), (20 bytes).
    Removing sysctl.o(i.SysCtlClockSet), (288 bytes).
    Removing sysctl.o(i.SysCtlDeepSleep), (32 bytes).
    Removing sysctl.o(i.SysCtlDeepSleepClockConfigSet), (112 bytes).
    Removing sysctl.o(i.SysCtlDeepSleepClockSet), (12 bytes).
    Removing sysctl.o(i.SysCtlDeepSleepPowerSet), (12 bytes).
    Removing sysctl.o(i.SysCtlFlashSectorSizeGet), (56 bytes).
    Removing sysctl.o(i.SysCtlFlashSizeGet), (56 bytes).
    Removing sysctl.o(i.SysCtlGPIOAHBDisable), (28 bytes).
    Removing sysctl.o(i.SysCtlGPIOAHBEnable), (24 bytes).
    Removing sysctl.o(i.SysCtlIntClear), (12 bytes).
    Removing sysctl.o(i.SysCtlIntDisable), (16 bytes).
    Removing sysctl.o(i.SysCtlIntEnable), (16 bytes).
    Removing sysctl.o(i.SysCtlIntRegister), (20 bytes).
    Removing sysctl.o(i.SysCtlIntStatus), (16 bytes).
    Removing sysctl.o(i.SysCtlIntUnregister), (18 bytes).
    Removing sysctl.o(i.SysCtlLDODeepSleepGet), (12 bytes).
    Removing sysctl.o(i.SysCtlLDODeepSleepSet), (12 bytes).
    Removing sysctl.o(i.SysCtlLDOSleepGet), (12 bytes).
    Removing sysctl.o(i.SysCtlLDOSleepSet), (12 bytes).
    Removing sysctl.o(i.SysCtlMOSCConfigSet), (12 bytes).
    Removing sysctl.o(i.SysCtlNMIClear), (16 bytes).
    Removing sysctl.o(i.SysCtlNMIStatus), (12 bytes).
    Removing sysctl.o(i.SysCtlPIOSCCalibrate), (76 bytes).
    Removing sysctl.o(i.SysCtlPWMClockGet), (24 bytes).
    Removing sysctl.o(i.SysCtlPWMClockSet), (20 bytes).
    Removing sysctl.o(i.SysCtlPeripheralClockGating), (68 bytes).
    Removing sysctl.o(i.SysCtlPeripheralDeepSleepDisable), (40 bytes).
    Removing sysctl.o(i.SysCtlPeripheralDeepSleepEnable), (40 bytes).
    Removing sysctl.o(i.SysCtlPeripheralDisable), (40 bytes).
    Removing sysctl.o(i.SysCtlPeripheralPowerOff), (40 bytes).
    Removing sysctl.o(i.SysCtlPeripheralPowerOn), (40 bytes).
    Removing sysctl.o(i.SysCtlPeripheralPresent), (44 bytes).
    Removing sysctl.o(i.SysCtlPeripheralReset), (60 bytes).
    Removing sysctl.o(i.SysCtlPeripheralSleepDisable), (40 bytes).
    Removing sysctl.o(i.SysCtlPeripheralSleepEnable), (40 bytes).
    Removing sysctl.o(i.SysCtlReset), (16 bytes).
    Removing sysctl.o(i.SysCtlResetBehaviorGet), (12 bytes).
    Removing sysctl.o(i.SysCtlResetBehaviorSet), (12 bytes).
    Removing sysctl.o(i.SysCtlResetCauseClear), (16 bytes).
    Removing sysctl.o(i.SysCtlResetCauseGet), (12 bytes).
    Removing sysctl.o(i.SysCtlSRAMSizeGet), (16 bytes).
    Removing sysctl.o(i.SysCtlSleep), (4 bytes).
    Removing sysctl.o(i.SysCtlSleepPowerSet), (12 bytes).
    Removing sysctl.o(i.SysCtlUSBPLLDisable), (16 bytes).
    Removing sysctl.o(i.SysCtlUSBPLLEnable), (16 bytes).
    Removing sysctl.o(i.SysCtlVCOGet), (120 bytes).
    Removing sysctl.o(i.SysCtlVoltageEventClear), (16 bytes).
    Removing sysctl.o(i.SysCtlVoltageEventConfig), (12 bytes).
    Removing sysctl.o(i.SysCtlVoltageEventStatus), (12 bytes).
    Removing systick.o(i.SysTickDisable), (14 bytes).
    Removing systick.o(i.SysTickIntDisable), (14 bytes).
    Removing systick.o(i.SysTickIntRegister), (24 bytes).
    Removing systick.o(i.SysTickIntUnregister), (18 bytes).
    Removing systick.o(i.SysTickPeriodGet), (10 bytes).
    Removing systick.o(i.SysTickValueGet), (8 bytes).

155 unused section(s) (total 8828 bytes) removed from the image.

==============================================================================

Image Symbol Table

    Local Symbols

    Symbol Name                              Value     Ov Type        Size  Object(Section)

    RESET                                    0x00000000   Section      512  startup_tm4c129.o(RESET)
    ../clib/angel/boardlib.s                 0x00000000   Number         0  boardinit1.o ABSOLUTE
    ../clib/angel/boardlib.s                 0x00000000   Number         0  boardinit2.o ABSOLUTE
    ../clib/angel/boardlib.s                 0x00000000   Number         0  boardshut.o ABSOLUTE
    ../clib/angel/boardlib.s                 0x00000000   Number         0  boardinit3.o ABSOLUTE
    ../clib/angel/dczerorl2.s                0x00000000   Number         0  __dczerorl2.o ABSOLUTE
    ../clib/angel/handlers.s                 0x00000000   Number         0  __scatter_zi.o ABSOLUTE
    ../clib/angel/kernel.s                   0x00000000   Number         0  __rtentry.o ABSOLUTE
    ../clib/angel/kernel.s                   0x00000000   Number         0  __rtentry2.o ABSOLUTE
    ../clib/angel/kernel.s                   0x00000000   Number         0  rtexit2.o ABSOLUTE
    ../clib/angel/kernel.s                   0x00000000   Number         0  rtexit.o ABSOLUTE
    ../clib/angel/kernel.s                   0x00000000   Number         0  __rtentry4.o ABSOLUTE
    ../clib/angel/rt.s                       0x00000000   Number         0  rt_raise.o ABSOLUTE
    ../clib/angel/scatter.s                  0x00000000   Number         0  __scatter.o ABSOLUTE
    ../clib/angel/startup.s                  0x00000000   Number         0  __main.o ABSOLUTE
    ../clib/angel/sys.s                      0x00000000   Number         0  indicate_semi.o ABSOLUTE
    ../clib/angel/sys.s                      0x00000000   Number         0  use_no_semi.o ABSOLUTE
    ../clib/angel/sys.s                      0x00000000   Number         0  libspace.o ABSOLUTE
    ../clib/angel/sys.s                      0x00000000   Number         0  sys_stackheap_outer.o ABSOLUTE
    ../clib/angel/sysapp.c                   0x00000000   Number         0  sys_command.o ABSOLUTE
    ../clib/angel/sysapp.c                   0x00000000   Number         0  sys_exit.o ABSOLUTE
    ../clib/angel/sysapp.c                   0x00000000   Number         0  sys_wrch.o ABSOLUTE
    ../clib/armsys.c                         0x00000000   Number         0  no_argv.o ABSOLUTE
    ../clib/armsys.c                         0x00000000   Number         0  argv_veneer.o ABSOLUTE
    ../clib/armsys.c                         0x00000000   Number         0  argv_veneer.o ABSOLUTE
    ../clib/armsys.c                         0x00000000   Number         0  _get_argv_nomalloc.o ABSOLUTE
    ../clib/heapalloc.c                      0x00000000   Number         0  hrguard.o ABSOLUTE
    ../clib/heapaux.c                        0x00000000   Number         0  heapauxi.o ABSOLUTE
    ../clib/libinit.s                        0x00000000   Number         0  libshutdown.o ABSOLUTE
    ../clib/libinit.s                        0x00000000   Number         0  libinit2.o ABSOLUTE
    ../clib/libinit.s                        0x00000000   Number         0  libinit.o ABSOLUTE
    ../clib/libinit.s                        0x00000000   Number         0  libshutdown2.o ABSOLUTE
    ../clib/signal.c                         0x00000000   Number         0  defsig_other.o ABSOLUTE
    ../clib/signal.c                         0x00000000   Number         0  defsig_segv_inner.o ABSOLUTE
    ../clib/signal.c                         0x00000000   Number         0  defsig_cppl_inner.o ABSOLUTE
    ../clib/signal.c                         0x00000000   Number         0  defsig_pvfn_inner.o ABSOLUTE
    ../clib/signal.c                         0x00000000   Number         0  defsig_stak_inner.o ABSOLUTE
    ../clib/signal.c                         0x00000000   Number         0  defsig_rtred_inner.o ABSOLUTE
    ../clib/signal.c                         0x00000000   Number         0  defsig_fpe_inner.o ABSOLUTE
    ../clib/signal.c                         0x00000000   Number         0  defsig_abrt_inner.o ABSOLUTE
    ../clib/signal.c                         0x00000000   Number         0  defsig_general.o ABSOLUTE
    ../clib/signal.c                         0x00000000   Number         0  __raise.o ABSOLUTE
    ../clib/signal.c                         0x00000000   Number         0  defsig_rtmem_inner.o ABSOLUTE
    ../clib/signal.c                         0x00000000   Number         0  defsig_exit.o ABSOLUTE
    ../clib/signal.c                         0x00000000   Number         0  defsig_rtmem_formal.o ABSOLUTE
    ../clib/signal.c                         0x00000000   Number         0  defsig_rtmem_outer.o ABSOLUTE
    ../clib/signal.s                         0x00000000   Number         0  defsig.o ABSOLUTE
    ../clib/stdlib.c                         0x00000000   Number         0  exit.o ABSOLUTE
    ../fplib/fpinit.s                        0x00000000   Number         0  fpinit.o ABSOLUTE
    RTE\Device\TM4C1292NCPDT\startup_TM4C129.s 0x00000000   Number         0  startup_tm4c129.o ABSOLUTE
    RTE\Device\TM4C1292NCPDT\system_TM4C129.c 0x00000000   Number         0  system_tm4c129.o ABSOLUTE
    RTE\\Device\\TM4C1292NCPDT\\system_TM4C129.c 0x00000000   Number         0  system_tm4c129.o ABSOLUTE
    cpu.c                                    0x00000000   Number         0  cpu.o ABSOLUTE
    cpu.c                                    0x00000000   Number         0  cpu.o ABSOLUTE
    dc.s                                     0x00000000   Number         0  dc.o ABSOLUTE
    exp4_1.c                                 0x00000000   Number         0  exp4_1.o ABSOLUTE
    gpio.c                                   0x00000000   Number         0  gpio.o ABSOLUTE
    interrupt.c                              0x00000000   Number         0  interrupt.o ABSOLUTE
    sysctl.c                                 0x00000000   Number         0  sysctl.o ABSOLUTE
    sysctl.c                                 0x00000000   Number         0  sysctl.o ABSOLUTE
    systick.c                                0x00000000   Number         0  systick.o ABSOLUTE
    tm1638.c                                 0x00000000   Number         0  tm1638.o ABSOLUTE
    !!!main                                  0x00000200   Section        8  __main.o(!!!main)
    !!!scatter                               0x00000208   Section       52  __scatter.o(!!!scatter)
    !!dczerorl2                              0x0000023c   Section       90  __dczerorl2.o(!!dczerorl2)
    !!handler_zi                             0x00000298   Section       28  __scatter_zi.o(!!handler_zi)
    .ARM.Collect$$libinit$$00000000          0x000002b4   Section        2  libinit.o(.ARM.Collect$$libinit$$00000000)
    .ARM.Collect$$libinit$$00000001          0x000002b6   Section        4  libinit2.o(.ARM.Collect$$libinit$$00000001)
    .ARM.Collect$$libinit$$00000004          0x000002ba   Section        0  libinit2.o(.ARM.Collect$$libinit$$00000004)
    .ARM.Collect$$libinit$$0000000A          0x000002ba   Section        0  libinit2.o(.ARM.Collect$$libinit$$0000000A)
    .ARM.Collect$$libinit$$0000000C          0x000002ba   Section        0  libinit2.o(.ARM.Collect$$libinit$$0000000C)
    .ARM.Collect$$libinit$$0000000E          0x000002ba   Section        0  libinit2.o(.ARM.Collect$$libinit$$0000000E)
    .ARM.Collect$$libinit$$00000011          0x000002ba   Section        0  libinit2.o(.ARM.Collect$$libinit$$00000011)
    .ARM.Collect$$libinit$$00000013          0x000002ba   Section        0  libinit2.o(.ARM.Collect$$libinit$$00000013)
    .ARM.Collect$$libinit$$00000015          0x000002ba   Section        0  libinit2.o(.ARM.Collect$$libinit$$00000015)
    .ARM.Collect$$libinit$$00000017          0x000002ba   Section        0  libinit2.o(.ARM.Collect$$libinit$$00000017)
    .ARM.Collect$$libinit$$00000019          0x000002ba   Section        0  libinit2.o(.ARM.Collect$$libinit$$00000019)
    .ARM.Collect$$libinit$$0000001B          0x000002ba   Section        0  libinit2.o(.ARM.Collect$$libinit$$0000001B)
    .ARM.Collect$$libinit$$0000001D          0x000002ba   Section        0  libinit2.o(.ARM.Collect$$libinit$$0000001D)
    .ARM.Collect$$libinit$$0000001F          0x000002ba   Section        0  libinit2.o(.ARM.Collect$$libinit$$0000001F)
    .ARM.Collect$$libinit$$00000021          0x000002ba   Section        0  libinit2.o(.ARM.Collect$$libinit$$00000021)
    .ARM.Collect$$libinit$$00000023          0x000002ba   Section        0  libinit2.o(.ARM.Collect$$libinit$$00000023)
    .ARM.Collect$$libinit$$00000025          0x000002ba   Section        0  libinit2.o(.ARM.Collect$$libinit$$00000025)
    .ARM.Collect$$libinit$$0000002C          0x000002ba   Section        0  libinit2.o(.ARM.Collect$$libinit$$0000002C)
    .ARM.Collect$$libinit$$0000002E          0x000002ba   Section        0  libinit2.o(.ARM.Collect$$libinit$$0000002E)
    .ARM.Collect$$libinit$$00000030          0x000002ba   Section        0  libinit2.o(.ARM.Collect$$libinit$$00000030)
    .ARM.Collect$$libinit$$00000032          0x000002ba   Section        0  libinit2.o(.ARM.Collect$$libinit$$00000032)
    .ARM.Collect$$libinit$$00000033          0x000002ba   Section        2  libinit2.o(.ARM.Collect$$libinit$$00000033)
    .ARM.Collect$$libshutdown$$00000000      0x000002bc   Section        2  libshutdown.o(.ARM.Collect$$libshutdown$$00000000)
    .ARM.Collect$$libshutdown$$00000002      0x000002be   Section        0  libshutdown2.o(.ARM.Collect$$libshutdown$$00000002)
    .ARM.Collect$$libshutdown$$00000004      0x000002be   Section        0  libshutdown2.o(.ARM.Collect$$libshutdown$$00000004)
    .ARM.Collect$$libshutdown$$00000007      0x000002be   Section        0  libshutdown2.o(.ARM.Collect$$libshutdown$$00000007)
    .ARM.Collect$$libshutdown$$0000000A      0x000002be   Section        0  libshutdown2.o(.ARM.Collect$$libshutdown$$0000000A)
    .ARM.Collect$$libshutdown$$0000000C      0x000002be   Section        0  libshutdown2.o(.ARM.Collect$$libshutdown$$0000000C)
    .ARM.Collect$$libshutdown$$0000000F      0x000002be   Section        0  libshutdown2.o(.ARM.Collect$$libshutdown$$0000000F)
    .ARM.Collect$$libshutdown$$00000010      0x000002be   Section        2  libshutdown2.o(.ARM.Collect$$libshutdown$$00000010)
    .ARM.Collect$$rtentry$$00000000          0x000002c0   Section        0  __rtentry.o(.ARM.Collect$$rtentry$$00000000)
    .ARM.Collect$$rtentry$$00000002          0x000002c0   Section        0  __rtentry2.o(.ARM.Collect$$rtentry$$00000002)
    .ARM.Collect$$rtentry$$00000004          0x000002c0   Section        6  __rtentry4.o(.ARM.Collect$$rtentry$$00000004)
    .ARM.Collect$$rtentry$$00000009          0x000002c6   Section        0  __rtentry2.o(.ARM.Collect$$rtentry$$00000009)
    .ARM.Collect$$rtentry$$0000000A          0x000002c6   Section        4  __rtentry2.o(.ARM.Collect$$rtentry$$0000000A)
    .ARM.Collect$$rtentry$$0000000C          0x000002ca   Section        0  __rtentry2.o(.ARM.Collect$$rtentry$$0000000C)
    .ARM.Collect$$rtentry$$0000000D          0x000002ca   Section        8  __rtentry2.o(.ARM.Collect$$rtentry$$0000000D)
    .ARM.Collect$$rtexit$$00000000           0x000002d2   Section        2  rtexit.o(.ARM.Collect$$rtexit$$00000000)
    .ARM.Collect$$rtexit$$00000002           0x000002d4   Section        0  rtexit2.o(.ARM.Collect$$rtexit$$00000002)
    .ARM.Collect$$rtexit$$00000003           0x000002d4   Section        4  rtexit2.o(.ARM.Collect$$rtexit$$00000003)
    .ARM.Collect$$rtexit$$00000004           0x000002d8   Section        6  rtexit2.o(.ARM.Collect$$rtexit$$00000004)
    .emb_text                                0x000002e0   Section       38  cpu.o(.emb_text)
    $v0                                      0x000002e0   Number         0  cpu.o(.emb_text)
    .text                                    0x00000308   Section      300  startup_tm4c129.o(.text)
    $v0                                      0x00000308   Number         0  startup_tm4c129.o(.text)
    .text                                    0x00000434   Section        0  heapauxi.o(.text)
    .text                                    0x0000043a   Section       74  sys_stackheap_outer.o(.text)
    .text                                    0x00000484   Section        0  exit.o(.text)
    .text                                    0x00000498   Section        8  libspace.o(.text)
    .text                                    0x000004a0   Section        0  sys_exit.o(.text)
    .text                                    0x000004ac   Section        2  use_no_semi.o(.text)
    .text                                    0x000004ae   Section        0  indicate_semi.o(.text)
    i.DevicesInit                            0x000004b0   Section        0  exp4_1.o(i.DevicesInit)
    i.GPIODirModeSet                         0x000004d8   Section        0  gpio.o(i.GPIODirModeSet)
    i.GPIOInit                               0x00000500   Section        0  exp4_1.o(i.GPIOInit)
    i.GPIOPadConfigSet                       0x0000058c   Section        0  gpio.o(i.GPIOPadConfigSet)
    i.GPIOPinRead                            0x000006c4   Section        0  gpio.o(i.GPIOPinRead)
    i.GPIOPinTypeGPIOInput                   0x000006ca   Section        0  gpio.o(i.GPIOPinTypeGPIOInput)
    i.GPIOPinTypeGPIOOutput                  0x000006e6   Section        0  gpio.o(i.GPIOPinTypeGPIOOutput)
    i.GPIOPinWrite                           0x00000702   Section        0  gpio.o(i.GPIOPinWrite)
    i.IntMasterEnable                        0x00000708   Section        0  interrupt.o(i.IntMasterEnable)
    i.LCD_DataWrite_IC                       0x00000718   Section        0  exp4_1.o(i.LCD_DataWrite_IC)
    i.LCD_SetPos                             0x000008e8   Section        0  exp4_1.o(i.LCD_SetPos)
    LCD_SetPos                               0x000008e9   Thumb Code    90  exp4_1.o(i.LCD_SetPos)
    i.LCD_drawLine                           0x00000942   Section        0  exp4_1.o(i.LCD_drawLine)
    i.LCD_drawPoint                          0x000009f6   Section        0  exp4_1.o(i.LCD_drawPoint)
    i.SysCtlClockFreqSet                     0x00000a14   Section        0  sysctl.o(i.SysCtlClockFreqSet)
    i.SysCtlPeripheralEnable                 0x00000d00   Section        0  sysctl.o(i.SysCtlPeripheralEnable)
    i.SysCtlPeripheralReady                  0x00000d28   Section        0  sysctl.o(i.SysCtlPeripheralReady)
    i.SysTickEnable                          0x00000d54   Section        0  systick.o(i.SysTickEnable)
    i.SysTickInit                            0x00000d64   Section        0  exp4_1.o(i.SysTickInit)
    i.SysTickIntEnable                       0x00000d84   Section        0  systick.o(i.SysTickIntEnable)
    i.SysTickPeriodSet                       0x00000d92   Section        0  systick.o(i.SysTickPeriodSet)
    i.SysTick_Handler                        0x00000d9c   Section        0  exp4_1.o(i.SysTick_Handler)
    i.SystemInit                             0x00000e38   Section        0  system_tm4c129.o(i.SystemInit)
    i.TM1638_DigiSegment                     0x00000e58   Section        0  tm1638.o(i.TM1638_DigiSegment)
    i.TM1638_Readkeyboard                    0x00000f5c   Section        0  tm1638.o(i.TM1638_Readkeyboard)
    i.TM1638_RefreshDIGIandLED               0x00000ffc   Section        0  tm1638.o(i.TM1638_RefreshDIGIandLED)
    i.TM1638_Serial_Input                    0x00001098   Section        0  tm1638.o(i.TM1638_Serial_Input)
    i.TM1638_Serial_Output                   0x000010ec   Section        0  tm1638.o(i.TM1638_Serial_Output)
    i.delay                                  0x00001140   Section        0  exp4_1.o(i.delay)
    i.lcd_initial                            0x0000115c   Section        0  exp4_1.o(i.lcd_initial)
    i.main                                   0x00001388   Section        0  exp4_1.o(i.main)
    i.wr_dat                                 0x000013ae   Section        0  exp4_1.o(i.wr_dat)
    i.write_command                          0x000013c4   Section        0  exp4_1.o(i.write_command)
    i.write_data                             0x00001594   Section        0  exp4_1.o(i.write_data)
    x$fpl$fpinit                             0x00001764   Section       10  fpinit.o(x$fpl$fpinit)
    $v0                                      0x00001764   Number         0  fpinit.o(x$fpl$fpinit)
    .constdata                               0x00001770   Section      596  sysctl.o(.constdata)
    g_pui32VCOFrequencies                    0x00001770   Data           8  sysctl.o(.constdata)
    g_pui32Xtals                             0x00001778   Data         108  sysctl.o(.constdata)
    g_pppui32XTALtoVCO                       0x000017e4   Data         432  sysctl.o(.constdata)
    g_sXTALtoMEMTIM                          0x00001994   Data          48  sysctl.o(.constdata)
    .data                                    0x20000000   Section     6018  exp4_1.o(.data)
    .data                                    0x20001784   Section        4  system_tm4c129.o(.data)
    .bss                                     0x20001788   Section       96  libspace.o(.bss)
    HEAP                                     0x200017e8   Section        0  startup_tm4c129.o(HEAP)
    STACK                                    0x200017e8   Section      512  startup_tm4c129.o(STACK)
    Heap_Mem                                 0x200017e8   Data           0  startup_tm4c129.o(HEAP)
    Stack_Mem                                0x200017e8   Data         512  startup_tm4c129.o(STACK)
    __initial_sp                             0x200019e8   Data           0  startup_tm4c129.o(STACK)

    Global Symbols

    Symbol Name                              Value     Ov Type        Size  Object(Section)

    BuildAttributes$$THM_ISAv4$E$P$D$K$B$S$7EM$VFPi3$EXTD16$VFPS$VFMA$PE$A:L22UL41UL21$X:L11$S22US41US21$IEEE1$IW$USESV6$~STKCKD$USESV7$~SHL$OTIME$ROPI$EBA8$UX$STANDARDLIB$REQ8$PRES8$EABIv2 0x00000000   Number         0  anon$$obj.o ABSOLUTE
    __ARM_use_no_argv                        0x00000000   Number         0  exp4_1.o ABSOLUTE
    __Vectors                                0x00000000   Data           4  startup_tm4c129.o(RESET)
    __ARM_exceptions_init                     - Undefined Weak Reference
    __alloca_initialize                       - Undefined Weak Reference
    __arm_preinit_                            - Undefined Weak Reference
    __cpp_initialize__aeabi_                  - Undefined Weak Reference
    __cxa_finalize                            - Undefined Weak Reference
    __rt_locale                               - Undefined Weak Reference
    __sigvec_lookup                           - Undefined Weak Reference
    _atexit_init                              - Undefined Weak Reference
    _call_atexit_fns                          - Undefined Weak Reference
    _clock_init                               - Undefined Weak Reference
    _fp_trap_init                             - Undefined Weak Reference
    _fp_trap_shutdown                         - Undefined Weak Reference
    _get_lc_collate                           - Undefined Weak Reference
    _get_lc_ctype                             - Undefined Weak Reference
    _get_lc_monetary                          - Undefined Weak Reference
    _get_lc_numeric                           - Undefined Weak Reference
    _get_lc_time                              - Undefined Weak Reference
    _getenv_init                              - Undefined Weak Reference
    _handle_redirection                       - Undefined Weak Reference
    _init_alloc                               - Undefined Weak Reference
    _init_user_alloc                          - Undefined Weak Reference
    _initio                                   - Undefined Weak Reference
    _rand_init                                - Undefined Weak Reference
    _signal_finish                            - Undefined Weak Reference
    _signal_init                              - Undefined Weak Reference
    _terminate_alloc                          - Undefined Weak Reference
    _terminate_user_alloc                     - Undefined Weak Reference
    _terminateio                              - Undefined Weak Reference
    __Vectors_End                            0x00000200   Data           0  startup_tm4c129.o(RESET)
    __Vectors_Size                           0x00000200   Number         0  startup_tm4c129.o ABSOLUTE
    __main                                   0x00000201   Thumb Code     8  __main.o(!!!main)
    __scatterload                            0x00000209   Thumb Code     0  __scatter.o(!!!scatter)
    __scatterload_rt2                        0x00000209   Thumb Code    44  __scatter.o(!!!scatter)
    __scatterload_rt2_thumb_only             0x00000209   Thumb Code     0  __scatter.o(!!!scatter)
    __scatterload_null                       0x00000217   Thumb Code     0  __scatter.o(!!!scatter)
    __decompress                             0x0000023d   Thumb Code    90  __dczerorl2.o(!!dczerorl2)
    __decompress1                            0x0000023d   Thumb Code     0  __dczerorl2.o(!!dczerorl2)
    __scatterload_zeroinit                   0x00000299   Thumb Code    28  __scatter_zi.o(!!handler_zi)
    __rt_lib_init                            0x000002b5   Thumb Code     0  libinit.o(.ARM.Collect$$libinit$$00000000)
    __rt_lib_init_fp_1                       0x000002b7   Thumb Code     0  libinit2.o(.ARM.Collect$$libinit$$00000001)
    __rt_lib_init_alloca_1                   0x000002bb   Thumb Code     0  libinit2.o(.ARM.Collect$$libinit$$0000002E)
    __rt_lib_init_argv_1                     0x000002bb   Thumb Code     0  libinit2.o(.ARM.Collect$$libinit$$0000002C)
    __rt_lib_init_atexit_1                   0x000002bb   Thumb Code     0  libinit2.o(.ARM.Collect$$libinit$$0000001B)
    __rt_lib_init_clock_1                    0x000002bb   Thumb Code     0  libinit2.o(.ARM.Collect$$libinit$$00000021)
    __rt_lib_init_cpp_1                      0x000002bb   Thumb Code     0  libinit2.o(.ARM.Collect$$libinit$$00000032)
    __rt_lib_init_exceptions_1               0x000002bb   Thumb Code     0  libinit2.o(.ARM.Collect$$libinit$$00000030)
    __rt_lib_init_fp_trap_1                  0x000002bb   Thumb Code     0  libinit2.o(.ARM.Collect$$libinit$$0000001F)
    __rt_lib_init_getenv_1                   0x000002bb   Thumb Code     0  libinit2.o(.ARM.Collect$$libinit$$00000023)
    __rt_lib_init_heap_1                     0x000002bb   Thumb Code     0  libinit2.o(.ARM.Collect$$libinit$$0000000A)
    __rt_lib_init_lc_collate_1               0x000002bb   Thumb Code     0  libinit2.o(.ARM.Collect$$libinit$$00000011)
    __rt_lib_init_lc_ctype_1                 0x000002bb   Thumb Code     0  libinit2.o(.ARM.Collect$$libinit$$00000013)
    __rt_lib_init_lc_monetary_1              0x000002bb   Thumb Code     0  libinit2.o(.ARM.Collect$$libinit$$00000015)
    __rt_lib_init_lc_numeric_1               0x000002bb   Thumb Code     0  libinit2.o(.ARM.Collect$$libinit$$00000017)
    __rt_lib_init_lc_time_1                  0x000002bb   Thumb Code     0  libinit2.o(.ARM.Collect$$libinit$$00000019)
    __rt_lib_init_preinit_1                  0x000002bb   Thumb Code     0  libinit2.o(.ARM.Collect$$libinit$$00000004)
    __rt_lib_init_rand_1                     0x000002bb   Thumb Code     0  libinit2.o(.ARM.Collect$$libinit$$0000000E)
    __rt_lib_init_return                     0x000002bb   Thumb Code     0  libinit2.o(.ARM.Collect$$libinit$$00000033)
    __rt_lib_init_signal_1                   0x000002bb   Thumb Code     0  libinit2.o(.ARM.Collect$$libinit$$0000001D)
    __rt_lib_init_stdio_1                    0x000002bb   Thumb Code     0  libinit2.o(.ARM.Collect$$libinit$$00000025)
    __rt_lib_init_user_alloc_1               0x000002bb   Thumb Code     0  libinit2.o(.ARM.Collect$$libinit$$0000000C)
    __rt_lib_shutdown                        0x000002bd   Thumb Code     0  libshutdown.o(.ARM.Collect$$libshutdown$$00000000)
    __rt_lib_shutdown_cpp_1                  0x000002bf   Thumb Code     0  libshutdown2.o(.ARM.Collect$$libshutdown$$00000002)
    __rt_lib_shutdown_fp_trap_1              0x000002bf   Thumb Code     0  libshutdown2.o(.ARM.Collect$$libshutdown$$00000007)
    __rt_lib_shutdown_heap_1                 0x000002bf   Thumb Code     0  libshutdown2.o(.ARM.Collect$$libshutdown$$0000000F)
    __rt_lib_shutdown_return                 0x000002bf   Thumb Code     0  libshutdown2.o(.ARM.Collect$$libshutdown$$00000010)
    __rt_lib_shutdown_signal_1               0x000002bf   Thumb Code     0  libshutdown2.o(.ARM.Collect$$libshutdown$$0000000A)
    __rt_lib_shutdown_stdio_1                0x000002bf   Thumb Code     0  libshutdown2.o(.ARM.Collect$$libshutdown$$00000004)
    __rt_lib_shutdown_user_alloc_1           0x000002bf   Thumb Code     0  libshutdown2.o(.ARM.Collect$$libshutdown$$0000000C)
    __rt_entry                               0x000002c1   Thumb Code     0  __rtentry.o(.ARM.Collect$$rtentry$$00000000)
    __rt_entry_presh_1                       0x000002c1   Thumb Code     0  __rtentry2.o(.ARM.Collect$$rtentry$$00000002)
    __rt_entry_sh                            0x000002c1   Thumb Code     0  __rtentry4.o(.ARM.Collect$$rtentry$$00000004)
    __rt_entry_li                            0x000002c7   Thumb Code     0  __rtentry2.o(.ARM.Collect$$rtentry$$0000000A)
    __rt_entry_postsh_1                      0x000002c7   Thumb Code     0  __rtentry2.o(.ARM.Collect$$rtentry$$00000009)
    __rt_entry_main                          0x000002cb   Thumb Code     0  __rtentry2.o(.ARM.Collect$$rtentry$$0000000D)
    __rt_entry_postli_1                      0x000002cb   Thumb Code     0  __rtentry2.o(.ARM.Collect$$rtentry$$0000000C)
    __rt_exit                                0x000002d3   Thumb Code     0  rtexit.o(.ARM.Collect$$rtexit$$00000000)
    __rt_exit_ls                             0x000002d5   Thumb Code     0  rtexit2.o(.ARM.Collect$$rtexit$$00000003)
    __rt_exit_prels_1                        0x000002d5   Thumb Code     0  rtexit2.o(.ARM.Collect$$rtexit$$00000002)
    __rt_exit_exit                           0x000002d9   Thumb Code     0  rtexit2.o(.ARM.Collect$$rtexit$$00000004)
    CPUcpsid                                 0x000002e1   Thumb Code     8  cpu.o(.emb_text)
    CPUprimask                               0x000002e9   Thumb Code     6  cpu.o(.emb_text)
    CPUcpsie                                 0x000002ef   Thumb Code     8  cpu.o(.emb_text)
    CPUwfi                                   0x000002f7   Thumb Code     4  cpu.o(.emb_text)
    CPUbasepriSet                            0x000002fb   Thumb Code     6  cpu.o(.emb_text)
    CPUbasepriGet                            0x00000301   Thumb Code     6  cpu.o(.emb_text)
    Reset_Handler                            0x00000309   Thumb Code     8  startup_tm4c129.o(.text)
    NMI_Handler                              0x00000311   Thumb Code     2  startup_tm4c129.o(.text)
    HardFault_Handler                        0x00000313   Thumb Code     2  startup_tm4c129.o(.text)
    MemManage_Handler                        0x00000315   Thumb Code     2  startup_tm4c129.o(.text)
    BusFault_Handler                         0x00000317   Thumb Code     2  startup_tm4c129.o(.text)
    UsageFault_Handler                       0x00000319   Thumb Code     2  startup_tm4c129.o(.text)
    SVC_Handler                              0x0000031b   Thumb Code     2  startup_tm4c129.o(.text)
    DebugMon_Handler                         0x0000031d   Thumb Code     2  startup_tm4c129.o(.text)
    PendSV_Handler                           0x0000031f   Thumb Code     2  startup_tm4c129.o(.text)
    GPIOA_Handler                            0x00000323   Thumb Code     2  startup_tm4c129.o(.text)
    GPIOB_Handler                            0x00000325   Thumb Code     2  startup_tm4c129.o(.text)
    GPIOC_Handler                            0x00000327   Thumb Code     2  startup_tm4c129.o(.text)
    GPIOD_Handler                            0x00000329   Thumb Code     2  startup_tm4c129.o(.text)
    GPIOE_Handler                            0x0000032b   Thumb Code     2  startup_tm4c129.o(.text)
    UART0_Handler                            0x0000032d   Thumb Code     2  startup_tm4c129.o(.text)
    UART1_Handler                            0x0000032f   Thumb Code     2  startup_tm4c129.o(.text)
    SSI0_Handler                             0x00000331   Thumb Code     2  startup_tm4c129.o(.text)
    I2C0_Handler                             0x00000333   Thumb Code     2  startup_tm4c129.o(.text)
    PMW0_FAULT_Handler                       0x00000335   Thumb Code     2  startup_tm4c129.o(.text)
    PWM0_0_Handler                           0x00000337   Thumb Code     2  startup_tm4c129.o(.text)
    PWM0_1_Handler                           0x00000339   Thumb Code     2  startup_tm4c129.o(.text)
    PWM0_2_Handler                           0x0000033b   Thumb Code     2  startup_tm4c129.o(.text)
    QEI0_Handler                             0x0000033d   Thumb Code     2  startup_tm4c129.o(.text)
    ADC0SS0_Handler                          0x0000033f   Thumb Code     2  startup_tm4c129.o(.text)
    ADC0SS1_Handler                          0x00000341   Thumb Code     2  startup_tm4c129.o(.text)
    ADC0SS2_Handler                          0x00000343   Thumb Code     2  startup_tm4c129.o(.text)
    ADC0SS3_Handler                          0x00000345   Thumb Code     2  startup_tm4c129.o(.text)
    WDT0_Handler                             0x00000347   Thumb Code     2  startup_tm4c129.o(.text)
    TIMER0A_Handler                          0x00000349   Thumb Code     2  startup_tm4c129.o(.text)
    TIMER0B_Handler                          0x0000034b   Thumb Code     2  startup_tm4c129.o(.text)
    TIMER1A_Handler                          0x0000034d   Thumb Code     2  startup_tm4c129.o(.text)
    TIMER1B_Handler                          0x0000034f   Thumb Code     2  startup_tm4c129.o(.text)
    TIMER2A_Handler                          0x00000351   Thumb Code     2  startup_tm4c129.o(.text)
    TIMER2B_Handler                          0x00000353   Thumb Code     2  startup_tm4c129.o(.text)
    COMP0_Handler                            0x00000355   Thumb Code     2  startup_tm4c129.o(.text)
    COMP1_Handler                            0x00000357   Thumb Code     2  startup_tm4c129.o(.text)
    COMP2_Handler                            0x00000359   Thumb Code     2  startup_tm4c129.o(.text)
    SYSCTL_Handler                           0x0000035b   Thumb Code     2  startup_tm4c129.o(.text)
    FLASH_Handler                            0x0000035d   Thumb Code     2  startup_tm4c129.o(.text)
    GPIOF_Handler                            0x0000035f   Thumb Code     2  startup_tm4c129.o(.text)
    GPIOG_Handler                            0x00000361   Thumb Code     2  startup_tm4c129.o(.text)
    GPIOH_Handler                            0x00000363   Thumb Code     2  startup_tm4c129.o(.text)
    UART2_Handler                            0x00000365   Thumb Code     2  startup_tm4c129.o(.text)
    SSI1_Handler                             0x00000367   Thumb Code     2  startup_tm4c129.o(.text)
    TIMER3A_Handler                          0x00000369   Thumb Code     2  startup_tm4c129.o(.text)
    TIMER3B_Handler                          0x0000036b   Thumb Code     2  startup_tm4c129.o(.text)
    I2C1_Handler                             0x0000036d   Thumb Code     2  startup_tm4c129.o(.text)
    CAN0_Handler                             0x0000036f   Thumb Code     2  startup_tm4c129.o(.text)
    CAN1_Handler                             0x00000371   Thumb Code     2  startup_tm4c129.o(.text)
    ETH_Handler                              0x00000373   Thumb Code     2  startup_tm4c129.o(.text)
    HIB_Handler                              0x00000375   Thumb Code     2  startup_tm4c129.o(.text)
    USB0_Handler                             0x00000377   Thumb Code     2  startup_tm4c129.o(.text)
    PWM0_3_Handler                           0x00000379   Thumb Code     2  startup_tm4c129.o(.text)
    UDMA_Handler                             0x0000037b   Thumb Code     2  startup_tm4c129.o(.text)
    UDMAERR_Handler                          0x0000037d   Thumb Code     2  startup_tm4c129.o(.text)
    ADC1SS0_Handler                          0x0000037f   Thumb Code     2  startup_tm4c129.o(.text)
    ADC1SS1_Handler                          0x00000381   Thumb Code     2  startup_tm4c129.o(.text)
    ADC1SS2_Handler                          0x00000383   Thumb Code     2  startup_tm4c129.o(.text)
    ADC1SS3_Handler                          0x00000385   Thumb Code     2  startup_tm4c129.o(.text)
    EBI0_Handler                             0x00000387   Thumb Code     2  startup_tm4c129.o(.text)
    GPIOJ_Handler                            0x00000389   Thumb Code     2  startup_tm4c129.o(.text)
    GPIOK_Handler                            0x0000038b   Thumb Code     2  startup_tm4c129.o(.text)
    GPIOL_Handler                            0x0000038d   Thumb Code     2  startup_tm4c129.o(.text)
    SSI2_Handler                             0x0000038f   Thumb Code     2  startup_tm4c129.o(.text)
    SSI3_Handler                             0x00000391   Thumb Code     2  startup_tm4c129.o(.text)
    UART3_Handler                            0x00000393   Thumb Code     2  startup_tm4c129.o(.text)
    UART4_Handler                            0x00000395   Thumb Code     2  startup_tm4c129.o(.text)
    UART5_Handler                            0x00000397   Thumb Code     2  startup_tm4c129.o(.text)
    UART6_Handler                            0x00000399   Thumb Code     2  startup_tm4c129.o(.text)
    UART7_Handler                            0x0000039b   Thumb Code     2  startup_tm4c129.o(.text)
    I2C2_Handler                             0x0000039d   Thumb Code     2  startup_tm4c129.o(.text)
    I2C3_Handler                             0x0000039f   Thumb Code     2  startup_tm4c129.o(.text)
    TIMER4A_Handler                          0x000003a1   Thumb Code     2  startup_tm4c129.o(.text)
    TIMER4B_Handler                          0x000003a3   Thumb Code     2  startup_tm4c129.o(.text)
    TIMER5A_Handler                          0x000003a5   Thumb Code     2  startup_tm4c129.o(.text)
    TIMER5B_Handler                          0x000003a7   Thumb Code     2  startup_tm4c129.o(.text)
    WTIMER0A_Handler                         0x000003a9   Thumb Code     2  startup_tm4c129.o(.text)
    WTIMER0B_Handler                         0x000003ab   Thumb Code     2  startup_tm4c129.o(.text)
    WTIMER1A_Handler                         0x000003ad   Thumb Code     2  startup_tm4c129.o(.text)
    WTIMER1B_Handler                         0x000003af   Thumb Code     2  startup_tm4c129.o(.text)
    WTIMER2A_Handler                         0x000003b1   Thumb Code     2  startup_tm4c129.o(.text)
    WTIMER2B_Handler                         0x000003b3   Thumb Code     2  startup_tm4c129.o(.text)
    WTIMER3A_Handler                         0x000003b5   Thumb Code     2  startup_tm4c129.o(.text)
    WTIMER3B_Handler                         0x000003b7   Thumb Code     2  startup_tm4c129.o(.text)
    WTIMER4A_Handler                         0x000003b9   Thumb Code     2  startup_tm4c129.o(.text)
    WTIMER4B_Handler                         0x000003bb   Thumb Code     2  startup_tm4c129.o(.text)
    WTIMER5A_Handler                         0x000003bd   Thumb Code     2  startup_tm4c129.o(.text)
    WTIMER5B_Handler                         0x000003bf   Thumb Code     2  startup_tm4c129.o(.text)
    FPU_Handler                              0x000003c1   Thumb Code     2  startup_tm4c129.o(.text)
    I2C4_Handler                             0x000003c3   Thumb Code     2  startup_tm4c129.o(.text)
    I2C5_Handler                             0x000003c5   Thumb Code     2  startup_tm4c129.o(.text)
    GPIOM_Handler                            0x000003c7   Thumb Code     2  startup_tm4c129.o(.text)
    GPION_Handler                            0x000003c9   Thumb Code     2  startup_tm4c129.o(.text)
    TAMPER_Handler                           0x000003cb   Thumb Code     2  startup_tm4c129.o(.text)
    GPIOP0_Handler                           0x000003cd   Thumb Code     2  startup_tm4c129.o(.text)
    GPIOP1_Handler                           0x000003cf   Thumb Code     2  startup_tm4c129.o(.text)
    GPIOP2_Handler                           0x000003d1   Thumb Code     2  startup_tm4c129.o(.text)
    GPIOP3_Handler                           0x000003d3   Thumb Code     2  startup_tm4c129.o(.text)
    GPIOP4_Handler                           0x000003d5   Thumb Code     2  startup_tm4c129.o(.text)
    GPIOP5_Handler                           0x000003d7   Thumb Code     2  startup_tm4c129.o(.text)
    GPIOP6_Handler                           0x000003d9   Thumb Code     2  startup_tm4c129.o(.text)
    GPIOP7_Handler                           0x000003db   Thumb Code     2  startup_tm4c129.o(.text)
    GPIOQ0_Handler                           0x000003dd   Thumb Code     2  startup_tm4c129.o(.text)
    GPIOQ1_Handler                           0x000003df   Thumb Code     2  startup_tm4c129.o(.text)
    GPIOQ2_Handler                           0x000003e1   Thumb Code     2  startup_tm4c129.o(.text)
    GPIOQ3_Handler                           0x000003e3   Thumb Code     2  startup_tm4c129.o(.text)
    GPIOQ4_Handler                           0x000003e5   Thumb Code     2  startup_tm4c129.o(.text)
    GPIOQ5_Handler                           0x000003e7   Thumb Code     2  startup_tm4c129.o(.text)
    GPIOQ6_Handler                           0x000003e9   Thumb Code     2  startup_tm4c129.o(.text)
    GPIOQ7_Handler                           0x000003eb   Thumb Code     2  startup_tm4c129.o(.text)
    GPIOR_Handler                            0x000003ed   Thumb Code     2  startup_tm4c129.o(.text)
    GPIOS_Handler                            0x000003ef   Thumb Code     2  startup_tm4c129.o(.text)
    SHAMD5_Handler                           0x000003f1   Thumb Code     2  startup_tm4c129.o(.text)
    AES_Handler                              0x000003f3   Thumb Code     2  startup_tm4c129.o(.text)
    DES3DES_Handler                          0x000003f5   Thumb Code     2  startup_tm4c129.o(.text)
    LCDCONTROLLER_Handler                    0x000003f7   Thumb Code     2  startup_tm4c129.o(.text)
    TIMER6A_Handler                          0x000003f9   Thumb Code     2  startup_tm4c129.o(.text)
    TIMER6B_Handler                          0x000003fb   Thumb Code     2  startup_tm4c129.o(.text)
    TIMER7A_Handler                          0x000003fd   Thumb Code     2  startup_tm4c129.o(.text)
    TIMER7B_Handler                          0x000003ff   Thumb Code     2  startup_tm4c129.o(.text)
    I2C6_Handler                             0x00000401   Thumb Code     2  startup_tm4c129.o(.text)
    I2C7_Handler                             0x00000403   Thumb Code     2  startup_tm4c129.o(.text)
    HIMSCANKEYBOARD_Handler                  0x00000405   Thumb Code     2  startup_tm4c129.o(.text)
    ONEWIRE_Handler                          0x00000407   Thumb Code     2  startup_tm4c129.o(.text)
    HIMPS2_Handler                           0x00000409   Thumb Code     2  startup_tm4c129.o(.text)
    HIMLEDSEQUENCER_Handler                  0x0000040b   Thumb Code     2  startup_tm4c129.o(.text)
    HIMCONSUMERIR_Handler                    0x0000040d   Thumb Code     2  startup_tm4c129.o(.text)
    I2C8_Handler                             0x0000040f   Thumb Code     2  startup_tm4c129.o(.text)
    I2C9_Handler                             0x00000411   Thumb Code     2  startup_tm4c129.o(.text)
    GPIOT_Handler                            0x00000413   Thumb Code     2  startup_tm4c129.o(.text)
    __user_initial_stackheap                 0x00000415   Thumb Code     0  startup_tm4c129.o(.text)
    __use_two_region_memory                  0x00000435   Thumb Code     2  heapauxi.o(.text)
    __rt_heap_escrow$2region                 0x00000437   Thumb Code     2  heapauxi.o(.text)
    __rt_heap_expand$2region                 0x00000439   Thumb Code     2  heapauxi.o(.text)
    __user_setup_stackheap                   0x0000043b   Thumb Code    74  sys_stackheap_outer.o(.text)
    exit                                     0x00000485   Thumb Code    18  exit.o(.text)
    __user_libspace                          0x00000499   Thumb Code     8  libspace.o(.text)
    __user_perproc_libspace                  0x00000499   Thumb Code     0  libspace.o(.text)
    __user_perthread_libspace                0x00000499   Thumb Code     0  libspace.o(.text)
    _sys_exit                                0x000004a1   Thumb Code     8  sys_exit.o(.text)
    __I$use$semihosting                      0x000004ad   Thumb Code     0  use_no_semi.o(.text)
    __use_no_semihosting_swi                 0x000004ad   Thumb Code     2  use_no_semi.o(.text)
    __semihosting_library_function           0x000004af   Thumb Code     0  indicate_semi.o(.text)
    DevicesInit                              0x000004b1   Thumb Code    28  exp4_1.o(i.DevicesInit)
    GPIODirModeSet                           0x000004d9   Thumb Code    40  gpio.o(i.GPIODirModeSet)
    GPIOInit                                 0x00000501   Thumb Code   120  exp4_1.o(i.GPIOInit)
    GPIOPadConfigSet                         0x0000058d   Thumb Code   312  gpio.o(i.GPIOPadConfigSet)
    GPIOPinRead                              0x000006c5   Thumb Code     6  gpio.o(i.GPIOPinRead)
    GPIOPinTypeGPIOInput                     0x000006cb   Thumb Code    28  gpio.o(i.GPIOPinTypeGPIOInput)
    GPIOPinTypeGPIOOutput                    0x000006e7   Thumb Code    28  gpio.o(i.GPIOPinTypeGPIOOutput)
    GPIOPinWrite                             0x00000703   Thumb Code     6  gpio.o(i.GPIOPinWrite)
    IntMasterEnable                          0x00000709   Thumb Code    14  interrupt.o(i.IntMasterEnable)
    LCD_DataWrite_IC                         0x00000719   Thumb Code   454  exp4_1.o(i.LCD_DataWrite_IC)
    LCD_drawLine                             0x00000943   Thumb Code   180  exp4_1.o(i.LCD_drawLine)
    LCD_drawPoint                            0x000009f7   Thumb Code    28  exp4_1.o(i.LCD_drawPoint)
    SysCtlClockFreqSet                       0x00000a15   Thumb Code   706  sysctl.o(i.SysCtlClockFreqSet)
    SysCtlPeripheralEnable                   0x00000d01   Thumb Code    36  sysctl.o(i.SysCtlPeripheralEnable)
    SysCtlPeripheralReady                    0x00000d29   Thumb Code    40  sysctl.o(i.SysCtlPeripheralReady)
    SysTickEnable                            0x00000d55   Thumb Code    14  systick.o(i.SysTickEnable)
    SysTickInit                              0x00000d65   Thumb Code    28  exp4_1.o(i.SysTickInit)
    SysTickIntEnable                         0x00000d85   Thumb Code    14  systick.o(i.SysTickIntEnable)
    SysTickPeriodSet                         0x00000d93   Thumb Code    10  systick.o(i.SysTickPeriodSet)
    SysTick_Handler                          0x00000d9d   Thumb Code   116  exp4_1.o(i.SysTick_Handler)
    SystemInit                               0x00000e39   Thumb Code    20  system_tm4c129.o(i.SystemInit)
    TM1638_DigiSegment                       0x00000e59   Thumb Code   260  tm1638.o(i.TM1638_DigiSegment)
    TM1638_Readkeyboard                      0x00000f5d   Thumb Code   156  tm1638.o(i.TM1638_Readkeyboard)
    TM1638_RefreshDIGIandLED                 0x00000ffd   Thumb Code   150  tm1638.o(i.TM1638_RefreshDIGIandLED)
    TM1638_Serial_Input                      0x00001099   Thumb Code    76  tm1638.o(i.TM1638_Serial_Input)
    TM1638_Serial_Output                     0x000010ed   Thumb Code    74  tm1638.o(i.TM1638_Serial_Output)
    delay                                    0x00001141   Thumb Code    26  exp4_1.o(i.delay)
    lcd_initial                              0x0000115d   Thumb Code   552  exp4_1.o(i.lcd_initial)
    main                                     0x00001389   Thumb Code    38  exp4_1.o(i.main)
    wr_dat                                   0x000013af   Thumb Code    20  exp4_1.o(i.wr_dat)
    write_command                            0x000013c5   Thumb Code   454  exp4_1.o(i.write_command)
    write_data                               0x00001595   Thumb Code   454  exp4_1.o(i.write_data)
    _fp_init                                 0x00001765   Thumb Code    10  fpinit.o(x$fpl$fpinit)
    __fplib_config_fpu_vfp                   0x0000176d   Thumb Code     0  fpinit.o(x$fpl$fpinit)
    __fplib_config_pureend_doubles           0x0000176d   Thumb Code     0  fpinit.o(x$fpl$fpinit)
    Region$$Table$$Base                      0x000019c4   Number         0  anon$$obj.o(Region$$Table)
    Region$$Table$$Limit                     0x000019e4   Number         0  anon$$obj.o(Region$$Table)
    jiong1                                   0x20000000   Data          32  exp4_1.o(.data)
    lei1                                     0x20000020   Data          32  exp4_1.o(.data)
    fontaddr                                 0x20000040   Data           4  exp4_1.o(.data)
    bmp1                                     0x20000044   Data        1024  exp4_1.o(.data)
    Font8x16                                 0x20000444   Data        2048  exp4_1.o(.data)
    codeGB_16                                0x20000c44   Data         875  exp4_1.o(.data)
    codeGB_32                                0x20000faf   Data        1965  exp4_1.o(.data)
    clock100ms                               0x2000175c   Data           1  exp4_1.o(.data)
    clock500ms                               0x2000175d   Data           1  exp4_1.o(.data)
    clock2s                                  0x2000175e   Data           1  exp4_1.o(.data)
    clock100ms_flag                          0x2000175f   Data           1  exp4_1.o(.data)
    clock500ms_flag                          0x20001760   Data           1  exp4_1.o(.data)
    clock2s_flag                             0x20001761   Data           1  exp4_1.o(.data)
    test_counter                             0x20001764   Data           4  exp4_1.o(.data)
    digit                                    0x20001768   Data           8  exp4_1.o(.data)
    pnt                                      0x20001770   Data           1  exp4_1.o(.data)
    led                                      0x20001771   Data           8  exp4_1.o(.data)
    key_code                                 0x20001779   Data           1  exp4_1.o(.data)
    ui32SysClock                             0x2000177c   Data           4  exp4_1.o(.data)
    bitdata                                  0x20001780   Data           1  exp4_1.o(.data)
    Zk_ASCII8X16                             0x20001781   Data           1  exp4_1.o(.data)
    SystemCoreClock                          0x20001784   Data           4  system_tm4c129.o(.data)
    __libspace_start                         0x20001788   Data          96  libspace.o(.bss)
    __temporary_stack_top$libspace           0x200017e8   Data           0  libspace.o(.bss)



==============================================================================

Memory Map of the image

  Image Entry point : 0x00000201

  Load Region LR_IROM1 (Base: 0x00000000, Size: 0x0000316c, Max: 0x00100000, ABSOLUTE, COMPRESSED[0x000025b0])

    Execution Region ER_IROM1 (Base: 0x00000000, Size: 0x000019e4, Max: 0x00100000, ABSOLUTE)

    Base Addr    Size         Type   Attr      Idx    E Section Name        Object

    0x00000000   0x00000200   Data   RO          363    RESET               startup_tm4c129.o
    0x00000200   0x00000008   Code   RO         1292  * !!!main             c_w.l(__main.o)
    0x00000208   0x00000034   Code   RO         1451    !!!scatter          c_w.l(__scatter.o)
    0x0000023c   0x0000005a   Code   RO         1449    !!dczerorl2         c_w.l(__dczerorl2.o)
    0x00000296   0x00000002   PAD
    0x00000298   0x0000001c   Code   RO         1453    !!handler_zi        c_w.l(__scatter_zi.o)
    0x000002b4   0x00000002   Code   RO         1319    .ARM.Collect$$libinit$$00000000  c_w.l(libinit.o)
    0x000002b6   0x00000004   Code   RO         1325    .ARM.Collect$$libinit$$00000001  c_w.l(libinit2.o)
    0x000002ba   0x00000000   Code   RO         1328    .ARM.Collect$$libinit$$00000004  c_w.l(libinit2.o)
    0x000002ba   0x00000000   Code   RO         1331    .ARM.Collect$$libinit$$0000000A  c_w.l(libinit2.o)
    0x000002ba   0x00000000   Code   RO         1333    .ARM.Collect$$libinit$$0000000C  c_w.l(libinit2.o)
    0x000002ba   0x00000000   Code   RO         1335    .ARM.Collect$$libinit$$0000000E  c_w.l(libinit2.o)
    0x000002ba   0x00000000   Code   RO         1338    .ARM.Collect$$libinit$$00000011  c_w.l(libinit2.o)
    0x000002ba   0x00000000   Code   RO         1340    .ARM.Collect$$libinit$$00000013  c_w.l(libinit2.o)
    0x000002ba   0x00000000   Code   RO         1342    .ARM.Collect$$libinit$$00000015  c_w.l(libinit2.o)
    0x000002ba   0x00000000   Code   RO         1344    .ARM.Collect$$libinit$$00000017  c_w.l(libinit2.o)
    0x000002ba   0x00000000   Code   RO         1346    .ARM.Collect$$libinit$$00000019  c_w.l(libinit2.o)
    0x000002ba   0x00000000   Code   RO         1348    .ARM.Collect$$libinit$$0000001B  c_w.l(libinit2.o)
    0x000002ba   0x00000000   Code   RO         1350    .ARM.Collect$$libinit$$0000001D  c_w.l(libinit2.o)
    0x000002ba   0x00000000   Code   RO         1352    .ARM.Collect$$libinit$$0000001F  c_w.l(libinit2.o)
    0x000002ba   0x00000000   Code   RO         1354    .ARM.Collect$$libinit$$00000021  c_w.l(libinit2.o)
    0x000002ba   0x00000000   Code   RO         1356    .ARM.Collect$$libinit$$00000023  c_w.l(libinit2.o)
    0x000002ba   0x00000000   Code   RO         1358    .ARM.Collect$$libinit$$00000025  c_w.l(libinit2.o)
    0x000002ba   0x00000000   Code   RO         1362    .ARM.Collect$$libinit$$0000002C  c_w.l(libinit2.o)
    0x000002ba   0x00000000   Code   RO         1364    .ARM.Collect$$libinit$$0000002E  c_w.l(libinit2.o)
    0x000002ba   0x00000000   Code   RO         1366    .ARM.Collect$$libinit$$00000030  c_w.l(libinit2.o)
    0x000002ba   0x00000000   Code   RO         1368    .ARM.Collect$$libinit$$00000032  c_w.l(libinit2.o)
    0x000002ba   0x00000002   Code   RO         1369    .ARM.Collect$$libinit$$00000033  c_w.l(libinit2.o)
    0x000002bc   0x00000002   Code   RO         1389    .ARM.Collect$$libshutdown$$00000000  c_w.l(libshutdown.o)
    0x000002be   0x00000000   Code   RO         1402    .ARM.Collect$$libshutdown$$00000002  c_w.l(libshutdown2.o)
    0x000002be   0x00000000   Code   RO         1404    .ARM.Collect$$libshutdown$$00000004  c_w.l(libshutdown2.o)
    0x000002be   0x00000000   Code   RO         1407    .ARM.Collect$$libshutdown$$00000007  c_w.l(libshutdown2.o)
    0x000002be   0x00000000   Code   RO         1410    .ARM.Collect$$libshutdown$$0000000A  c_w.l(libshutdown2.o)
    0x000002be   0x00000000   Code   RO         1412    .ARM.Collect$$libshutdown$$0000000C  c_w.l(libshutdown2.o)
    0x000002be   0x00000000   Code   RO         1415    .ARM.Collect$$libshutdown$$0000000F  c_w.l(libshutdown2.o)
    0x000002be   0x00000002   Code   RO         1416    .ARM.Collect$$libshutdown$$00000010  c_w.l(libshutdown2.o)
    0x000002c0   0x00000000   Code   RO         1294    .ARM.Collect$$rtentry$$00000000  c_w.l(__rtentry.o)
    0x000002c0   0x00000000   Code   RO         1296    .ARM.Collect$$rtentry$$00000002  c_w.l(__rtentry2.o)
    0x000002c0   0x00000006   Code   RO         1308    .ARM.Collect$$rtentry$$00000004  c_w.l(__rtentry4.o)
    0x000002c6   0x00000000   Code   RO         1298    .ARM.Collect$$rtentry$$00000009  c_w.l(__rtentry2.o)
    0x000002c6   0x00000004   Code   RO         1299    .ARM.Collect$$rtentry$$0000000A  c_w.l(__rtentry2.o)
    0x000002ca   0x00000000   Code   RO         1301    .ARM.Collect$$rtentry$$0000000C  c_w.l(__rtentry2.o)
    0x000002ca   0x00000008   Code   RO         1302    .ARM.Collect$$rtentry$$0000000D  c_w.l(__rtentry2.o)
    0x000002d2   0x00000002   Code   RO         1323    .ARM.Collect$$rtexit$$00000000  c_w.l(rtexit.o)
    0x000002d4   0x00000000   Code   RO         1371    .ARM.Collect$$rtexit$$00000002  c_w.l(rtexit2.o)
    0x000002d4   0x00000004   Code   RO         1372    .ARM.Collect$$rtexit$$00000003  c_w.l(rtexit2.o)
    0x000002d8   0x00000006   Code   RO         1373    .ARM.Collect$$rtexit$$00000004  c_w.l(rtexit2.o)
    0x000002de   0x00000002   PAD
    0x000002e0   0x00000026   Code   RO         1278    .emb_text           driverlib.lib(cpu.o)
    0x00000306   0x00000002   PAD
    0x00000308   0x0000012c   Code   RO          364    .text               startup_tm4c129.o
    0x00000434   0x00000006   Code   RO         1290    .text               c_w.l(heapauxi.o)
    0x0000043a   0x0000004a   Code   RO         1310    .text               c_w.l(sys_stackheap_outer.o)
    0x00000484   0x00000012   Code   RO         1312    .text               c_w.l(exit.o)
    0x00000496   0x00000002   PAD
    0x00000498   0x00000008   Code   RO         1320    .text               c_w.l(libspace.o)
    0x000004a0   0x0000000c   Code   RO         1381    .text               c_w.l(sys_exit.o)
    0x000004ac   0x00000002   Code   RO         1392    .text               c_w.l(use_no_semi.o)
    0x000004ae   0x00000000   Code   RO         1394    .text               c_w.l(indicate_semi.o)
    0x000004ae   0x00000002   PAD
    0x000004b0   0x00000028   Code   RO           72    i.DevicesInit       exp4_1.o
    0x000004d8   0x00000028   Code   RO          425    i.GPIODirModeSet    driverlib.lib(gpio.o)
    0x00000500   0x0000008c   Code   RO           73    i.GPIOInit          exp4_1.o
    0x0000058c   0x00000138   Code   RO          437    i.GPIOPadConfigSet  driverlib.lib(gpio.o)
    0x000006c4   0x00000006   Code   RO          439    i.GPIOPinRead       driverlib.lib(gpio.o)
    0x000006ca   0x0000001c   Code   RO          448    i.GPIOPinTypeGPIOInput  driverlib.lib(gpio.o)
    0x000006e6   0x0000001c   Code   RO          449    i.GPIOPinTypeGPIOOutput  driverlib.lib(gpio.o)
    0x00000702   0x00000006   Code   RO          467    i.GPIOPinWrite      driverlib.lib(gpio.o)
    0x00000708   0x0000000e   Code   RO          755    i.IntMasterEnable   driverlib.lib(interrupt.o)
    0x00000716   0x00000002   PAD
    0x00000718   0x000001d0   Code   RO           76    i.LCD_DataWrite_IC  exp4_1.o
    0x000008e8   0x0000005a   Code   RO           81    i.LCD_SetPos        exp4_1.o
    0x00000942   0x000000b4   Code   RO           84    i.LCD_drawLine      exp4_1.o
    0x000009f6   0x0000001c   Code   RO           85    i.LCD_drawPoint     exp4_1.o
    0x00000a12   0x00000002   PAD
    0x00000a14   0x000002ec   Code   RO          869    i.SysCtlClockFreqSet  driverlib.lib(sysctl.o)
    0x00000d00   0x00000028   Code   RO          901    i.SysCtlPeripheralEnable  driverlib.lib(sysctl.o)
    0x00000d28   0x0000002c   Code   RO          905    i.SysCtlPeripheralReady  driverlib.lib(sysctl.o)
    0x00000d54   0x0000000e   Code   RO         1216    i.SysTickEnable     driverlib.lib(systick.o)
    0x00000d62   0x00000002   PAD
    0x00000d64   0x00000020   Code   RO           90    i.SysTickInit       exp4_1.o
    0x00000d84   0x0000000e   Code   RO         1218    i.SysTickIntEnable  driverlib.lib(systick.o)
    0x00000d92   0x0000000a   Code   RO         1222    i.SysTickPeriodSet  driverlib.lib(systick.o)
    0x00000d9c   0x0000009c   Code   RO           91    i.SysTick_Handler   exp4_1.o
    0x00000e38   0x00000020   Code   RO          372    i.SystemInit        system_tm4c129.o
    0x00000e58   0x00000104   Code   RO            1    i.TM1638_DigiSegment  tm1638.o
    0x00000f5c   0x000000a0   Code   RO            3    i.TM1638_Readkeyboard  tm1638.o
    0x00000ffc   0x0000009c   Code   RO            4    i.TM1638_RefreshDIGIandLED  tm1638.o
    0x00001098   0x00000054   Code   RO            5    i.TM1638_Serial_Input  tm1638.o
    0x000010ec   0x00000054   Code   RO            6    i.TM1638_Serial_Output  tm1638.o
    0x00001140   0x0000001a   Code   RO           93    i.delay             exp4_1.o
    0x0000115a   0x00000002   PAD
    0x0000115c   0x0000022c   Code   RO          108    i.lcd_initial       exp4_1.o
    0x00001388   0x00000026   Code   RO          109    i.main              exp4_1.o
    0x000013ae   0x00000014   Code   RO          113    i.wr_dat            exp4_1.o
    0x000013c2   0x00000002   PAD
    0x000013c4   0x000001d0   Code   RO          114    i.write_command     exp4_1.o
    0x00001594   0x000001d0   Code   RO          115    i.write_data        exp4_1.o
    0x00001764   0x0000000a   Code   RO         1379    x$fpl$fpinit        fz_wm.l(fpinit.o)
    0x0000176e   0x00000002   PAD
    0x00001770   0x00000254   Data   RO          923    .constdata          driverlib.lib(sysctl.o)
    0x000019c4   0x00000020   Data   RO         1447    Region$$Table       anon$$obj.o


    Execution Region RW_IRAM1 (Base: 0x20000000, Size: 0x000019e8, Max: 0x00040000, ABSOLUTE, COMPRESSED[0x00000bcc])

    Base Addr    Size         Type   Attr      Idx    E Section Name        Object

    0x20000000   0x00001782   Data   RW          116    .data               exp4_1.o
    0x20001782   0x00000002   PAD
    0x20001784   0x00000004   Data   RW          373    .data               system_tm4c129.o
    0x20001788   0x00000060   Zero   RW         1321    .bss                c_w.l(libspace.o)
    0x200017e8   0x00000000   Zero   RW          362    HEAP                startup_tm4c129.o
    0x200017e8   0x00000200   Zero   RW          361    STACK               startup_tm4c129.o


==============================================================================

Image component sizes


      Code (inc. data)   RO Data    RW Data    ZI Data      Debug   Object Name

      2698        110          0       6018          0      13600   exp4_1.o
       300         22        512          0        512       6044   startup_tm4c129.o
        32         12          0          4          0        759   system_tm4c129.o
       744         72          0          0          0       8023   tm1638.o

    ----------------------------------------------------------------------
      3780        216        544       6024        512      28426   Object Totals
         0          0         32          0          0          0   (incl. Generated)
         6          0          0          2          0          0   (incl. Padding)

    ----------------------------------------------------------------------

      Code (inc. data)   RO Data    RW Data    ZI Data      Debug   Library Member Name

        90          0          0          0          0          0   __dczerorl2.o
         8          0          0          0          0         68   __main.o
         0          0          0          0          0          0   __rtentry.o
        12          0          0          0          0          0   __rtentry2.o
         6          0          0          0          0          0   __rtentry4.o
        52          8          0          0          0          0   __scatter.o
        28          0          0          0          0          0   __scatter_zi.o
        18          0          0          0          0         80   exit.o
         6          0          0          0          0        152   heapauxi.o
         0          0          0          0          0          0   indicate_semi.o
         2          0          0          0          0          0   libinit.o
         6          0          0          0          0          0   libinit2.o
         2          0          0          0          0          0   libshutdown.o
         2          0          0          0          0          0   libshutdown2.o
         8          4          0          0         96         68   libspace.o
         2          0          0          0          0          0   rtexit.o
        10          0          0          0          0          0   rtexit2.o
        12          4          0          0          0         68   sys_exit.o
        74          0          0          0          0         80   sys_stackheap_outer.o
         2          0          0          0          0         68   use_no_semi.o
        38          0          0          0          0        560   cpu.o
       420          0          0          0          0       7764   gpio.o
        14          0          0          0          0        506   interrupt.o
       832         50        596          0          0       5390   sysctl.o
        38          0          0          0          0       1394   systick.o
        10          0          0          0          0        116   fpinit.o

    ----------------------------------------------------------------------
      1708         66        596          0         96      16314   Library Totals
        16          0          0          0          0          0   (incl. Padding)

    ----------------------------------------------------------------------

      Code (inc. data)   RO Data    RW Data    ZI Data      Debug   Library Name

       340         16          0          0         96        584   c_w.l
      1342         50        596          0          0      15614   driverlib.lib
        10          0          0          0          0        116   fz_wm.l

    ----------------------------------------------------------------------
      1708         66        596          0         96      16314   Library Totals

    ----------------------------------------------------------------------

==============================================================================


      Code (inc. data)   RO Data    RW Data    ZI Data      Debug   

      5488        282       1140       6024        608      41784   Grand Totals
      5488        282       1140       3020        608      41784   ELF Image Totals (compressed)
      5488        282       1140       3020          0          0   ROM Totals

==============================================================================

    Total RO  Size (Code + RO Data)                 6628 (   6.47kB)
    Total RW  Size (RW Data + ZI Data)              6632 (   6.48kB)
    Total ROM Size (Code + RO Data + RW Data)       9648 (   9.42kB)

==============================================================================

