Component: ARM Compiler 5.06 update 4 (build 422) Tool: armlink [4d35d2]

==============================================================================

Section Cross References

    tm1638.o(i.TM1638_Init) refers to gpio.o(i.GPIOPinWrite) for GPIOPinWrite
    tm1638.o(i.TM1638_Init) refers to tm1638.o(i.TM1638_Serial_Input) for TM1638_Serial_Input
    tm1638.o(i.TM1638_Readkeyboard) refers to gpio.o(i.GPIOPinWrite) for GPIOPinWrite
    tm1638.o(i.TM1638_Readkeyboard) refers to tm1638.o(i.TM1638_Serial_Input) for TM1638_Serial_Input
    tm1638.o(i.TM1638_Readkeyboard) refers to tm1638.o(i.TM1638_Serial_Output) for TM1638_Serial_Output
    tm1638.o(i.TM1638_RefreshDIGIandLED) refers to tm1638.o(i.TM1638_DigiSegment) for TM1638_DigiSegment
    tm1638.o(i.TM1638_RefreshDIGIandLED) refers to gpio.o(i.GPIOPinWrite) for GPIOPinWrite
    tm1638.o(i.TM1638_RefreshDIGIandLED) refers to tm1638.o(i.TM1638_Serial_Input) for TM1638_Serial_Input
    tm1638.o(i.TM1638_Serial_Input) refers to gpio.o(i.GPIOPinTypeGPIOOutput) for GPIOPinTypeGPIOOutput
    tm1638.o(i.TM1638_Serial_Input) refers to gpio.o(i.GPIOPinWrite) for GPIOPinWrite
    tm1638.o(i.TM1638_Serial_Output) refers to gpio.o(i.GPIOPinTypeGPIOInput) for GPIOPinTypeGPIOInput
    tm1638.o(i.TM1638_Serial_Output) refers to gpio.o(i.GPIOPinWrite) for GPIOPinWrite
    tm1638.o(i.TM1638_Serial_Output) refers to gpio.o(i.GPIOPinRead) for GPIOPinRead
    uartstdio.o(i.UARTStdioConfig) refers to sysctl.o(i.SysCtlPeripheralPresent) for SysCtlPeripheralPresent
    uartstdio.o(i.UARTStdioConfig) refers to sysctl.o(i.SysCtlPeripheralEnable) for SysCtlPeripheralEnable
    uartstdio.o(i.UARTStdioConfig) refers to uart.o(i.UARTConfigSetExpClk) for UARTConfigSetExpClk
    uartstdio.o(i.UARTStdioConfig) refers to uart.o(i.UARTEnable) for UARTEnable
    uartstdio.o(i.UARTStdioConfig) refers to uartstdio.o(.constdata) for g_ui32UARTPeriph
    uartstdio.o(i.UARTStdioConfig) refers to uartstdio.o(.data) for g_ui32Base
    uartstdio.o(i.UARTgetc) refers to uart.o(i.UARTCharGet) for UARTCharGet
    uartstdio.o(i.UARTgetc) refers to uartstdio.o(.data) for g_ui32Base
    uartstdio.o(i.UARTgets) refers to uart.o(i.UARTCharGet) for UARTCharGet
    uartstdio.o(i.UARTgets) refers to uartstdio.o(i.UARTwrite) for UARTwrite
    uartstdio.o(i.UARTgets) refers to uart.o(i.UARTCharPut) for UARTCharPut
    uartstdio.o(i.UARTgets) refers to uartstdio.o(.data) for g_ui32Base
    uartstdio.o(i.UARTprintf) refers to uartstdio.o(i.UARTvprintf) for UARTvprintf
    uartstdio.o(i.UARTvprintf) refers to uartstdio.o(i.UARTwrite) for UARTwrite
    uartstdio.o(i.UARTvprintf) refers to uartstdio.o(.constdata) for g_pcHex
    uartstdio.o(i.UARTwrite) refers to uart.o(i.UARTCharPut) for UARTCharPut
    uartstdio.o(i.UARTwrite) refers to uartstdio.o(.data) for g_ui32Base
    uartstdio.o(.constdata) refers to uartstdio.o(.conststring) for .conststring
    exp3_1.o(i.ADC0Init) refers to sysctl.o(i.SysCtlPeripheralEnable) for SysCtlPeripheralEnable
    exp3_1.o(i.ADC0Init) refers to gpio.o(i.GPIOPinTypeADC) for GPIOPinTypeADC
    exp3_1.o(i.ADC0Init) refers to adc.o(i.ADCSequenceConfigure) for ADCSequenceConfigure
    exp3_1.o(i.ADC0Init) refers to adc.o(i.ADCSequenceStepConfigure) for ADCSequenceStepConfigure
    exp3_1.o(i.ADC0Init) refers to adc.o(i.ADCSequenceEnable) for ADCSequenceEnable
    exp3_1.o(i.ADC0Init) refers to adc.o(i.ADCIntClear) for ADCIntClear
    exp3_1.o(i.ADC_Sample) refers to adc.o(i.ADCProcessorTrigger) for ADCProcessorTrigger
    exp3_1.o(i.ADC_Sample) refers to adc.o(i.ADCIntStatus) for ADCIntStatus
    exp3_1.o(i.ADC_Sample) refers to adc.o(i.ADCIntClear) for ADCIntClear
    exp3_1.o(i.ADC_Sample) refers to adc.o(i.ADCSequenceDataGet) for ADCSequenceDataGet
    exp3_1.o(i.ADC_sinSample) refers to rt_memclr_w.o(.text) for __aeabi_memclr4
    exp3_1.o(i.ADC_sinSample) refers to exp3_1.o(i.ADC_Sample) for ADC_Sample
    exp3_1.o(i.ADC_sinSample) refers to exp3_1.o(i.delay_usec) for delay_usec
    exp3_1.o(i.ADC_sinSample) refers to uart.o(i.UARTCharPutNonBlocking) for UARTCharPutNonBlocking
    exp3_1.o(i.ADC_sinSample) refers to exp3_1.o(.data) for ui8KeyState
    exp3_1.o(i.DevicesInit) refers to sysctl.o(i.SysCtlClockFreqSet) for SysCtlClockFreqSet
    exp3_1.o(i.DevicesInit) refers to exp3_1.o(i.GPIOInit) for GPIOInit
    exp3_1.o(i.DevicesInit) refers to exp3_1.o(i.SysTickInit) for SysTickInit
    exp3_1.o(i.DevicesInit) refers to exp3_1.o(i.UARTInit) for UARTInit
    exp3_1.o(i.DevicesInit) refers to interrupt.o(i.IntMasterEnable) for IntMasterEnable
    exp3_1.o(i.DevicesInit) refers to exp3_1.o(.data) for ui32SysClock
    exp3_1.o(i.GPIOInit) refers to sysctl.o(i.SysCtlPeripheralEnable) for SysCtlPeripheralEnable
    exp3_1.o(i.GPIOInit) refers to sysctl.o(i.SysCtlPeripheralReady) for SysCtlPeripheralReady
    exp3_1.o(i.GPIOInit) refers to gpio.o(i.GPIOPinTypeGPIOOutput) for GPIOPinTypeGPIOOutput
[...]
    ../clib/angel/boardlib.s                 0x00000000   Number         0  boardinit3.o ABSOLUTE
    ../clib/angel/boardlib.s                 0x00000000   Number         0  boardinit2.o ABSOLUTE
    ../clib/angel/boardlib.s                 0x00000000   Number         0  boardinit1.o ABSOLUTE
    ../clib/angel/boardlib.s                 0x00000000   Number         0  boardshut.o ABSOLUTE
    ../clib/angel/handlers.s                 0x00000000   Number         0  __scatter_copy.o ABSOLUTE
    ../clib/angel/handlers.s                 0x00000000   Number         0  __scatter_zi.o ABSOLUTE
    ../clib/angel/kernel.s                   0x00000000   Number         0  __rtentry4.o ABSOLUTE
    ../clib/angel/kernel.s                   0x00000000   Number         0  rtexit2.o ABSOLUTE
    ../clib/angel/kernel.s                   0x00000000   Number         0  rtexit.o ABSOLUTE
    ../clib/angel/kernel.s                   0x00000000   Number         0  __rtentry.o ABSOLUTE
    ../clib/angel/kernel.s                   0x00000000   Number         0  __rtentry2.o ABSOLUTE
    ../clib/angel/rt.s                       0x00000000   Number         0  rt_errno_addr_intlibspace.o ABSOLUTE
    ../clib/angel/rt.s                       0x00000000   Number         0  rt_errno_addr.o ABSOLUTE
    ../clib/angel/rt.s                       0x00000000   Number         0  rt_raise.o ABSOLUTE
    ../clib/angel/scatter.s                  0x00000000   Number         0  __scatter.o ABSOLUTE
    ../clib/angel/startup.s                  0x00000000   Number         0  __main.o ABSOLUTE
    ../clib/angel/sys.s                      0x00000000   Number         0  indicate_semi.o ABSOLUTE
    ../clib/angel/sys.s                      0x00000000   Number         0  libspace.o ABSOLUTE
    ../clib/angel/sys.s                      0x00000000   Number         0  sys_stackheap_outer.o ABSOLUTE
    ../clib/angel/sys.s                      0x00000000   Number         0  use_no_semi.o ABSOLUTE
    ../clib/angel/sysapp.c                   0x00000000   Number         0  sys_command.o ABSOLUTE
    ../clib/angel/sysapp.c                   0x00000000   Number         0  sys_exit.o ABSOLUTE
    ../clib/angel/sysapp.c                   0x00000000   Number         0  sys_wrch.o ABSOLUTE
    ../clib/armsys.c                         0x00000000   Number         0  argv_veneer.o ABSOLUTE
    ../clib/armsys.c                         0x00000000   Number         0  no_argv.o ABSOLUTE
    ../clib/armsys.c                         0x00000000   Number         0  argv_veneer.o ABSOLUTE
    ../clib/armsys.c                         0x00000000   Number         0  _get_argv_nomalloc.o ABSOLUTE
    ../clib/fenv.c                           0x00000000   Number         0  _rserrno.o ABSOLUTE
    ../clib/heapalloc.c                      0x00000000   Number         0  hrguard.o ABSOLUTE
    ../clib/heapaux.c                        0x00000000   Number         0  heapauxi.o ABSOLUTE
    ../clib/libinit.s                        0x00000000   Number         0  libshutdown.o ABSOLUTE
    ../clib/libinit.s                        0x00000000   Number         0  libshutdown2.o ABSOLUTE
    ../clib/libinit.s                        0x00000000   Number         0  libinit.o ABSOLUTE
    ../clib/libinit.s                        0x00000000   Number         0  libinit2.o ABSOLUTE
    ../clib/memcpset.s                       0x00000000   Number         0  rt_memclr_w.o ABSOLUTE
    ../clib/signal.c                         0x00000000   Number         0  defsig_abrt_inner.o ABSOLUTE
    ../clib/signal.c                         0x00000000   Number         0  defsig_general.o ABSOLUTE
    ../clib/signal.c                         0x00000000   Number         0  __raise.o ABSOLUTE
    ../clib/signal.c                         0x00000000   Number         0  defsig_rtmem_inner.o ABSOLUTE
    ../clib/signal.c                         0x00000000   Number         0  defsig_pvfn_inner.o ABSOLUTE
    ../clib/signal.c                         0x00000000   Number         0  defsig_cppl_inner.o ABSOLUTE
    ../clib/signal.c                         0x00000000   Number         0  defsig_segv_inner.o ABSOLUTE
    ../clib/signal.c                         0x00000000   Number         0  defsig_other.o ABSOLUTE
    ../clib/signal.c                         0x00000000   Number         0  defsig_rtmem_formal.o ABSOLUTE
    ../clib/signal.c                         0x00000000   Number         0  defsig_exit.o ABSOLUTE
    ../clib/signal.c                         0x00000000   Number         0  defsig_rtred_inner.o ABSOLUTE
    ../clib/signal.c                         0x00000000   Number         0  defsig_fpe_inner.o ABSOLUTE
    ../clib/signal.c                         0x00000000   Number         0  defsig_rtmem_outer.o ABSOLUTE
    ../clib/signal.c                         0x00000000   Number         0  defsig_stak_inner.o ABSOLUTE
    ../clib/signal.s                         0x00000000   Number         0  defsig.o ABSOLUTE
    ../clib/stdlib.c                         0x00000000   Number         0  exit.o ABSOLUTE
    ../fplib/basic.s                         0x00000000   Number         0  basic.o ABSOLUTE
    ../fplib/d2f.s                           0x00000000   Number         0  d2f.o ABSOLUTE
    ../fplib/daddsub.s                       0x00000000   Number         0  daddsub_clz.o ABSOLUTE
    ../fplib/dcheck1.s                       0x00000000   Number         0  dcheck1.o ABSOLUTE
    ../fplib/dcmpi.s                         0x00000000   Number         0  dcmpi.o ABSOLUTE
    ../fplib/ddiv.s                          0x00000000   Number         0  ddiv.o ABSOLUTE
    ../fplib/dfixu.s                         0x00000000   Number         0  dfixu.o ABSOLUTE
    ../fplib/dflt.s                          0x00000000   Number         0  dflt_clz.o ABSOLUTE
    ../fplib/dleqf.s                         0x00000000   Number         0  dleqf.o ABSOLUTE
    ../fplib/dmul.s                          0x00000000   Number         0  dmul.o ABSOLUTE
    ../fplib/dnaninf.s                       0x00000000   Number         0  dnaninf.o ABSOLUTE
    ../fplib/dretinf.s                       0x00000000   Number         0  dretinf.o ABSOLUTE
    ../fplib/drleqf.s                        0x00000000   Number         0  drleqf.o ABSOLUTE
    ../fplib/dsqrt.s                         0x00000000   Number         0  dsqrt_umaal.o ABSOLUTE
    ../fplib/f2d.s                           0x00000000   Number         0  f2d.o ABSOLUTE
    ../fplib/fnaninf.s                       0x00000000   Number         0  fnaninf.o ABSOLUTE
    ../fplib/fpinit.s                        0x00000000   Number         0  fpinit.o ABSOLUTE
    ../fplib/fretinf.s                       0x00000000   Number         0  fretinf.o ABSOLUTE
    ../fplib/retnan.s                        0x00000000   Number         0  retnan.o ABSOLUTE
    ../fplib/scalbn.s                        0x00000000   Number         0  scalbn.o ABSOLUTE
    ../fplib/trapv.s                         0x00000000   Number         0  trapv.o ABSOLUTE
    ../fplib/usenofp.s                       0x00000000   Number         0  usenofp.o ABSOLUTE
    ../mathlib/dunder.c                      0x00000000   Number         0  dunder.o ABSOLUTE
    ../mathlib/fabs.c                        0x00000000   Number         0  fabs.o ABSOLUTE
    ../mathlib/fpclassify.c                  0x00000000   Number         0  fpclassify.o ABSOLUTE
    ../mathlib/poly.c                        0x00000000   Number         0  poly.o ABSOLUTE
    ../mathlib/pow.c                         0x00000000   Number         0  pow.o ABSOLUTE
    ../mathlib/pow.c                         0x00000000   Number         0  pow_x.o ABSOLUTE
    ../mathlib/qnan.c                        0x00000000   Number         0  qnan.o ABSOLUTE
    ../mathlib/sqrt.c                        0x00000000   Number         0  sqrt.o ABSOLUTE
    ../mathlib/sqrt.c                        0x00000000   Number         0  sqrt_x.o ABSOLUTE
    RTE\Device\TM4C1292NCPDT\startup_TM4C129.s 0x00000000   Number         0  startup_tm4c129.o ABSOLUTE
    RTE\Device\TM4C1292NCPDT\system_TM4C129.c 0x00000000   Number         0  system_tm4c129.o ABSOLUTE
    RTE\\Device\\TM4C1292NCPDT\\system_TM4C129.c 0x00000000   Number         0  system_tm4c129.o ABSOLUTE
    adc.c                                    0x00000000   Number         0  adc.o ABSOLUTE
    cpu.c                                    0x00000000   Number         0  cpu.o ABSOLUTE
    cpu.c                                    0x00000000   Number         0  cpu.o ABSOLUTE
    dc.s                                     0x00000000   Number         0  dc.o ABSOLUTE
    exp3_1.c                                 0x00000000   Number         0  exp3_1.o ABSOLUTE
    gpio.c                                   0x00000000   Number         0  gpio.o ABSOLUTE
    interrupt.c                              0x00000000   Number         0  interrupt.o ABSOLUTE
    max262.c                                 0x00000000   Number         0  max262.o ABSOLUTE
    sysctl.c                                 0x00000000   Number         0  sysctl.o ABSOLUTE
    sysctl.c                                 0x00000000   Number         0  sysctl.o ABSOLUTE
    systick.c                                0x00000000   Number         0  systick.o ABSOLUTE
    tm1638.c                                 0x00000000   Number         0  tm1638.o ABSOLUTE
    uart.c                                   0x00000000   Number         0  uart.o ABSOLUTE
    uartstdio.c                              0x00000000   Number         0  uartstdio.o ABSOLUTE
    !!!main                                  0x00000200   Section        8  __main.o(!!!main)
    !!!scatter                               0x00000208   Section       52  __scatter.o(!!!scatter)
    !!handler_copy                           0x0000023c   Section       26  __scatter_copy.o(!!handler_copy)
    !!handler_zi                             0x00000258   Section       28  __scatter_zi.o(!!handler_zi)
    .ARM.Collect$$libinit$$00000000          0x00000274   Section        2  libinit.o(.ARM.Collect$$libinit$$00000000)
    .ARM.Collect$$libinit$$00000001          0x00000276   Section        4  libinit2.o(.ARM.Collect$$libinit$$00000001)
    .ARM.Collect$$libinit$$00000004          0x0000027a   Section        0  libinit2.o(.ARM.Collect$$libinit$$00000004)
    .ARM.Collect$$libinit$$0000000A          0x0000027a   Section        0  libinit2.o(.ARM.Collect$$libinit$$0000000A)
    .ARM.Collect$$libinit$$0000000C          0x0000027a   Section        0  libinit2.o(.ARM.Collect$$libinit$$0000000C)
    .ARM.Collect$$libinit$$0000000E          0x0000027a   Section        0  libinit2.o(.ARM.Collect$$libinit$$0000000E)
    .ARM.Collect$$libinit$$00000011          0x0000027a   Section        0  libinit2.o(.ARM.Collect$$libinit$$00000011)
    .ARM.Collect$$libinit$$00000013          0x0000027a   Section        0  libinit2.o(.ARM.Collect$$libinit$$00000013)
    .ARM.Collect$$libinit$$00000015          0x0000027a   Section        0  libinit2.o(.ARM.Collect$$libinit$$00000015)
    .ARM.Collect$$libinit$$00000017          0x0000027a   Section        0  libinit2.o(.ARM.Collect$$libinit$$00000017)
    .ARM.Collect$$libinit$$00000019          0x0000027a   Section        0  libinit2.o(.ARM.Collect$$libinit$$00000019)
    .ARM.Collect$$libinit$$0000001B          0x0000027a   Section        0  libinit2.o(.ARM.Collect$$libinit$$0000001B)
    .ARM.Collect$$libinit$$0000001D          0x0000027a   Section        0  libinit2.o(.ARM.Collect$$libinit$$0000001D)
    .ARM.Collect$$libinit$$0000001F          0x0000027a   Section        0  libinit2.o(.ARM.Collect$$libinit$$0000001F)
    .ARM.Collect$$libinit$$00000021          0x0000027a   Section        0  libinit2.o(.ARM.Collect$$libinit$$00000021)
    .ARM.Collect$$libinit$$00000023          0x0000027a   Section        0  libinit2.o(.ARM.Collect$$libinit$$00000023)
    .ARM.Collect$$libinit$$00000025          0x0000027a   Section        0  libinit2.o(.ARM.Collect$$libinit$$00000025)
    .ARM.Collect$$libinit$$0000002C          0x0000027a   Section        0  libinit2.o(.ARM.Collect$$libinit$$0000002C)
    .ARM.Collect$$libinit$$0000002E          0x0000027a   Section        0  libinit2.o(.ARM.Collect$$libinit$$0000002E)
    .ARM.Collect$$libinit$$00000030          0x0000027a   Section        0  libinit2.o(.ARM.Collect$$libinit$$00000030)
    .ARM.Collect$$libinit$$00000032          0x0000027a   Section        0  libinit2.o(.ARM.Collect$$libinit$$00000032)
    .ARM.Collect$$libinit$$00000033          0x0000027a   Section        2  libinit2.o(.ARM.Collect$$libinit$$00000033)
    .ARM.Collect$$libshutdown$$00000000      0x0000027c   Section        2  libshutdown.o(.ARM.Collect$$libshutdown$$00000000)
    .ARM.Collect$$libshutdown$$00000002      0x0000027e   Section        0  libshutdown2.o(.ARM.Collect$$libshutdown$$00000002)
    .ARM.Collect$$libshutdown$$00000004      0x0000027e   Section        0  libshutdown2.o(.ARM.Collect$$libshutdown$$00000004)
    .ARM.Collect$$libshutdown$$00000007      0x0000027e   Section        0  libshutdown2.o(.ARM.Collect$$libshutdown$$00000007)
    .ARM.Collect$$libshutdown$$0000000A      0x0000027e   Section        0  libshutdown2.o(.ARM.Collect$$libshutdown$$0000000A)
    .ARM.Collect$$libshutdown$$0000000C      0x0000027e   Section        0  libshutdown2.o(.ARM.Collect$$libshutdown$$0000000C)
    .ARM.Collect$$libshutdown$$0000000F      0x0000027e   Section        0  libshutdown2.o(.ARM.Collect$$libshutdown$$0000000F)
    .ARM.Collect$$libshutdown$$00000010      0x0000027e   Section        2  libshutdown2.o(.ARM.Collect$$libshutdown$$00000010)
    .ARM.Collect$$rtentry$$00000000          0x00000280   Section        0  __rtentry.o(.ARM.Collect$$rtentry$$00000000)
    .ARM.Collect$$rtentry$$00000002          0x00000280   Section        0  __rtentry2.o(.ARM.Collect$$rtentry$$00000002)
    .ARM.Collect$$rtentry$$00000004          0x00000280   Section        6  __rtentry4.o(.ARM.Collect$$rtentry$$00000004)
    .ARM.Collect$$rtentry$$00000009          0x00000286   Section        0  __rtentry2.o(.ARM.Collect$$rtentry$$00000009)
    .ARM.Collect$$rtentry$$0000000A          0x00000286   Section        4  __rtentry2.o(.ARM.Collect$$rtentry$$0000000A)
    .ARM.Collect$$rtentry$$0000000C          0x0000028a   Section        0  __rtentry2.o(.ARM.Collect$$rtentry$$0000000C)
    .ARM.Collect$$rtentry$$0000000D          0x0000028a   Section        8  __rtentry2.o(.ARM.Collect$$rtentry$$0000000D)
    .ARM.Collect$$rtexit$$00000000           0x00000292   Section        2  rtexit.o(.ARM.Collect$$rtexit$$00000000)
    .ARM.Collect$$rtexit$$00000002           0x00000294   Section        0  rtexit2.o(.ARM.Collect$$rtexit$$00000002)
    .ARM.Collect$$rtexit$$00000003           0x00000294   Section        4  rtexit2.o(.ARM.Collect$$rtexit$$00000003)
    .ARM.Collect$$rtexit$$00000004           0x00000298   Section        6  rtexit2.o(.ARM.Collect$$rtexit$$00000004)
    .emb_text                                0x000002a0   Section        6  sysctl.o(.emb_text)
    $v0                                      0x000002a0   Number         0  sysctl.o(.emb_text)
    .emb_text                                0x000002a8   Section       38  cpu.o(.emb_text)
    $v0                                      0x000002a8   Number         0  cpu.o(.emb_text)
    .text                                    0x000002d0   Section      300  startup_tm4c129.o(.text)
    $v0                                      0x000002d0   Number         0  startup_tm4c129.o(.text)
    .text                                    0x000003fc   Section       78  rt_memclr_w.o(.text)
    .text                                    0x0000044a   Section        0  heapauxi.o(.text)
    .text                                    0x00000450   Section        0  _rserrno.o(.text)
    .text                                    0x00000468   Section        8  rt_errno_addr_intlibspace.o(.text)
    .text                                    0x00000470   Section        8  libspace.o(.text)
    .text                                    0x00000478   Section       74  sys_stackheap_outer.o(.text)
    .text                                    0x000004c2   Section        0  exit.o(.text)
    .text                                    0x000004d4   Section        0  sys_exit.o(.text)
    .text                                    0x000004e0   Section        2  use_no_semi.o(.text)
    .text                                    0x000004e2   Section        0  indicate_semi.o(.text)
    i.ADC0Init                               0x000004e4   Section        0  exp3_1.o(i.ADC0Init)
    i.ADCIntClear                            0x00000534   Section        0  adc.o(i.ADCIntClear)
    i.ADCIntStatus                           0x0000053e   Section        0  adc.o(i.ADCIntStatus)
    i.ADCProcessorTrigger                    0x00000572   Section        0  adc.o(i.ADCProcessorTrigger)
    i.ADCSequenceConfigure                   0x0000058c   Section        0  adc.o(i.ADCSequenceConfigure)
    i.ADCSequenceDataGet                     0x000005ec   Section        0  adc.o(i.ADCSequenceDataGet)
    i.ADCSequenceEnable                      0x00000610   Section        0  adc.o(i.ADCSequenceEnable)
    i.ADCSequenceStepConfigure               0x0000061e   Section        0  adc.o(i.ADCSequenceStepConfigure)
    i.ADC_Sample                             0x000006b8   Section        0  exp3_1.o(i.ADC_Sample)
    i.ADC_sinSample                          0x000006ec   Section        0  exp3_1.o(i.ADC_sinSample)
    i.DevicesInit                            0x00000800   Section        0  exp3_1.o(i.DevicesInit)
    i.GPIODirModeSet                         0x0000082c   Section        0  gpio.o(i.GPIODirModeSet)
    i.GPIOInit                               0x00000854   Section        0  exp3_1.o(i.GPIOInit)
    i.GPIOPadConfigSet                       0x00000974   Section        0  gpio.o(i.GPIOPadConfigSet)
    i.GPIOPinConfigure                       0x00000aac   Section        0  gpio.o(i.GPIOPinConfigure)
    i.GPIOPinRead                            0x00000af0   Section        0  gpio.o(i.GPIOPinRead)
    i.GPIOPinTypeADC                         0x00000af6   Section        0  gpio.o(i.GPIOPinTypeADC)
    i.GPIOPinTypeGPIOInput                   0x00000b12   Section        0  gpio.o(i.GPIOPinTypeGPIOInput)
    i.GPIOPinTypeGPIOOutput                  0x00000b2e   Section        0  gpio.o(i.GPIOPinTypeGPIOOutput)
    i.GPIOPinTypeUART                        0x00000b4a   Section        0  gpio.o(i.GPIOPinTypeUART)
    i.GPIOPinWrite                           0x00000b66   Section        0  gpio.o(i.GPIOPinWrite)
    i.IntEnable                              0x00000b6c   Section        0  interrupt.o(i.IntEnable)
    i.IntMasterEnable                        0x00000bd0   Section        0  interrupt.o(i.IntMasterEnable)
    i.MAX262_GetFN                           0x00000be0   Section        0  max262.o(i.MAX262_GetFN)
    i.MAX262_LH                              0x00000c80   Section        0  max262.o(i.MAX262_LH)
    i.MAX262_LH_Getf0                        0x00001120   Section        0  max262.o(i.MAX262_LH_Getf0)
    i.MAX262_SetAF                           0x00001240   Section        0  max262.o(i.MAX262_SetAF)
    i.MAX262_SetAQ                           0x00001262   Section        0  max262.o(i.MAX262_SetAQ)
    i.MAX262_SetBF                           0x00001292   Section        0  max262.o(i.MAX262_SetBF)
    i.MAX262_SetBQ                           0x000012b4   Section        0  max262.o(i.MAX262_SetBQ)
    i.MAX262_Write                           0x000012e4   Section        0  max262.o(i.MAX262_Write)
    i.SentFreq                               0x000016b4   Section        0  exp3_1.o(i.SentFreq)
    i.Set_Freq                               0x00001770   Section        0  exp3_1.o(i.Set_Freq)
    i.SysCtlClockFreqSet                     0x000017b0   Section        0  sysctl.o(i.SysCtlClockFreqSet)
    i.SysCtlClockGet                         0x00001a94   Section        0  sysctl.o(i.SysCtlClockGet)
    i.SysCtlPeripheralEnable                 0x00001be8   Section        0  sysctl.o(i.SysCtlPeripheralEnable)
    i.SysCtlPeripheralReady                  0x00001c10   Section        0  sysctl.o(i.SysCtlPeripheralReady)
    i.SysTickEnable                          0x00001c3c   Section        0  systick.o(i.SysTickEnable)
    i.SysTickInit                            0x00001c4c   Section        0  exp3_1.o(i.SysTickInit)
    i.SysTickIntEnable                       0x00001c6c   Section        0  systick.o(i.SysTickIntEnable)
    i.SysTickPeriodSet                       0x00001c7a   Section        0  systick.o(i.SysTickPeriodSet)
    i.SysTick_Handler                        0x00001c84   Section        0  exp3_1.o(i.SysTick_Handler)
    i.SystemInit                             0x00001cd8   Section        0  system_tm4c129.o(i.SystemInit)
    i.TM1638_DigiSegment                     0x00001cf8   Section        0  tm1638.o(i.TM1638_DigiSegment)
    i.TM1638_Init                            0x00001dfc   Section        0  tm1638.o(i.TM1638_Init)
    i.TM1638_Readkeyboard                    0x00001e20   Section        0  tm1638.o(i.TM1638_Readkeyboard)
    i.TM1638_RefreshDIGIandLED               0x00001eb8   Section        0  tm1638.o(i.TM1638_RefreshDIGIandLED)
    i.TM1638_Serial_Input                    0x00001f54   Section        0  tm1638.o(i.TM1638_Serial_Input)
    i.TM1638_Serial_Output                   0x00001fa8   Section        0  tm1638.o(i.TM1638_Serial_Output)
    i.UART0_Handler                          0x00001ffc   Section        0  exp3_1.o(i.UART0_Handler)
    i.UARTCharPut                            0x00001ffe   Section        0  uart.o(i.UARTCharPut)
    i.UARTCharPutNonBlocking                 0x0000200a   Section        0  uart.o(i.UARTCharPutNonBlocking)
    i.UARTConfigSetExpClk                    0x0000201a   Section        0  uart.o(i.UARTConfigSetExpClk)
    i.UARTInit                               0x00002088   Section        0  exp3_1.o(i.UARTInit)
    i.UARTIntEnable                          0x00002100   Section        0  uart.o(i.UARTIntEnable)
    i.UARTStringPut                          0x00002108   Section        0  exp3_1.o(i.UARTStringPut)
    i.__ARM_fpclassify                       0x00002122   Section        0  fpclassify.o(i.__ARM_fpclassify)
    i.__hardfp_pow                           0x00002158   Section        0  pow.o(i.__hardfp_pow)
    i.__hardfp_sqrt                          0x00002da8   Section        0  sqrt.o(i.__hardfp_sqrt)
    i.__kernel_poly                          0x00002e22   Section        0  poly.o(i.__kernel_poly)
    i.__mathlib_dbl_divzero                  0x00002f20   Section        0  dunder.o(i.__mathlib_dbl_divzero)
    i.__mathlib_dbl_infnan2                  0x00002f50   Section        0  dunder.o(i.__mathlib_dbl_infnan2)
    i.__mathlib_dbl_invalid                  0x00002f68   Section        0  dunder.o(i.__mathlib_dbl_invalid)
    i.__mathlib_dbl_overflow                 0x00002f88   Section        0  dunder.o(i.__mathlib_dbl_overflow)
    i.__mathlib_dbl_underflow                0x00002fa8   Section        0  dunder.o(i.__mathlib_dbl_underflow)
    i.delay_sys                              0x00002fc8   Section        0  exp3_1.o(i.delay_sys)
    i.delay_usec                             0x00002fd4   Section        0  exp3_1.o(i.delay_usec)
    i.fabs                                   0x00002fe4   Section        0  fabs.o(i.fabs)
    i.main                                   0x00002ffc   Section        0  exp3_1.o(i.main)
    i.sqrt                                   0x0000309c   Section        0  sqrt.o(i.sqrt)
    x$fpl$basic                              0x0000310a   Section       24  basic.o(x$fpl$basic)
    $v0                                      0x0000310a   Number         0  basic.o(x$fpl$basic)
    x$fpl$d2f                                0x00003124   Section       98  d2f.o(x$fpl$d2f)
    $v0                                      0x00003124   Number         0  d2f.o(x$fpl$d2f)
    x$fpl$dadd                               0x00003188   Section      336  daddsub_clz.o(x$fpl$dadd)
    $v0                                      0x00003188   Number         0  daddsub_clz.o(x$fpl$dadd)
    _dadd1                                   0x00003199   Thumb Code     0  daddsub_clz.o(x$fpl$dadd)
    x$fpl$dcheck1                            0x000032d8   Section       16  dcheck1.o(x$fpl$dcheck1)
    $v0                                      0x000032d8   Number         0  dcheck1.o(x$fpl$dcheck1)
    x$fpl$dcmpinf                            0x000032e8   Section       24  dcmpi.o(x$fpl$dcmpinf)
    $v0                                      0x000032e8   Number         0  dcmpi.o(x$fpl$dcmpinf)
    x$fpl$ddiv                               0x00003300   Section      688  ddiv.o(x$fpl$ddiv)
    $v0                                      0x00003300   Number         0  ddiv.o(x$fpl$ddiv)
    ddiv_entry                               0x00003307   Thumb Code     0  ddiv.o(x$fpl$ddiv)
    x$fpl$dfixu                              0x000035b0   Section       90  dfixu.o(x$fpl$dfixu)
    $v0                                      0x000035b0   Number         0  dfixu.o(x$fpl$dfixu)
    x$fpl$dflt                               0x0000360a   Section       46  dflt_clz.o(x$fpl$dflt)
    $v0                                      0x0000360a   Number         0  dflt_clz.o(x$fpl$dflt)
    x$fpl$dfltu                              0x00003638   Section       38  dflt_clz.o(x$fpl$dfltu)
    $v0                                      0x00003638   Number         0  dflt_clz.o(x$fpl$dfltu)
    x$fpl$dleqf                              0x00003660   Section      120  dleqf.o(x$fpl$dleqf)
    $v0                                      0x00003660   Number         0  dleqf.o(x$fpl$dleqf)
    x$fpl$dmul                               0x000036d8   Section      340  dmul.o(x$fpl$dmul)
    $v0                                      0x000036d8   Number         0  dmul.o(x$fpl$dmul)
    x$fpl$dnaninf                            0x0000382c   Section      156  dnaninf.o(x$fpl$dnaninf)
    $v0                                      0x0000382c   Number         0  dnaninf.o(x$fpl$dnaninf)
    x$fpl$dretinf                            0x000038c8   Section       12  dretinf.o(x$fpl$dretinf)
    $v0                                      0x000038c8   Number         0  dretinf.o(x$fpl$dretinf)
    x$fpl$drleqf                             0x000038d4   Section      108  drleqf.o(x$fpl$drleqf)
    $v0                                      0x000038d4   Number         0  drleqf.o(x$fpl$drleqf)
    x$fpl$drsb                               0x00003940   Section       22  daddsub_clz.o(x$fpl$drsb)
    $v0                                      0x00003940   Number         0  daddsub_clz.o(x$fpl$drsb)
    x$fpl$dsqrt                              0x00003958   Section      408  dsqrt_umaal.o(x$fpl$dsqrt)
    $v0                                      0x00003958   Number         0  dsqrt_umaal.o(x$fpl$dsqrt)
    x$fpl$dsub                               0x00003af0   Section      468  daddsub_clz.o(x$fpl$dsub)
    $v0                                      0x00003af0   Number         0  daddsub_clz.o(x$fpl$dsub)
    _dsub1                                   0x00003b01   Thumb Code     0  daddsub_clz.o(x$fpl$dsub)
    x$fpl$f2d                                0x00003cc4   Section       86  f2d.o(x$fpl$f2d)
    $v0                                      0x00003cc4   Number         0  f2d.o(x$fpl$f2d)
    x$fpl$fnaninf                            0x00003d1a   Section      140  fnaninf.o(x$fpl$fnaninf)
    $v0                                      0x00003d1a   Number         0  fnaninf.o(x$fpl$fnaninf)
    x$fpl$fpinit                             0x00003da6   Section       10  fpinit.o(x$fpl$fpinit)
    $v0                                      0x00003da6   Number         0  fpinit.o(x$fpl$fpinit)
    x$fpl$fretinf                            0x00003db0   Section       10  fretinf.o(x$fpl$fretinf)
    $v0                                      0x00003db0   Number         0  fretinf.o(x$fpl$fretinf)
    x$fpl$retnan                             0x00003dba   Section      100  retnan.o(x$fpl$retnan)
    $v0                                      0x00003dba   Number         0  retnan.o(x$fpl$retnan)
    x$fpl$scalbn                             0x00003e1e   Section       92  scalbn.o(x$fpl$scalbn)
    $v0                                      0x00003e1e   Number         0  scalbn.o(x$fpl$scalbn)
    x$fpl$trapveneer                         0x00003e7a   Section       48  trapv.o(x$fpl$trapveneer)
    $v0                                      0x00003e7a   Number         0  trapv.o(x$fpl$trapveneer)
    x$fpl$usenofp                            0x00003eaa   Section        0  usenofp.o(x$fpl$usenofp)
    .constdata                               0x00003eac   Section      552  gpio.o(.constdata)
    g_ppui32GPIOIntMapBlizzard               0x00003eac   Data         192  gpio.o(.constdata)
    g_ppui32GPIOIntMapSnowflake              0x00003f6c   Data         216  gpio.o(.constdata)
    g_pui32GPIOBaseAddrs                     0x00004044   Data         144  gpio.o(.constdata)
    .constdata                               0x000040d4   Section      268  interrupt.o(.constdata)
    g_pui32Priority                          0x000040d4   Data          32  interrupt.o(.constdata)
    g_pui32Regs                              0x000040f4   Data         156  interrupt.o(.constdata)
    g_pui32EnRegs                            0x00004190   Data          20  interrupt.o(.constdata)
    g_pui32Dii16Regs                         0x000041a4   Data          20  interrupt.o(.constdata)
    g_pui32PendRegs                          0x000041b8   Data          20  interrupt.o(.constdata)
    g_pui32UnpendRegs                        0x000041cc   Data          20  interrupt.o(.constdata)
    .constdata                               0x000041e0   Section      596  sysctl.o(.constdata)
    g_pui32VCOFrequencies                    0x000041e0   Data           8  sysctl.o(.constdata)
    g_pui32Xtals                             0x000041e8   Data         108  sysctl.o(.constdata)
    g_pppui32XTALtoVCO                       0x00004254   Data         432  sysctl.o(.constdata)
    g_sXTALtoMEMTIM                          0x00004404   Data          48  sysctl.o(.constdata)
    .constdata                               0x00004438   Section      136  pow.o(.constdata)
    bp                                       0x00004438   Data          16  pow.o(.constdata)
    dp_h                                     0x00004448   Data          16  pow.o(.constdata)
    dp_l                                     0x00004458   Data          16  pow.o(.constdata)
    L                                        0x00004468   Data          48  pow.o(.constdata)
    P                                        0x00004498   Data          40  pow.o(.constdata)
    .constdata                               0x000044c0   Section        8  qnan.o(.constdata)
    .data                                    0x20000000   Section       50  exp3_1.o(.data)
    .data                                    0x20000034   Section        4  system_tm4c129.o(.data)
    .bss                                     0x20000038   Section       96  libspace.o(.bss)
    HEAP                                     0x20000098   Section        0  startup_tm4c129.o(HEAP)
    STACK                                    0x20000098   Section      512  startup_tm4c129.o(STACK)
    Heap_Mem                                 0x20000098   Data           0  startup_tm4c129.o(HEAP)
    Stack_Mem                                0x20000098   Data         512  startup_tm4c129.o(STACK)
    __initial_sp                             0x20000298   Data           0  startup_tm4c129.o(STACK)

    Global Symbols

    Symbol Name                              Value     Ov Type        Size  Object(Section)

    BuildAttributes$$THM_ISAv4$E$P$D$K$B$S$7EM$VFPi3$EXTD16$VFPS$VFMA$PE$A:L22UL41UL21$X:L11$S22US41US21$IEEE1$IW$USESV6$~STKCKD$USESV7$~SHL$OTIME$ROPI$IEEEX$EBA8$UX$STANDARDLIB$REQ8$PRES8$EABIv2 0x00000000   Number         0  anon$$obj.o ABSOLUTE
    __ARM_use_no_argv                        0x00000000   Number         0  exp3_1.o ABSOLUTE
    __Vectors                                0x00000000   Data           4  startup_tm4c129.o(RESET)
    __ARM_exceptions_init                     - Undefined Weak Reference
    __alloca_initialize                       - Undefined Weak Reference
    __arm_preinit_                            - Undefined Weak Reference
    __cpp_initialize__aeabi_                  - Undefined Weak Reference
    __cxa_finalize                            - Undefined Weak Reference
    __rt_locale                               - Undefined Weak Reference
    __sigvec_lookup                           - Undefined Weak Reference
    _atexit_init                              - Undefined Weak Reference
    _call_atexit_fns                          - Undefined Weak Reference
    _clock_init                               - Undefined Weak Reference
    _fp_trap_init                             - Undefined Weak Reference
    _fp_trap_shutdown                         - Undefined Weak Reference
    _get_lc_collate                           - Undefined Weak Reference
    _get_lc_ctype                             - Undefined Weak Reference
    _get_lc_monetary                          - Undefined Weak Reference
    _get_lc_numeric                           - Undefined Weak Reference
    _get_lc_time                              - Undefined Weak Reference
    _getenv_init                              - Undefined Weak Reference
    _handle_redirection                       - Undefined Weak Reference
    _init_alloc                               - Undefined Weak Reference
    _init_user_alloc                          - Undefined Weak Reference
    _initio                                   - Undefined Weak Reference
    _rand_init                                - Undefined Weak Reference
    _signal_finish                            - Undefined Weak Reference
    _signal_init                              - Undefined Weak Reference
    _terminate_alloc                          - Undefined Weak Reference
    _terminate_user_alloc                     - Undefined Weak Reference
    _terminateio                              - Undefined Weak Reference
    __Vectors_End                            0x00000200   Data           0  startup_tm4c129.o(RESET)
    __Vectors_Size                           0x00000200   Number         0  startup_tm4c129.o ABSOLUTE
    __main                                   0x00000201   Thumb Code     8  __main.o(!!!main)
    __scatterload                            0x00000209   Thumb Code     0  __scatter.o(!!!scatter)
    __scatterload_rt2                        0x00000209   Thumb Code    44  __scatter.o(!!!scatter)
    __scatterload_rt2_thumb_only             0x00000209   Thumb Code     0  __scatter.o(!!!scatter)
    __scatterload_null                       0x00000217   Thumb Code     0  __scatter.o(!!!scatter)
    __scatterload_copy                       0x0000023d   Thumb Code    26  __scatter_copy.o(!!handler_copy)
    __scatterload_zeroinit                   0x00000259   Thumb Code    28  __scatter_zi.o(!!handler_zi)
    __rt_lib_init                            0x00000275   Thumb Code     0  libinit.o(.ARM.Collect$$libinit$$00000000)
    __rt_lib_init_fp_1                       0x00000277   Thumb Code     0  libinit2.o(.ARM.Collect$$libinit$$00000001)
    __rt_lib_init_alloca_1                   0x0000027b   Thumb Code     0  libinit2.o(.ARM.Collect$$libinit$$0000002E)
    __rt_lib_init_argv_1                     0x0000027b   Thumb Code     0  libinit2.o(.ARM.Collect$$libinit$$0000002C)
    __rt_lib_init_atexit_1                   0x0000027b   Thumb Code     0  libinit2.o(.ARM.Collect$$libinit$$0000001B)
    __rt_lib_init_clock_1                    0x0000027b   Thumb Code     0  libinit2.o(.ARM.Collect$$libinit$$00000021)
    __rt_lib_init_cpp_1                      0x0000027b   Thumb Code     0  libinit2.o(.ARM.Collect$$libinit$$00000032)
    __rt_lib_init_exceptions_1               0x0000027b   Thumb Code     0  libinit2.o(.ARM.Collect$$libinit$$00000030)
    __rt_lib_init_fp_trap_1                  0x0000027b   Thumb Code     0  libinit2.o(.ARM.Collect$$libinit$$0000001F)
    __rt_lib_init_getenv_1                   0x0000027b   Thumb Code     0  libinit2.o(.ARM.Collect$$libinit$$00000023)
    __rt_lib_init_heap_1                     0x0000027b   Thumb Code     0  libinit2.o(.ARM.Collect$$libinit$$0000000A)
    __rt_lib_init_lc_collate_1               0x0000027b   Thumb Code     0  libinit2.o(.ARM.Collect$$libinit$$00000011)
    __rt_lib_init_lc_ctype_1                 0x0000027b   Thumb Code     0  libinit2.o(.ARM.Collect$$libinit$$00000013)
    __rt_lib_init_lc_monetary_1              0x0000027b   Thumb Code     0  libinit2.o(.ARM.Collect$$libinit$$00000015)
    __rt_lib_init_lc_numeric_1               0x0000027b   Thumb Code     0  libinit2.o(.ARM.Collect$$libinit$$00000017)
    __rt_lib_init_lc_time_1                  0x0000027b   Thumb Code     0  libinit2.o(.ARM.Collect$$libinit$$00000019)
    __rt_lib_init_preinit_1                  0x0000027b   Thumb Code     0  libinit2.o(.ARM.Collect$$libinit$$00000004)
    __rt_lib_init_rand_1                     0x0000027b   Thumb Code     0  libinit2.o(.ARM.Collect$$libinit$$0000000E)
    __rt_lib_init_return                     0x0000027b   Thumb Code     0  libinit2.o(.ARM.Collect$$libinit$$00000033)
    __rt_lib_init_signal_1                   0x0000027b   Thumb Code     0  libinit2.o(.ARM.Collect$$libinit$$0000001D)
    __rt_lib_init_stdio_1                    0x0000027b   Thumb Code     0  libinit2.o(.ARM.Collect$$libinit$$00000025)
    __rt_lib_init_user_alloc_1               0x0000027b   Thumb Code     0  libinit2.o(.ARM.Collect$$libinit$$0000000C)
    __rt_lib_shutdown                        0x0000027d   Thumb Code     0  libshutdown.o(.ARM.Collect$$libshutdown$$00000000)
    __rt_lib_shutdown_cpp_1                  0x0000027f   Thumb Code     0  libshutdown2.o(.ARM.Collect$$libshutdown$$00000002)
    __rt_lib_shutdown_fp_trap_1              0x0000027f   Thumb Code     0  libshutdown2.o(.ARM.Collect$$libshutdown$$00000007)
    __rt_lib_shutdown_heap_1                 0x0000027f   Thumb Code     0  libshutdown2.o(.ARM.Collect$$libshutdown$$0000000F)
    __rt_lib_shutdown_return                 0x0000027f   Thumb Code     0  libshutdown2.o(.ARM.Collect$$libshutdown$$00000010)
    __rt_lib_shutdown_signal_1               0x0000027f   Thumb Code     0  libshutdown2.o(.ARM.Collect$$libshutdown$$0000000A)
    __rt_lib_shutdown_stdio_1                0x0000027f   Thumb Code     0  libshutdown2.o(.ARM.Collect$$libshutdown$$00000004)
    __rt_lib_shutdown_user_alloc_1           0x0000027f   Thumb Code     0  libshutdown2.o(.ARM.Collect$$libshutdown$$0000000C)
    __rt_entry                               0x00000281   Thumb Code     0  __rtentry.o(.ARM.Collect$$rtentry$$00000000)
    __rt_entry_presh_1                       0x00000281   Thumb Code     0  __rtentry2.o(.ARM.Collect$$rtentry$$00000002)
    __rt_entry_sh                            0x00000281   Thumb Code     0  __rtentry4.o(.ARM.Collect$$rtentry$$00000004)
    __rt_entry_li                            0x00000287   Thumb Code     0  __rtentry2.o(.ARM.Collect$$rtentry$$0000000A)
    __rt_entry_postsh_1                      0x00000287   Thumb Code     0  __rtentry2.o(.ARM.Collect$$rtentry$$00000009)
    __rt_entry_main                          0x0000028b   Thumb Code     0  __rtentry2.o(.ARM.Collect$$rtentry$$0000000D)
    __rt_entry_postli_1                      0x0000028b   Thumb Code     0  __rtentry2.o(.ARM.Collect$$rtentry$$0000000C)
    __rt_exit                                0x00000293   Thumb Code     0  rtexit.o(.ARM.Collect$$rtexit$$00000000)
    __rt_exit_ls                             0x00000295   Thumb Code     0  rtexit2.o(.ARM.Collect$$rtexit$$00000003)
    __rt_exit_prels_1                        0x00000295   Thumb Code     0  rtexit2.o(.ARM.Collect$$rtexit$$00000002)
    __rt_exit_exit                           0x00000299   Thumb Code     0  rtexit2.o(.ARM.Collect$$rtexit$$00000004)
    SysCtlDelay                              0x000002a1   Thumb Code     6  sysctl.o(.emb_text)
    CPUcpsid                                 0x000002a9   Thumb Code     8  cpu.o(.emb_text)
    CPUprimask                               0x000002b1   Thumb Code     6  cpu.o(.emb_text)
    CPUcpsie                                 0x000002b7   Thumb Code     8  cpu.o(.emb_text)
    CPUwfi                                   0x000002bf   Thumb Code     4  cpu.o(.emb_text)
    CPUbasepriSet                            0x000002c3   Thumb Code     6  cpu.o(.emb_text)
    CPUbasepriGet                            0x000002c9   Thumb Code     6  cpu.o(.emb_text)
    Reset_Handler                            0x000002d1   Thumb Code     8  startup_tm4c129.o(.text)
    NMI_Handler                              0x000002d9   Thumb Code     2  startup_tm4c129.o(.text)
    HardFault_Handler                        0x000002db   Thumb Code     2  startup_tm4c129.o(.text)
    MemManage_Handler                        0x000002dd   Thumb Code     2  startup_tm4c129.o(.text)
    BusFault_Handler                         0x000002df   Thumb Code     2  startup_tm4c129.o(.text)
    UsageFault_Handler                       0x000002e1   Thumb Code     2  startup_tm4c129.o(.text)
    SVC_Handler                              0x000002e3   Thumb Code     2  startup_tm4c129.o(.text)
    DebugMon_Handler                         0x000002e5   Thumb Code     2  startup_tm4c129.o(.text)
    PendSV_Handler                           0x000002e7   Thumb Code     2  startup_tm4c129.o(.text)
    GPIOA_Handler                            0x000002eb   Thumb Code     2  startup_tm4c129.o(.text)
    GPIOB_Handler                            0x000002ed   Thumb Code     2  startup_tm4c129.o(.text)
    GPIOC_Handler                            0x000002ef   Thumb Code     2  startup_tm4c129.o(.text)
    GPIOD_Handler                            0x000002f1   Thumb Code     2  startup_tm4c129.o(.text)
    GPIOE_Handler                            0x000002f3   Thumb Code     2  startup_tm4c129.o(.text)
    UART1_Handler                            0x000002f7   Thumb Code     2  startup_tm4c129.o(.text)
    SSI0_Handler                             0x000002f9   Thumb Code     2  startup_tm4c129.o(.text)
    I2C0_Handler                             0x000002fb   Thumb Code     2  startup_tm4c129.o(.text)
    PMW0_FAULT_Handler                       0x000002fd   Thumb Code     2  startup_tm4c129.o(.text)
    PWM0_0_Handler                           0x000002ff   Thumb Code     2  startup_tm4c129.o(.text)
    PWM0_1_Handler                           0x00000301   Thumb Code     2  startup_tm4c129.o(.text)
    PWM0_2_Handler                           0x00000303   Thumb Code     2  startup_tm4c129.o(.text)
    QEI0_Handler                             0x00000305   Thumb Code     2  startup_tm4c129.o(.text)
    ADC0SS0_Handler                          0x00000307   Thumb Code     2  startup_tm4c129.o(.text)
    ADC0SS1_Handler                          0x00000309   Thumb Code     2  startup_tm4c129.o(.text)
    ADC0SS2_Handler                          0x0000030b   Thumb Code     2  startup_tm4c129.o(.text)
    ADC0SS3_Handler                          0x0000030d   Thumb Code     2  startup_tm4c129.o(.text)
    WDT0_Handler                             0x0000030f   Thumb Code     2  startup_tm4c129.o(.text)
    TIMER0A_Handler                          0x00000311   Thumb Code     2  startup_tm4c129.o(.text)
    TIMER0B_Handler                          0x00000313   Thumb Code     2  startup_tm4c129.o(.text)
    TIMER1A_Handler                          0x00000315   Thumb Code     2  startup_tm4c129.o(.text)
    TIMER1B_Handler                          0x00000317   Thumb Code     2  startup_tm4c129.o(.text)
    TIMER2A_Handler                          0x00000319   Thumb Code     2  startup_tm4c129.o(.text)
    TIMER2B_Handler                          0x0000031b   Thumb Code     2  startup_tm4c129.o(.text)
    COMP0_Handler                            0x0000031d   Thumb Code     2  startup_tm4c129.o(.text)
    COMP1_Handler                            0x0000031f   Thumb Code     2  startup_tm4c129.o(.text)
    COMP2_Handler                            0x00000321   Thumb Code     2  startup_tm4c129.o(.text)
    SYSCTL_Handler                           0x00000323   Thumb Code     2  startup_tm4c129.o(.text)
    FLASH_Handler                            0x00000325   Thumb Code     2  startup_tm4c129.o(.text)
    GPIOF_Handler                            0x00000327   Thumb Code     2  startup_tm4c129.o(.text)
    GPIOG_Handler                            0x00000329   Thumb Code     2  startup_tm4c129.o(.text)
    GPIOH_Handler                            0x0000032b   Thumb Code     2  startup_tm4c129.o(.text)
    UART2_Handler                            0x0000032d   Thumb Code     2  startup_tm4c129.o(.text)
    SSI1_Handler                             0x0000032f   Thumb Code     2  startup_tm4c129.o(.text)
    TIMER3A_Handler                          0x00000331   Thumb Code     2  startup_tm4c129.o(.text)
    TIMER3B_Handler                          0x00000333   Thumb Code     2  startup_tm4c129.o(.text)
    I2C1_Handler                             0x00000335   Thumb Code     2  startup_tm4c129.o(.text)
    CAN0_Handler                             0x00000337   Thumb Code     2  startup_tm4c129.o(.text)
    CAN1_Handler                             0x00000339   Thumb Code     2  startup_tm4c129.o(.text)
    ETH_Handler                              0x0000033b   Thumb Code     2  startup_tm4c129.o(.text)
    HIB_Handler                              0x0000033d   Thumb Code     2  startup_tm4c129.o(.text)
    USB0_Handler                             0x0000033f   Thumb Code     2  startup_tm4c129.o(.text)
    PWM0_3_Handler                           0x00000341   Thumb Code     2  startup_tm4c129.o(.text)
    UDMA_Handler                             0x00000343   Thumb Code     2  startup_tm4c129.o(.text)
    UDMAERR_Handler                          0x00000345   Thumb Code     2  startup_tm4c129.o(.text)
    ADC1SS0_Handler                          0x00000347   Thumb Code     2  startup_tm4c129.o(.text)
    ADC1SS1_Handler                          0x00000349   Thumb Code     2  startup_tm4c129.o(.text)
    ADC1SS2_Handler                          0x0000034b   Thumb Code     2  startup_tm4c129.o(.text)
    ADC1SS3_Handler                          0x0000034d   Thumb Code     2  startup_tm4c129.o(.text)
    EBI0_Handler                             0x0000034f   Thumb Code     2  startup_tm4c129.o(.text)
    GPIOJ_Handler                            0x00000351   Thumb Code     2  startup_tm4c129.o(.text)
    GPIOK_Handler                            0x00000353   Thumb Code     2  startup_tm4c129.o(.text)
    GPIOL_Handler                            0x00000355   Thumb Code     2  startup_tm4c129.o(.text)
    SSI2_Handler                             0x00000357   Thumb Code     2  startup_tm4c129.o(.text)
    SSI3_Handler                             0x00000359   Thumb Code     2  startup_tm4c129.o(.text)
    UART3_Handler                            0x0000035b   Thumb Code     2  startup_tm4c129.o(.text)
    UART4_Handler                            0x0000035d   Thumb Code     2  startup_tm4c129.o(.text)
    UART5_Handler                            0x0000035f   Thumb Code     2  startup_tm4c129.o(.text)
    UART6_Handler                            0x00000361   Thumb Code     2  startup_tm4c129.o(.text)
    UART7_Handler                            0x00000363   Thumb Code     2  startup_tm4c129.o(.text)
    I2C2_Handler                             0x00000365   Thumb Code     2  startup_tm4c129.o(.text)
    I2C3_Handler                             0x00000367   Thumb Code     2  startup_tm4c129.o(.text)
    TIMER4A_Handler                          0x00000369   Thumb Code     2  startup_tm4c129.o(.text)
    TIMER4B_Handler                          0x0000036b   Thumb Code     2  startup_tm4c129.o(.text)
    TIMER5A_Handler                          0x0000036d   Thumb Code     2  startup_tm4c129.o(.text)
    TIMER5B_Handler                          0x0000036f   Thumb Code     2  startup_tm4c129.o(.text)
    WTIMER0A_Handler                         0x00000371   Thumb Code     2  startup_tm4c129.o(.text)
    WTIMER0B_Handler                         0x00000373   Thumb Code     2  startup_tm4c129.o(.text)
    WTIMER1A_Handler                         0x00000375   Thumb Code     2  startup_tm4c129.o(.text)
    WTIMER1B_Handler                         0x00000377   Thumb Code     2  startup_tm4c129.o(.text)
    WTIMER2A_Handler                         0x00000379   Thumb Code     2  startup_tm4c129.o(.text)
    WTIMER2B_Handler                         0x0000037b   Thumb Code     2  startup_tm4c129.o(.text)
    WTIMER3A_Handler                         0x0000037d   Thumb Code     2  startup_tm4c129.o(.text)
    WTIMER3B_Handler                         0x0000037f   Thumb Code     2  startup_tm4c129.o(.text)
    WTIMER4A_Handler                         0x00000381   Thumb Code     2  startup_tm4c129.o(.text)
    WTIMER4B_Handler                         0x00000383   Thumb Code     2  startup_tm4c129.o(.text)
    WTIMER5A_Handler                         0x00000385   Thumb Code     2  startup_tm4c129.o(.text)
    WTIMER5B_Handler                         0x00000387   Thumb Code     2  startup_tm4c129.o(.text)
    FPU_Handler                              0x00000389   Thumb Code     2  startup_tm4c129.o(.text)
    I2C4_Handler                             0x0000038b   Thumb Code     2  startup_tm4c129.o(.text)
    I2C5_Handler                             0x0000038d   Thumb Code     2  startup_tm4c129.o(.text)
    GPIOM_Handler                            0x0000038f   Thumb Code     2  startup_tm4c129.o(.text)
    GPION_Handler                            0x00000391   Thumb Code     2  startup_tm4c129.o(.text)
    TAMPER_Handler                           0x00000393   Thumb Code     2  startup_tm4c129.o(.text)
    GPIOP0_Handler                           0x00000395   Thumb Code     2  startup_tm4c129.o(.text)
    GPIOP1_Handler                           0x00000397   Thumb Code     2  startup_tm4c129.o(.text)
    GPIOP2_Handler                           0x00000399   Thumb Code     2  startup_tm4c129.o(.text)
    GPIOP3_Handler                           0x0000039b   Thumb Code     2  startup_tm4c129.o(.text)
    GPIOP4_Handler                           0x0000039d   Thumb Code     2  startup_tm4c129.o(.text)
    GPIOP5_Handler                           0x0000039f   Thumb Code     2  startup_tm4c129.o(.text)
    GPIOP6_Handler                           0x000003a1   Thumb Code     2  startup_tm4c129.o(.text)
    GPIOP7_Handler                           0x000003a3   Thumb Code     2  startup_tm4c129.o(.text)
    GPIOQ0_Handler                           0x000003a5   Thumb Code     2  startup_tm4c129.o(.text)
    GPIOQ1_Handler                           0x000003a7   Thumb Code     2  startup_tm4c129.o(.text)
    GPIOQ2_Handler                           0x000003a9   Thumb Code     2  startup_tm4c129.o(.text)
    GPIOQ3_Handler                           0x000003ab   Thumb Code     2  startup_tm4c129.o(.text)
    GPIOQ4_Handler                           0x000003ad   Thumb Code     2  startup_tm4c129.o(.text)
    GPIOQ5_Handler                           0x000003af   Thumb Code     2  startup_tm4c129.o(.text)
    GPIOQ6_Handler                           0x000003b1   Thumb Code     2  startup_tm4c129.o(.text)
    GPIOQ7_Handler                           0x000003b3   Thumb Code     2  startup_tm4c129.o(.text)
    GPIOR_Handler                            0x000003b5   Thumb Code     2  startup_tm4c129.o(.text)
    GPIOS_Handler                            0x000003b7   Thumb Code     2  startup_tm4c129.o(.text)
    SHAMD5_Handler                           0x000003b9   Thumb Code     2  startup_tm4c129.o(.text)
    AES_Handler                              0x000003bb   Thumb Code     2  startup_tm4c129.o(.text)
    DES3DES_Handler                          0x000003bd   Thumb Code     2  startup_tm4c129.o(.text)
    LCDCONTROLLER_Handler                    0x000003bf   Thumb Code     2  startup_tm4c129.o(.text)
    TIMER6A_Handler                          0x000003c1   Thumb Code     2  startup_tm4c129.o(.text)
    TIMER6B_Handler                          0x000003c3   Thumb Code     2  startup_tm4c129.o(.text)
    TIMER7A_Handler                          0x000003c5   Thumb Code     2  startup_tm4c129.o(.text)
    TIMER7B_Handler                          0x000003c7   Thumb Code     2  startup_tm4c129.o(.text)
    I2C6_Handler                             0x000003c9   Thumb Code     2  startup_tm4c129.o(.text)
    I2C7_Handler                             0x000003cb   Thumb Code     2  startup_tm4c129.o(.text)
    HIMSCANKEYBOARD_Handler                  0x000003cd   Thumb Code     2  startup_tm4c129.o(.text)
    ONEWIRE_Handler                          0x000003cf   Thumb Code     2  startup_tm4c129.o(.text)
    HIMPS2_Handler                           0x000003d1   Thumb Code     2  startup_tm4c129.o(.text)
    HIMLEDSEQUENCER_Handler                  0x000003d3   Thumb Code     2  startup_tm4c129.o(.text)
    HIMCONSUMERIR_Handler                    0x000003d5   Thumb Code     2  startup_tm4c129.o(.text)
    I2C8_Handler                             0x000003d7   Thumb Code     2  startup_tm4c129.o(.text)
    I2C9_Handler                             0x000003d9   Thumb Code     2  startup_tm4c129.o(.text)
    GPIOT_Handler                            0x000003db   Thumb Code     2  startup_tm4c129.o(.text)
    __user_initial_stackheap                 0x000003dd   Thumb Code     0  startup_tm4c129.o(.text)
    __aeabi_memclr4                          0x000003fd   Thumb Code     0  rt_memclr_w.o(.text)
    __aeabi_memclr8                          0x000003fd   Thumb Code     0  rt_memclr_w.o(.text)
    __rt_memclr_w                            0x000003fd   Thumb Code    78  rt_memclr_w.o(.text)
    _memset_w                                0x00000401   Thumb Code     0  rt_memclr_w.o(.text)
    __use_two_region_memory                  0x0000044b   Thumb Code     2  heapauxi.o(.text)
    __rt_heap_escrow$2region                 0x0000044d   Thumb Code     2  heapauxi.o(.text)
    __rt_heap_expand$2region                 0x0000044f   Thumb Code     2  heapauxi.o(.text)
    __read_errno                             0x00000451   Thumb Code    10  _rserrno.o(.text)
    __set_errno                              0x0000045b   Thumb Code    12  _rserrno.o(.text)
    __aeabi_errno_addr                       0x00000469   Thumb Code     8  rt_errno_addr_intlibspace.o(.text)
    __errno$intlibspace                      0x00000469   Thumb Code     0  rt_errno_addr_intlibspace.o(.text)
    __rt_errno_addr$intlibspace              0x00000469   Thumb Code     0  rt_errno_addr_intlibspace.o(.text)
    __user_libspace                          0x00000471   Thumb Code     8  libspace.o(.text)
    __user_perproc_libspace                  0x00000471   Thumb Code     0  libspace.o(.text)
    __user_perthread_libspace                0x00000471   Thumb Code     0  libspace.o(.text)
    __user_setup_stackheap                   0x00000479   Thumb Code    74  sys_stackheap_outer.o(.text)
    exit                                     0x000004c3   Thumb Code    18  exit.o(.text)
    _sys_exit                                0x000004d5   Thumb Code     8  sys_exit.o(.text)
    __I$use$semihosting                      0x000004e1   Thumb Code     0  use_no_semi.o(.text)
    __use_no_semihosting_swi                 0x000004e1   Thumb Code     2  use_no_semi.o(.text)
    __semihosting_library_function           0x000004e3   Thumb Code     0  indicate_semi.o(.text)
    ADC0Init                                 0x000004e5   Thumb Code    64  exp3_1.o(i.ADC0Init)
    ADCIntClear                              0x00000535   Thumb Code    10  adc.o(i.ADCIntClear)
    ADCIntStatus                             0x0000053f   Thumb Code    52  adc.o(i.ADCIntStatus)
    ADCProcessorTrigger                      0x00000573   Thumb Code    26  adc.o(i.ADCProcessorTrigger)
    ADCSequenceConfigure                     0x0000058d   Thumb Code    96  adc.o(i.ADCSequenceConfigure)
    ADCSequenceDataGet                       0x000005ed   Thumb Code    36  adc.o(i.ADCSequenceDataGet)
    ADCSequenceEnable                        0x00000611   Thumb Code    14  adc.o(i.ADCSequenceEnable)
    ADCSequenceStepConfigure                 0x0000061f   Thumb Code   154  adc.o(i.ADCSequenceStepConfigure)
    ADC_Sample                               0x000006b9   Thumb Code    48  exp3_1.o(i.ADC_Sample)
    ADC_sinSample                            0x000006ed   Thumb Code   258  exp3_1.o(i.ADC_sinSample)
    DevicesInit                              0x00000801   Thumb Code    32  exp3_1.o(i.DevicesInit)
    GPIODirModeSet                           0x0000082d   Thumb Code    40  gpio.o(i.GPIODirModeSet)
    GPIOInit                                 0x00000855   Thumb Code   262  exp3_1.o(i.GPIOInit)
    GPIOPadConfigSet                         0x00000975   Thumb Code   312  gpio.o(i.GPIOPadConfigSet)
    GPIOPinConfigure                         0x00000aad   Thumb Code    60  gpio.o(i.GPIOPinConfigure)
    GPIOPinRead                              0x00000af1   Thumb Code     6  gpio.o(i.GPIOPinRead)
    GPIOPinTypeADC                           0x00000af7   Thumb Code    28  gpio.o(i.GPIOPinTypeADC)
    GPIOPinTypeGPIOInput                     0x00000b13   Thumb Code    28  gpio.o(i.GPIOPinTypeGPIOInput)
    GPIOPinTypeGPIOOutput                    0x00000b2f   Thumb Code    28  gpio.o(i.GPIOPinTypeGPIOOutput)
    GPIOPinTypeUART                          0x00000b4b   Thumb Code    28  gpio.o(i.GPIOPinTypeUART)
    GPIOPinWrite                             0x00000b67   Thumb Code     6  gpio.o(i.GPIOPinWrite)
    IntEnable                                0x00000b6d   Thumb Code    92  interrupt.o(i.IntEnable)
    IntMasterEnable                          0x00000bd1   Thumb Code    14  interrupt.o(i.IntMasterEnable)
    MAX262_GetFN                             0x00000be1   Thumb Code   132  max262.o(i.MAX262_GetFN)
    MAX262_LH                                0x00000c81   Thumb Code  1182  max262.o(i.MAX262_LH)
    MAX262_LH_Getf0                          0x00001121   Thumb Code   262  max262.o(i.MAX262_LH_Getf0)
    MAX262_SetAF                             0x00001241   Thumb Code    34  max262.o(i.MAX262_SetAF)
    MAX262_SetAQ                             0x00001263   Thumb Code    48  max262.o(i.MAX262_SetAQ)
    MAX262_SetBF                             0x00001293   Thumb Code    34  max262.o(i.MAX262_SetBF)
    MAX262_SetBQ                             0x000012b5   Thumb Code    48  max262.o(i.MAX262_SetBQ)
    MAX262_Write                             0x000012e5   Thumb Code   962  max262.o(i.MAX262_Write)
    SentFreq                                 0x000016b5   Thumb Code   176  exp3_1.o(i.SentFreq)
    Set_Freq                                 0x00001771   Thumb Code    52  exp3_1.o(i.Set_Freq)
    SysCtlClockFreqSet                       0x000017b1   Thumb Code   700  sysctl.o(i.SysCtlClockFreqSet)
    SysCtlClockGet                           0x00001a95   Thumb Code   304  sysctl.o(i.SysCtlClockGet)
    SysCtlPeripheralEnable                   0x00001be9   Thumb Code    36  sysctl.o(i.SysCtlPeripheralEnable)
    SysCtlPeripheralReady                    0x00001c11   Thumb Code    40  sysctl.o(i.SysCtlPeripheralReady)
    SysTickEnable                            0x00001c3d   Thumb Code    14  systick.o(i.SysTickEnable)
    SysTickInit                              0x00001c4d   Thumb Code    28  exp3_1.o(i.SysTickInit)
    SysTickIntEnable                         0x00001c6d   Thumb Code    14  systick.o(i.SysTickIntEnable)
    SysTickPeriodSet                         0x00001c7b   Thumb Code    10  systick.o(i.SysTickPeriodSet)
    SysTick_Handler                          0x00001c85   Thumb Code    60  exp3_1.o(i.SysTick_Handler)
    SystemInit                               0x00001cd9   Thumb Code    20  system_tm4c129.o(i.SystemInit)
    TM1638_DigiSegment                       0x00001cf9   Thumb Code   260  tm1638.o(i.TM1638_DigiSegment)
    TM1638_Init                              0x00001dfd   Thumb Code    30  tm1638.o(i.TM1638_Init)
    TM1638_Readkeyboard                      0x00001e21   Thumb Code   146  tm1638.o(i.TM1638_Readkeyboard)
    TM1638_RefreshDIGIandLED                 0x00001eb9   Thumb Code   150  tm1638.o(i.TM1638_RefreshDIGIandLED)
    TM1638_Serial_Input                      0x00001f55   Thumb Code    76  tm1638.o(i.TM1638_Serial_Input)
    TM1638_Serial_Output                     0x00001fa9   Thumb Code    74  tm1638.o(i.TM1638_Serial_Output)
    UART0_Handler                            0x00001ffd   Thumb Code     2  exp3_1.o(i.UART0_Handler)
    UARTCharPut                              0x00001fff   Thumb Code    12  uart.o(i.UARTCharPut)
    UARTCharPutNonBlocking                   0x0000200b   Thumb Code    16  uart.o(i.UARTCharPutNonBlocking)
    UARTConfigSetExpClk                      0x0000201b   Thumb Code   110  uart.o(i.UARTConfigSetExpClk)
    UARTInit                                 0x00002089   Thumb Code    90  exp3_1.o(i.UARTInit)
    UARTIntEnable                            0x00002101   Thumb Code     8  uart.o(i.UARTIntEnable)
    UARTStringPut                            0x00002109   Thumb Code    26  exp3_1.o(i.UARTStringPut)
    __ARM_fpclassify                         0x00002123   Thumb Code    48  fpclassify.o(i.__ARM_fpclassify)
    __hardfp_pow                             0x00002159   Thumb Code  3072  pow.o(i.__hardfp_pow)
    __hardfp_sqrt                            0x00002da9   Thumb Code   122  sqrt.o(i.__hardfp_sqrt)
    __kernel_poly                            0x00002e23   Thumb Code   248  poly.o(i.__kernel_poly)
    __mathlib_dbl_divzero                    0x00002f21   Thumb Code    28  dunder.o(i.__mathlib_dbl_divzero)
    __mathlib_dbl_infnan2                    0x00002f51   Thumb Code    20  dunder.o(i.__mathlib_dbl_infnan2)
    __mathlib_dbl_invalid                    0x00002f69   Thumb Code    24  dunder.o(i.__mathlib_dbl_invalid)
    __mathlib_dbl_overflow                   0x00002f89   Thumb Code    24  dunder.o(i.__mathlib_dbl_overflow)
    __mathlib_dbl_underflow                  0x00002fa9   Thumb Code    24  dunder.o(i.__mathlib_dbl_underflow)
    delay_sys                                0x00002fc9   Thumb Code    12  exp3_1.o(i.delay_sys)
    delay_usec                               0x00002fd5   Thumb Code    16  exp3_1.o(i.delay_usec)
    fabs                                     0x00002fe5   Thumb Code    24  fabs.o(i.fabs)
    main                                     0x00002ffd   Thumb Code   132  exp3_1.o(i.main)
    sqrt                                     0x0000309d   Thumb Code   110  sqrt.o(i.sqrt)
    __aeabi_dneg                             0x0000310b   Thumb Code     0  basic.o(x$fpl$basic)
    _dneg                                    0x0000310b   Thumb Code     6  basic.o(x$fpl$basic)
    __aeabi_fneg                             0x00003111   Thumb Code     0  basic.o(x$fpl$basic)
    _fneg                                    0x00003111   Thumb Code     6  basic.o(x$fpl$basic)
    _dabs                                    0x00003117   Thumb Code     6  basic.o(x$fpl$basic)
    _fabs                                    0x0000311d   Thumb Code     6  basic.o(x$fpl$basic)
    __aeabi_d2f                              0x00003125   Thumb Code     0  d2f.o(x$fpl$d2f)
    _d2f                                     0x00003125   Thumb Code    98  d2f.o(x$fpl$d2f)
    __aeabi_dadd                             0x00003189   Thumb Code     0  daddsub_clz.o(x$fpl$dadd)
    _dadd                                    0x00003189   Thumb Code   332  daddsub_clz.o(x$fpl$dadd)
    __fpl_dcheck_NaN1                        0x000032d9   Thumb Code    10  dcheck1.o(x$fpl$dcheck1)
    __fpl_dcmp_Inf                           0x000032e9   Thumb Code    24  dcmpi.o(x$fpl$dcmpinf)
    __aeabi_ddiv                             0x00003301   Thumb Code     0  ddiv.o(x$fpl$ddiv)
    _ddiv                                    0x00003301   Thumb Code   552  ddiv.o(x$fpl$ddiv)
    __aeabi_d2uiz                            0x000035b1   Thumb Code     0  dfixu.o(x$fpl$dfixu)
    _dfixu                                   0x000035b1   Thumb Code    90  dfixu.o(x$fpl$dfixu)
    __aeabi_i2d                              0x0000360b   Thumb Code     0  dflt_clz.o(x$fpl$dflt)
    _dflt                                    0x0000360b   Thumb Code    46  dflt_clz.o(x$fpl$dflt)
    __aeabi_ui2d                             0x00003639   Thumb Code     0  dflt_clz.o(x$fpl$dfltu)
    _dfltu                                   0x00003639   Thumb Code    38  dflt_clz.o(x$fpl$dfltu)
    __aeabi_cdcmple                          0x00003661   Thumb Code     0  dleqf.o(x$fpl$dleqf)
    _dcmple                                  0x00003661   Thumb Code   120  dleqf.o(x$fpl$dleqf)
    __fpl_dcmple_InfNaN                      0x000036c3   Thumb Code     0  dleqf.o(x$fpl$dleqf)
    __aeabi_dmul                             0x000036d9   Thumb Code     0  dmul.o(x$fpl$dmul)
    _dmul                                    0x000036d9   Thumb Code   332  dmul.o(x$fpl$dmul)
    __fpl_dnaninf                            0x0000382d   Thumb Code   156  dnaninf.o(x$fpl$dnaninf)
    __fpl_dretinf                            0x000038c9   Thumb Code    12  dretinf.o(x$fpl$dretinf)
    __aeabi_cdrcmple                         0x000038d5   Thumb Code     0  drleqf.o(x$fpl$drleqf)
    _drcmple                                 0x000038d5   Thumb Code   108  drleqf.o(x$fpl$drleqf)
    __aeabi_drsub                            0x00003941   Thumb Code     0  daddsub_clz.o(x$fpl$drsb)
    _drsb                                    0x00003941   Thumb Code    22  daddsub_clz.o(x$fpl$drsb)
    _dsqrt                                   0x00003959   Thumb Code   404  dsqrt_umaal.o(x$fpl$dsqrt)
    __aeabi_dsub                             0x00003af1   Thumb Code     0  daddsub_clz.o(x$fpl$dsub)
    _dsub                                    0x00003af1   Thumb Code   464  daddsub_clz.o(x$fpl$dsub)
    __aeabi_f2d                              0x00003cc5   Thumb Code     0  f2d.o(x$fpl$f2d)
    _f2d                                     0x00003cc5   Thumb Code    86  f2d.o(x$fpl$f2d)
    __fpl_fnaninf                            0x00003d1b   Thumb Code   140  fnaninf.o(x$fpl$fnaninf)
    _fp_init                                 0x00003da7   Thumb Code    10  fpinit.o(x$fpl$fpinit)
    __fplib_config_fpu_vfp                   0x00003daf   Thumb Code     0  fpinit.o(x$fpl$fpinit)
    __fplib_config_pureend_doubles           0x00003daf   Thumb Code     0  fpinit.o(x$fpl$fpinit)
    __fpl_fretinf                            0x00003db1   Thumb Code    10  fretinf.o(x$fpl$fretinf)
    __fpl_return_NaN                         0x00003dbb   Thumb Code   100  retnan.o(x$fpl$retnan)
    __ARM_scalbn                             0x00003e1f   Thumb Code    92  scalbn.o(x$fpl$scalbn)
    __fpl_cmpreturn                          0x00003e7b   Thumb Code    48  trapv.o(x$fpl$trapveneer)
    __I$use$fp                               0x00003eaa   Number         0  usenofp.o(x$fpl$usenofp)
    __mathlib_zero                           0x000044c0   Data           8  qnan.o(.constdata)
    Region$$Table$$Base                      0x000044c8   Number         0  anon$$obj.o(Region$$Table)
    Region$$Table$$Limit                     0x000044e8   Number         0  anon$$obj.o(Region$$Table)
    clock100ms                               0x20000000   Data           1  exp3_1.o(.data)
    clock500ms                               0x20000001   Data           1  exp3_1.o(.data)
    clock100ms_flag                          0x20000002   Data           1  exp3_1.o(.data)
    clock500ms_flag                          0x20000003   Data           1  exp3_1.o(.data)
    ui32SysClock                             0x20000004   Data           4  exp3_1.o(.data)
    ADC0value1                               0x20000008   Data           4  exp3_1.o(.data)
    ADCstring                                0x2000000c   Data           6  exp3_1.o(.data)
    timeflag                                 0x20000014   Data           4  exp3_1.o(.data)
    freq                                     0x20000018   Data           4  exp3_1.o(.data)
    Control_AD9850                           0x2000001c   Data           1  exp3_1.o(.data)
    debugflag                                0x2000001d   Data           1  exp3_1.o(.data)
    ui8KeyValue                              0x2000001e   Data           1  exp3_1.o(.data)
    ui8KeyState                              0x2000001f   Data           1  exp3_1.o(.data)
    key_code                                 0x20000020   Data           1  exp3_1.o(.data)
    digit                                    0x20000021   Data           8  exp3_1.o(.data)
    pnt                                      0x20000029   Data           1  exp3_1.o(.data)
    led                                      0x2000002a   Data           8  exp3_1.o(.data)
    SystemCoreClock                          0x20000034   Data           4  system_tm4c129.o(.data)
    __libspace_start                         0x20000038   Data          96  libspace.o(.bss)
    __temporary_stack_top$libspace           0x20000098   Data           0  libspace.o(.bss)



==============================================================================

Memory Map of the image

  Image Entry point : 0x000002d1

  Load Region LR_1 (Base: 0x00000000, Size: 0x00004520, Max: 0xffffffff, ABSOLUTE)

    Execution Region ER_RO (Base: 0x00000000, Size: 0x000044e8, Max: 0xffffffff, ABSOLUTE)

    Base Addr    Size         Type   Attr      Idx    E Section Name        Object

    0x00000000   0x00000200   Data   RO          343    RESET               startup_tm4c129.o
    0x00000200   0x00000008   Code   RO         1823  * !!!main             c_w.l(__main.o)
    0x00000208   0x00000034   Code   RO         2091    !!!scatter          c_w.l(__scatter.o)
    0x0000023c   0x0000001a   Code   RO         2093    !!handler_copy      c_w.l(__scatter_copy.o)
    0x00000256   0x00000002   PAD
    0x00000258   0x0000001c   Code   RO         2095    !!handler_zi        c_w.l(__scatter_zi.o)
    0x00000274   0x00000002   Code   RO         1960    .ARM.Collect$$libinit$$00000000  c_w.l(libinit.o)
    0x00000276   0x00000004   Code   RO         1965    .ARM.Collect$$libinit$$00000001  c_w.l(libinit2.o)
    0x0000027a   0x00000000   Code   RO         1968    .ARM.Collect$$libinit$$00000004  c_w.l(libinit2.o)
    0x0000027a   0x00000000   Code   RO         1971    .ARM.Collect$$libinit$$0000000A  c_w.l(libinit2.o)
    0x0000027a   0x00000000   Code   RO         1973    .ARM.Collect$$libinit$$0000000C  c_w.l(libinit2.o)
    0x0000027a   0x00000000   Code   RO         1975    .ARM.Collect$$libinit$$0000000E  c_w.l(libinit2.o)
    0x0000027a   0x00000000   Code   RO         1978    .ARM.Collect$$libinit$$00000011  c_w.l(libinit2.o)
    0x0000027a   0x00000000   Code   RO         1980    .ARM.Collect$$libinit$$00000013  c_w.l(libinit2.o)
    0x0000027a   0x00000000   Code   RO         1982    .ARM.Collect$$libinit$$00000015  c_w.l(libinit2.o)
    0x0000027a   0x00000000   Code   RO         1984    .ARM.Collect$$libinit$$00000017  c_w.l(libinit2.o)
    0x0000027a   0x00000000   Code   RO         1986    .ARM.Collect$$libinit$$00000019  c_w.l(libinit2.o)
    0x0000027a   0x00000000   Code   RO         1988    .ARM.Collect$$libinit$$0000001B  c_w.l(libinit2.o)
    0x0000027a   0x00000000   Code   RO         1990    .ARM.Collect$$libinit$$0000001D  c_w.l(libinit2.o)
    0x0000027a   0x00000000   Code   RO         1992    .ARM.Collect$$libinit$$0000001F  c_w.l(libinit2.o)
    0x0000027a   0x00000000   Code   RO         1994    .ARM.Collect$$libinit$$00000021  c_w.l(libinit2.o)
    0x0000027a   0x00000000   Code   RO         1996    .ARM.Collect$$libinit$$00000023  c_w.l(libinit2.o)
    0x0000027a   0x00000000   Code   RO         1998    .ARM.Collect$$libinit$$00000025  c_w.l(libinit2.o)
    0x0000027a   0x00000000   Code   RO         2002    .ARM.Collect$$libinit$$0000002C  c_w.l(libinit2.o)
    0x0000027a   0x00000000   Code   RO         2004    .ARM.Collect$$libinit$$0000002E  c_w.l(libinit2.o)
    0x0000027a   0x00000000   Code   RO         2006    .ARM.Collect$$libinit$$00000030  c_w.l(libinit2.o)
    0x0000027a   0x00000000   Code   RO         2008    .ARM.Collect$$libinit$$00000032  c_w.l(libinit2.o)
    0x0000027a   0x00000002   Code   RO         2009    .ARM.Collect$$libinit$$00000033  c_w.l(libinit2.o)
    0x0000027c   0x00000002   Code   RO         2031    .ARM.Collect$$libshutdown$$00000000  c_w.l(libshutdown.o)
    0x0000027e   0x00000000   Code   RO         2044    .ARM.Collect$$libshutdown$$00000002  c_w.l(libshutdown2.o)
    0x0000027e   0x00000000   Code   RO         2046    .ARM.Collect$$libshutdown$$00000004  c_w.l(libshutdown2.o)
    0x0000027e   0x00000000   Code   RO         2049    .ARM.Collect$$libshutdown$$00000007  c_w.l(libshutdown2.o)
    0x0000027e   0x00000000   Code   RO         2052    .ARM.Collect$$libshutdown$$0000000A  c_w.l(libshutdown2.o)
    0x0000027e   0x00000000   Code   RO         2054    .ARM.Collect$$libshutdown$$0000000C  c_w.l(libshutdown2.o)
    0x0000027e   0x00000000   Code   RO         2057    .ARM.Collect$$libshutdown$$0000000F  c_w.l(libshutdown2.o)
    0x0000027e   0x00000002   Code   RO         2058    .ARM.Collect$$libshutdown$$00000010  c_w.l(libshutdown2.o)
    0x00000280   0x00000000   Code   RO         1877    .ARM.Collect$$rtentry$$00000000  c_w.l(__rtentry.o)
    0x00000280   0x00000000   Code   RO         1925    .ARM.Collect$$rtentry$$00000002  c_w.l(__rtentry2.o)
    0x00000280   0x00000006   Code   RO         1937    .ARM.Collect$$rtentry$$00000004  c_w.l(__rtentry4.o)
    0x00000286   0x00000000   Code   RO         1927    .ARM.Collect$$rtentry$$00000009  c_w.l(__rtentry2.o)
    0x00000286   0x00000004   Code   RO         1928    .ARM.Collect$$rtentry$$0000000A  c_w.l(__rtentry2.o)
    0x0000028a   0x00000000   Code   RO         1930    .ARM.Collect$$rtentry$$0000000C  c_w.l(__rtentry2.o)
    0x0000028a   0x00000008   Code   RO         1931    .ARM.Collect$$rtentry$$0000000D  c_w.l(__rtentry2.o)
    0x00000292   0x00000002   Code   RO         1963    .ARM.Collect$$rtexit$$00000000  c_w.l(rtexit.o)
    0x00000294   0x00000000   Code   RO         2013    .ARM.Collect$$rtexit$$00000002  c_w.l(rtexit2.o)
    0x00000294   0x00000004   Code   RO         2014    .ARM.Collect$$rtexit$$00000003  c_w.l(rtexit2.o)
    0x00000298   0x00000006   Code   RO         2015    .ARM.Collect$$rtexit$$00000004  c_w.l(rtexit2.o)
    0x0000029e   0x00000002   PAD
    0x000002a0   0x00000006   Code   RO         1101    .emb_text           driverlib.lib(sysctl.o)
    0x000002a6   0x00000002   PAD
    0x000002a8   0x00000026   Code   RO         1807    .emb_text           driverlib.lib(cpu.o)
    0x000002ce   0x00000002   PAD
    0x000002d0   0x0000012c   Code   RO          344  * .text               startup_tm4c129.o
    0x000003fc   0x0000004e   Code   RO         1819    .text               c_w.l(rt_memclr_w.o)
    0x0000044a   0x00000006   Code   RO         1821    .text               c_w.l(heapauxi.o)
    0x00000450   0x00000016   Code   RO         1878    .text               c_w.l(_rserrno.o)
    0x00000466   0x00000002   PAD
    0x00000468   0x00000008   Code   RO         1942    .text               c_w.l(rt_errno_addr_intlibspace.o)
    0x00000470   0x00000008   Code   RO         1948    .text               c_w.l(libspace.o)
    0x00000478   0x0000004a   Code   RO         1951    .text               c_w.l(sys_stackheap_outer.o)
    0x000004c2   0x00000012   Code   RO         1953    .text               c_w.l(exit.o)
    0x000004d4   0x0000000c   Code   RO         2023    .text               c_w.l(sys_exit.o)
    0x000004e0   0x00000002   Code   RO         2034    .text               c_w.l(use_no_semi.o)
    0x000004e2   0x00000000   Code   RO         2036    .text               c_w.l(indicate_semi.o)
    0x000004e2   0x00000002   PAD
    0x000004e4   0x00000050   Code   RO          142    i.ADC0Init          exp3_1.o
    0x00000534   0x0000000a   Code   RO          411    i.ADCIntClear       driverlib.lib(adc.o)
    0x0000053e   0x00000034   Code   RO          418    i.ADCIntStatus      driverlib.lib(adc.o)
    0x00000572   0x0000001a   Code   RO          423    i.ADCProcessorTrigger  driverlib.lib(adc.o)
    0x0000058c   0x00000060   Code   RO          426    i.ADCSequenceConfigure  driverlib.lib(adc.o)
    0x000005ec   0x00000024   Code   RO          429    i.ADCSequenceDataGet  driverlib.lib(adc.o)
    0x00000610   0x0000000e   Code   RO          431    i.ADCSequenceEnable  driverlib.lib(adc.o)
    0x0000061e   0x0000009a   Code   RO          434    i.ADCSequenceStepConfigure  driverlib.lib(adc.o)
    0x000006b8   0x00000034   Code   RO          143    i.ADC_Sample        exp3_1.o
    0x000006ec   0x00000114   Code   RO          144    i.ADC_sinSample     exp3_1.o
    0x00000800   0x0000002c   Code   RO          145    i.DevicesInit       exp3_1.o
    0x0000082c   0x00000028   Code   RO          683    i.GPIODirModeSet    driverlib.lib(gpio.o)
    0x00000854   0x00000120   Code   RO          146    i.GPIOInit          exp3_1.o
    0x00000974   0x00000138   Code   RO          695    i.GPIOPadConfigSet  driverlib.lib(gpio.o)
    0x00000aac   0x00000044   Code   RO          696    i.GPIOPinConfigure  driverlib.lib(gpio.o)
    0x00000af0   0x00000006   Code   RO          697    i.GPIOPinRead       driverlib.lib(gpio.o)
    0x00000af6   0x0000001c   Code   RO          698    i.GPIOPinTypeADC    driverlib.lib(gpio.o)
    0x00000b12   0x0000001c   Code   RO          706    i.GPIOPinTypeGPIOInput  driverlib.lib(gpio.o)
    0x00000b2e   0x0000001c   Code   RO          707    i.GPIOPinTypeGPIOOutput  driverlib.lib(gpio.o)
    0x00000b4a   0x0000001c   Code   RO          719    i.GPIOPinTypeUART   driverlib.lib(gpio.o)
    0x00000b66   0x00000006   Code   RO          725    i.GPIOPinWrite      driverlib.lib(gpio.o)
    0x00000b6c   0x00000064   Code   RO          986    i.IntEnable         driverlib.lib(interrupt.o)
    0x00000bd0   0x0000000e   Code   RO          989    i.IntMasterEnable   driverlib.lib(interrupt.o)
    0x00000bde   0x00000002   PAD
    0x00000be0   0x000000a0   Code   RO          254    i.MAX262_GetFN      max262.o
    0x00000c80   0x0000049e   Code   RO          255    i.MAX262_LH         max262.o
    0x0000111e   0x00000002   PAD
    0x00001120   0x00000120   Code   RO          256    i.MAX262_LH_Getf0   max262.o
    0x00001240   0x00000022   Code   RO          257    i.MAX262_SetAF      max262.o
    0x00001262   0x00000030   Code   RO          258    i.MAX262_SetAQ      max262.o
    0x00001292   0x00000022   Code   RO          259    i.MAX262_SetBF      max262.o
    0x000012b4   0x00000030   Code   RO          260    i.MAX262_SetBQ      max262.o
    0x000012e4   0x000003d0   Code   RO          261    i.MAX262_Write      max262.o
    0x000016b4   0x000000bc   Code   RO          147    i.SentFreq          exp3_1.o
    0x00001770   0x00000040   Code   RO          148    i.Set_Freq          exp3_1.o
    0x000017b0   0x000002e4   Code   RO         1103    i.SysCtlClockFreqSet  driverlib.lib(sysctl.o)
    0x00001a94   0x00000154   Code   RO         1104    i.SysCtlClockGet    driverlib.lib(sysctl.o)
    0x00001be8   0x00000028   Code   RO         1135    i.SysCtlPeripheralEnable  driverlib.lib(sysctl.o)
    0x00001c10   0x0000002c   Code   RO         1139    i.SysCtlPeripheralReady  driverlib.lib(sysctl.o)
    0x00001c3c   0x0000000e   Code   RO         1450    i.SysTickEnable     driverlib.lib(systick.o)
    0x00001c4a   0x00000002   PAD
    0x00001c4c   0x00000020   Code   RO          149    i.SysTickInit       exp3_1.o
    0x00001c6c   0x0000000e   Code   RO         1452    i.SysTickIntEnable  driverlib.lib(systick.o)
    0x00001c7a   0x0000000a   Code   RO         1456    i.SysTickPeriodSet  driverlib.lib(systick.o)
    0x00001c84   0x00000054   Code   RO          150    i.SysTick_Handler   exp3_1.o
    0x00001cd8   0x00000020   Code   RO          352    i.SystemInit        system_tm4c129.o
    0x00001cf8   0x00000104   Code   RO            1    i.TM1638_DigiSegment  tm1638.o
    0x00001dfc   0x00000024   Code   RO            2    i.TM1638_Init       tm1638.o
    0x00001e20   0x00000098   Code   RO            3    i.TM1638_Readkeyboard  tm1638.o
    0x00001eb8   0x0000009c   Code   RO            4    i.TM1638_RefreshDIGIandLED  tm1638.o
    0x00001f54   0x00000054   Code   RO            5    i.TM1638_Serial_Input  tm1638.o
    0x00001fa8   0x00000054   Code   RO            6    i.TM1638_Serial_Output  tm1638.o
    0x00001ffc   0x00000002   Code   RO          151    i.UART0_Handler     exp3_1.o
    0x00001ffe   0x0000000c   Code   RO         1520    i.UARTCharPut       driverlib.lib(uart.o)
    0x0000200a   0x00000010   Code   RO         1521    i.UARTCharPutNonBlocking  driverlib.lib(uart.o)
    0x0000201a   0x0000006e   Code   RO         1526    i.UARTConfigSetExpClk  driverlib.lib(uart.o)
    0x00002088   0x00000078   Code   RO          152    i.UARTInit          exp3_1.o
    0x00002100   0x00000008   Code   RO         1541    i.UARTIntEnable     driverlib.lib(uart.o)
    0x00002108   0x0000001a   Code   RO          153    i.UARTStringPut     exp3_1.o
    0x00002122   0x00000030   Code   RO         1919    i.__ARM_fpclassify  m_wm.l(fpclassify.o)
    0x00002152   0x00000006   PAD
    0x00002158   0x00000c50   Code   RO         1851    i.__hardfp_pow      m_wm.l(pow.o)
    0x00002da8   0x0000007a   Code   RO         1865    i.__hardfp_sqrt     m_wm.l(sqrt.o)
    0x00002e22   0x000000f8   Code   RO         1921    i.__kernel_poly     m_wm.l(poly.o)
    0x00002f1a   0x00000006   PAD
    0x00002f20   0x00000030   Code   RO         1899    i.__mathlib_dbl_divzero  m_wm.l(dunder.o)
    0x00002f50   0x00000014   Code   RO         1901    i.__mathlib_dbl_infnan2  m_wm.l(dunder.o)
    0x00002f64   0x00000004   PAD
    0x00002f68   0x00000020   Code   RO         1902    i.__mathlib_dbl_invalid  m_wm.l(dunder.o)
    0x00002f88   0x00000020   Code   RO         1903    i.__mathlib_dbl_overflow  m_wm.l(dunder.o)
    0x00002fa8   0x00000020   Code   RO         1905    i.__mathlib_dbl_underflow  m_wm.l(dunder.o)
    0x00002fc8   0x0000000c   Code   RO          154    i.delay_sys         exp3_1.o
    0x00002fd4   0x00000010   Code   RO          155    i.delay_usec        exp3_1.o
    0x00002fe4   0x00000018   Code   RO         1915    i.fabs              m_wm.l(fabs.o)
    0x00002ffc   0x000000a0   Code   RO          156    i.main              exp3_1.o
    0x0000309c   0x0000006e   Code   RO         1867    i.sqrt              m_wm.l(sqrt.o)
    0x0000310a   0x00000018   Code   RO         1880    x$fpl$basic         fz_wm.l(basic.o)
    0x00003122   0x00000002   PAD
    0x00003124   0x00000062   Code   RO         1825    x$fpl$d2f           fz_wm.l(d2f.o)
    0x00003186   0x00000002   PAD
    0x00003188   0x00000150   Code   RO         1827    x$fpl$dadd          fz_wm.l(daddsub_clz.o)
    0x000032d8   0x00000010   Code   RO         1944    x$fpl$dcheck1       fz_wm.l(dcheck1.o)
    0x000032e8   0x00000018   Code   RO         1946    x$fpl$dcmpinf       fz_wm.l(dcmpi.o)
    0x00003300   0x000002b0   Code   RO         1834    x$fpl$ddiv          fz_wm.l(ddiv.o)
    0x000035b0   0x0000005a   Code   RO         1837    x$fpl$dfixu         fz_wm.l(dfixu.o)
    0x0000360a   0x0000002e   Code   RO         1842    x$fpl$dflt          fz_wm.l(dflt_clz.o)
    0x00003638   0x00000026   Code   RO         1841    x$fpl$dfltu         fz_wm.l(dflt_clz.o)
    0x0000365e   0x00000002   PAD
    0x00003660   0x00000078   Code   RO         1882    x$fpl$dleqf         fz_wm.l(dleqf.o)
    0x000036d8   0x00000154   Code   RO         1847    x$fpl$dmul          fz_wm.l(dmul.o)
    0x0000382c   0x0000009c   Code   RO         1884    x$fpl$dnaninf       fz_wm.l(dnaninf.o)
    0x000038c8   0x0000000c   Code   RO         1886    x$fpl$dretinf       fz_wm.l(dretinf.o)
    0x000038d4   0x0000006c   Code   RO         1888    x$fpl$drleqf        fz_wm.l(drleqf.o)
    0x00003940   0x00000016   Code   RO         1828    x$fpl$drsb          fz_wm.l(daddsub_clz.o)
    0x00003956   0x00000002   PAD
    0x00003958   0x00000198   Code   RO         1890    x$fpl$dsqrt         fz_wm.l(dsqrt_umaal.o)
    0x00003af0   0x000001d4   Code   RO         1829    x$fpl$dsub          fz_wm.l(daddsub_clz.o)
    0x00003cc4   0x00000056   Code   RO         1849    x$fpl$f2d           fz_wm.l(f2d.o)
    0x00003d1a   0x0000008c   Code   RO         1892    x$fpl$fnaninf       fz_wm.l(fnaninf.o)
    0x00003da6   0x0000000a   Code   RO         2021    x$fpl$fpinit        fz_wm.l(fpinit.o)
    0x00003db0   0x0000000a   Code   RO         1894    x$fpl$fretinf       fz_wm.l(fretinf.o)
    0x00003dba   0x00000064   Code   RO         1961    x$fpl$retnan        fz_wm.l(retnan.o)
    0x00003e1e   0x0000005c   Code   RO         1896    x$fpl$scalbn        fz_wm.l(scalbn.o)
    0x00003e7a   0x00000030   Code   RO         2010    x$fpl$trapveneer    fz_wm.l(trapv.o)
    0x00003eaa   0x00000000   Code   RO         1898    x$fpl$usenofp       fz_wm.l(usenofp.o)
    0x00003eaa   0x00000002   PAD
    0x00003eac   0x00000228   Data   RO          727    .constdata          driverlib.lib(gpio.o)
    0x000040d4   0x0000010c   Data   RO         1002    .constdata          driverlib.lib(interrupt.o)
    0x000041e0   0x00000254   Data   RO         1157    .constdata          driverlib.lib(sysctl.o)
    0x00004434   0x00000004   PAD
    0x00004438   0x00000088   Data   RO         1854    .constdata          m_wm.l(pow.o)
    0x000044c0   0x00000008   Data   RO         1923    .constdata          m_wm.l(qnan.o)
    0x000044c8   0x00000020   Data   RO         2089    Region$$Table       anon$$obj.o


    Execution Region ER_RW (Base: 0x20000000, Size: 0x00000038, Max: 0xffffffff, ABSOLUTE)

    Base Addr    Size         Type   Attr      Idx    E Section Name        Object

    0x20000000   0x00000032   Data   RW          157    .data               exp3_1.o
    0x20000032   0x00000002   PAD
    0x20000034   0x00000004   Data   RW          353    .data               system_tm4c129.o


    Execution Region ER_ZI (Base: 0x20000038, Size: 0x00000260, Max: 0xffffffff, ABSOLUTE)

    Base Addr    Size         Type   Attr      Idx    E Section Name        Object

    0x20000038   0x00000060   Zero   RW         1949    .bss                c_w.l(libspace.o)
    0x20000098   0x00000000   Zero   RW          342    HEAP                startup_tm4c129.o
    0x20000098   0x00000200   Zero   RW          341    STACK               startup_tm4c129.o


==============================================================================

Image component sizes


      Code (inc. data)   RO Data    RW Data    ZI Data      Debug   Object Name

      1444        186          0         50          0       9702   exp3_1.o
      2770        210          0          0          0       6008   max262.o
       300         22        512          0        512       6028   startup_tm4c129.o
        32         12          0          4          0        711   system_tm4c129.o
       772         80          0          0          0       8449   tm1638.o

    ----------------------------------------------------------------------
      5320        510        544         56        512      30898   Object Totals
         0          0         32          0          0          0   (incl. Generated)
         2          0          0          2          0          0   (incl. Padding)

    ----------------------------------------------------------------------

      Code (inc. data)   RO Data    RW Data    ZI Data      Debug   Library Member Name

         8          0          0          0          0         68   __main.o
         0          0          0          0          0          0   __rtentry.o
        12          0          0          0          0          0   __rtentry2.o
         6          0          0          0          0          0   __rtentry4.o
        52          8          0          0          0          0   __scatter.o
        26          0          0          0          0          0   __scatter_copy.o
        28          0          0          0          0          0   __scatter_zi.o
        22          0          0          0          0        100   _rserrno.o
        18          0          0          0          0         80   exit.o
         6          0          0          0          0        152   heapauxi.o
         0          0          0          0          0          0   indicate_semi.o
         2          0          0          0          0          0   libinit.o
         6          0          0          0          0          0   libinit2.o
         2          0          0          0          0          0   libshutdown.o
         2          0          0          0          0          0   libshutdown2.o
         8          4          0          0         96         68   libspace.o
         8          4          0          0          0         68   rt_errno_addr_intlibspace.o
        78          0          0          0          0         80   rt_memclr_w.o
         2          0          0          0          0          0   rtexit.o
        10          0          0          0          0          0   rtexit2.o
        12          4          0          0          0         68   sys_exit.o
        74          0          0          0          0         80   sys_stackheap_outer.o
         2          0          0          0          0         68   use_no_semi.o
       388          0          0          0          0       8194   adc.o
        38          0          0          0          0        572   cpu.o
       544          8        552          0          0       6202   gpio.o
       114          8        268          0          0       2042   interrupt.o
      1170         84        596          0          0       5819   sysctl.o
        38          0          0          0          0       1410   systick.o
       146          0          0          0          0       3122   uart.o
        24          0          0          0          0        164   basic.o
        98          4          0          0          0        140   d2f.o
       826         16          0          0          0        492   daddsub_clz.o
        16          4          0          0          0        116   dcheck1.o
        24          0          0          0          0        116   dcmpi.o
       688        140          0          0          0        256   ddiv.o
        90          4          0          0          0        140   dfixu.o
        84          0          0          0          0        232   dflt_clz.o
       120          4          0          0          0        140   dleqf.o
       340         12          0          0          0        152   dmul.o
       156          4          0          0          0        140   dnaninf.o
        12          0          0          0          0        116   dretinf.o
       108          0          0          0          0        128   drleqf.o
       408         56          0          0          0        168   dsqrt_umaal.o
        86          4          0          0          0        132   f2d.o
       140          4          0          0          0        132   fnaninf.o
        10          0          0          0          0        116   fpinit.o
        10          0          0          0          0        116   fretinf.o
       100          0          0          0          0        116   retnan.o
        92          0          0          0          0        116   scalbn.o
        48          0          0          0          0        116   trapv.o
         0          0          0          0          0          0   usenofp.o
       164         44          0          0          0        620   dunder.o
        24          0          0          0          0        124   fabs.o
        48          0          0          0          0        124   fpclassify.o
       248          0          0          0          0        152   poly.o
      3152        296        136          0          0        352   pow.o
         0          0          8          0          0          0   qnan.o
       232          0          0          0          0        296   sqrt.o

    ----------------------------------------------------------------------
     10212        712       1564          0         96      33205   Library Totals
        42          0          4          0          0          0   (incl. Padding)

    ----------------------------------------------------------------------

      Code (inc. data)   RO Data    RW Data    ZI Data      Debug   Library Name

       384         20          0          0         96        832   c_w.l
      2438        100       1416          0          0      27361   driverlib.lib
      3480        252          0          0          0       3344   fz_wm.l
      3868        340        144          0          0       1668   m_wm.l

    ----------------------------------------------------------------------
     10212        712       1564          0         96      33205   Library Totals

    ----------------------------------------------------------------------

==============================================================================


      Code (inc. data)   RO Data    RW Data    ZI Data      Debug   

     15532       1222       2108         56        608      55091   Grand Totals
     15532       1222       2108         56        608      55091   ELF Image Totals
     15532       1222       2108         56          0          0   ROM Totals

==============================================================================

    Total RO  Size (Code + RO Data)                17640 (  17.23kB)
    Total RW  Size (RW Data + ZI Data)               664 (   0.65kB)
    Total ROM Size (Code + RO Data + RW Data)      17696 (  17.28kB)

==============================================================================

